Component: ARM Compiler 5.06 update 4 (build 422) Tool: armlink [4d35d2]

==============================================================================

Section Cross References

    main.o(.text) refers to misc.o(.text) for NVIC_PriorityGroupConfig
    main.o(.text) refers to delay.o(.text) for delay_init
    main.o(.text) refers to bsp.o(.text) for BSP_Init
    system_stm32f4xx.o(.text) refers to system_stm32f4xx.o(.data) for SystemCoreClock
    startup_stm32f40_41xxx.o(STACK) refers (Special) to heapauxi.o(.text) for __use_two_region_memory
    startup_stm32f40_41xxx.o(HEAP) refers (Special) to heapauxi.o(.text) for __use_two_region_memory
    startup_stm32f40_41xxx.o(RESET) refers (Special) to heapauxi.o(.text) for __use_two_region_memory
    startup_stm32f40_41xxx.o(RESET) refers to startup_stm32f40_41xxx.o(STACK) for __initial_sp
    startup_stm32f40_41xxx.o(RESET) refers to startup_stm32f40_41xxx.o(.text) for Reset_Handler
    startup_stm32f40_41xxx.o(RESET) refers to stm32f4xx_it.o(.text) for NMI_Handler
    startup_stm32f40_41xxx.o(RESET) refers to tof.o(.text) for DMA1_Stream5_IRQHandler
    startup_stm32f40_41xxx.o(RESET) refers to usart.o(.text) for USART1_IRQHandler
    startup_stm32f40_41xxx.o(RESET) refers to timer.o(.text) for TIM6_DAC_IRQHandler
    startup_stm32f40_41xxx.o(RESET) refers to serial.o(.text) for DMA2_Stream5_IRQHandler
    startup_stm32f40_41xxx.o(.text) refers (Special) to heapauxi.o(.text) for __use_two_region_memory
    startup_stm32f40_41xxx.o(.text) refers to system_stm32f4xx.o(.text) for SystemInit
    startup_stm32f40_41xxx.o(.text) refers to __main.o(!!!main) for __main
    startup_stm32f40_41xxx.o(.text) refers to startup_stm32f40_41xxx.o(HEAP) for Heap_Mem
    startup_stm32f40_41xxx.o(.text) refers to startup_stm32f40_41xxx.o(STACK) for Stack_Mem
    stm32f4xx_adc.o(.text) refers to stm32f4xx_rcc.o(.text) for RCC_APB2PeriphResetCmd
    stm32f4xx_can.o(.text) refers to stm32f4xx_rcc.o(.text) for RCC_APB1PeriphResetCmd
    stm32f4xx_cryp.o(.text) refers to stm32f4xx_rcc.o(.text) for RCC_AHB2PeriphResetCmd
    stm32f4xx_cryp_aes.o(.text) refers to stm32f4xx_cryp.o(.text) for CRYP_KeyStructInit
    stm32f4xx_cryp_des.o(.text) refers to stm32f4xx_cryp.o(.text) for CRYP_KeyStructInit
    stm32f4xx_cryp_tdes.o(.text) refers to stm32f4xx_cryp.o(.text) for CRYP_KeyStructInit
    stm32f4xx_dac.o(.text) refers to stm32f4xx_rcc.o(.text) for RCC_APB1PeriphResetCmd
    stm32f4xx_dma2d.o(.text) refers to stm32f4xx_rcc.o(.text) for RCC_AHB1PeriphResetCmd
    stm32f4xx_fsmc.o(.text) refers to stm32f4xx_fsmc.o(.constdata) for FSMC_DefaultTimingStruct
    stm32f4xx_gpio.o(.text) refers to stm32f4xx_rcc.o(.text) for RCC_AHB1PeriphResetCmd
    stm32f4xx_hash.o(.text) refers to stm32f4xx_rcc.o(.text) for RCC_AHB2PeriphResetCmd
    stm32f4xx_hash_md5.o(.text) refers to stm32f4xx_hash.o(.text) for HASH_DeInit
    stm32f4xx_hash_sha1.o(.text) refers to stm32f4xx_hash.o(.text) for HASH_DeInit
    stm32f4xx_i2c.o(.text) refers to stm32f4xx_rcc.o(.text) for RCC_APB1PeriphResetCmd
    stm32f4xx_ltdc.o(.text) refers to stm32f4xx_rcc.o(.text) for RCC_APB2PeriphResetCmd
    stm32f4xx_pwr.o(.text) refers to stm32f4xx_rcc.o(.text) for RCC_APB1PeriphResetCmd
    stm32f4xx_rcc.o(.text) refers to stm32f4xx_rcc.o(.data) for APBAHBPrescTable
    stm32f4xx_rng.o(.text) refers to stm32f4xx_rcc.o(.text) for RCC_AHB2PeriphResetCmd
    stm32f4xx_sai.o(.text) refers to stm32f4xx_rcc.o(.text) for RCC_APB2PeriphResetCmd
    stm32f4xx_sdio.o(.text) refers to stm32f4xx_rcc.o(.text) for RCC_APB2PeriphResetCmd
    stm32f4xx_spi.o(.text) refers to stm32f4xx_rcc.o(.text) for RCC_APB2PeriphResetCmd
    stm32f4xx_syscfg.o(.text) refers to stm32f4xx_rcc.o(.text) for RCC_APB2PeriphResetCmd
    stm32f4xx_tim.o(.text) refers to stm32f4xx_rcc.o(.text) for RCC_APB2PeriphResetCmd
    stm32f4xx_usart.o(.text) refers to stm32f4xx_rcc.o(.text) for RCC_APB2PeriphResetCmd
    stm32f4xx_wwdg.o(.text) refers to stm32f4xx_rcc.o(.text) for RCC_APB1PeriphResetCmd
    delay.o(.text) refers to misc.o(.text) for SysTick_CLKSourceConfig
    delay.o(.text) refers to delay.o(.data) for fac_us
    usart.o(.rev16_text) refers (Special) to use_no_semi_2.o(.text) for __use_no_semihosting
    usart.o(.revsh_text) refers (Special) to use_no_semi_2.o(.text) for __use_no_semihosting
    usart.o(.text) refers (Special) to use_no_semi_2.o(.text) for __use_no_semihosting
    usart.o(.text) refers to stm32f4xx_rcc.o(.text) for RCC_AHB1PeriphClockCmd
    usart.o(.text) refers to stm32f4xx_gpio.o(.text) for GPIO_PinAFConfig
    usart.o(.text) refers to stm32f4xx_usart.o(.text) for USART_Init
    usart.o(.text) refers to misc.o(.text) for NVIC_Init
    usart.o(.text) refers to usart.o(.data) for USART_RX_STA
    usart.o(.text) refers to usart.o(.bss) for USART_RX_BUF
    usart.o(.bss) refers (Special) to use_no_semi_2.o(.text) for __use_no_semihosting
    usart.o(.data) refers (Special) to use_no_semi_2.o(.text) for __use_no_semihosting
[...]
    ..\\HAL\\fire_control.c                  0x00000000   Number         0  fire_control.o ABSOLUTE
    ..\\HAL\\keyboard.c                      0x00000000   Number         0  keyboard.o ABSOLUTE
    ..\\HAL\\oled.c                          0x00000000   Number         0  oled.o ABSOLUTE
    ..\\SYSTEM\\delay\\delay.c               0x00000000   Number         0  delay.o ABSOLUTE
    ..\\SYSTEM\\sys\\sys.c                   0x00000000   Number         0  sys.o ABSOLUTE
    ..\\SYSTEM\\usart\\usart.c               0x00000000   Number         0  usart.o ABSOLUTE
    ..\\TASK\\control_task.c                 0x00000000   Number         0  control_task.o ABSOLUTE
    dc.s                                     0x00000000   Number         0  dc.o ABSOLUTE
    main.c                                   0x00000000   Number         0  main.o ABSOLUTE
    main.c                                   0x00000000   Number         0  main.o ABSOLUTE
    stm32f4xx_it.c                           0x00000000   Number         0  stm32f4xx_it.o ABSOLUTE
    stm32f4xx_it.c                           0x00000000   Number         0  stm32f4xx_it.o ABSOLUTE
    system_stm32f4xx.c                       0x00000000   Number         0  system_stm32f4xx.o ABSOLUTE
    system_stm32f4xx.c                       0x00000000   Number         0  system_stm32f4xx.o ABSOLUTE
    RESET                                    0x08000000   Section      392  startup_stm32f40_41xxx.o(RESET)
    !!!main                                  0x08000188   Section        8  __main.o(!!!main)
    !!!scatter                               0x08000190   Section       52  __scatter.o(!!!scatter)
    !!dclz77c                                0x080001c4   Section      100  __dclz77c.o(!!dclz77c)
    !!handler_zi                             0x08000228   Section       28  __scatter_zi.o(!!handler_zi)
    .ARM.Collect$$libinit$$00000000          0x08000244   Section        2  libinit.o(.ARM.Collect$$libinit$$00000000)
    .ARM.Collect$$libinit$$00000001          0x08000246   Section        4  libinit2.o(.ARM.Collect$$libinit$$00000001)
    .ARM.Collect$$libinit$$00000004          0x0800024a   Section        0  libinit2.o(.ARM.Collect$$libinit$$00000004)
    .ARM.Collect$$libinit$$0000000A          0x0800024a   Section        0  libinit2.o(.ARM.Collect$$libinit$$0000000A)
    .ARM.Collect$$libinit$$0000000C          0x0800024a   Section        0  libinit2.o(.ARM.Collect$$libinit$$0000000C)
    .ARM.Collect$$libinit$$0000000E          0x0800024a   Section        0  libinit2.o(.ARM.Collect$$libinit$$0000000E)
    .ARM.Collect$$libinit$$00000011          0x0800024a   Section        0  libinit2.o(.ARM.Collect$$libinit$$00000011)
    .ARM.Collect$$libinit$$00000013          0x0800024a   Section        0  libinit2.o(.ARM.Collect$$libinit$$00000013)
    .ARM.Collect$$libinit$$00000015          0x0800024a   Section        0  libinit2.o(.ARM.Collect$$libinit$$00000015)
    .ARM.Collect$$libinit$$00000017          0x0800024a   Section        0  libinit2.o(.ARM.Collect$$libinit$$00000017)
    .ARM.Collect$$libinit$$00000019          0x0800024a   Section        0  libinit2.o(.ARM.Collect$$libinit$$00000019)
    .ARM.Collect$$libinit$$0000001B          0x0800024a   Section        0  libinit2.o(.ARM.Collect$$libinit$$0000001B)
    .ARM.Collect$$libinit$$0000001D          0x0800024a   Section        0  libinit2.o(.ARM.Collect$$libinit$$0000001D)
    .ARM.Collect$$libinit$$0000001F          0x0800024a   Section        0  libinit2.o(.ARM.Collect$$libinit$$0000001F)
    .ARM.Collect$$libinit$$00000021          0x0800024a   Section        0  libinit2.o(.ARM.Collect$$libinit$$00000021)
    .ARM.Collect$$libinit$$00000023          0x0800024a   Section        0  libinit2.o(.ARM.Collect$$libinit$$00000023)
    .ARM.Collect$$libinit$$00000025          0x0800024a   Section        0  libinit2.o(.ARM.Collect$$libinit$$00000025)
    .ARM.Collect$$libinit$$0000002C          0x0800024a   Section        0  libinit2.o(.ARM.Collect$$libinit$$0000002C)
    .ARM.Collect$$libinit$$0000002E          0x0800024a   Section        0  libinit2.o(.ARM.Collect$$libinit$$0000002E)
    .ARM.Collect$$libinit$$00000030          0x0800024a   Section        0  libinit2.o(.ARM.Collect$$libinit$$00000030)
    .ARM.Collect$$libinit$$00000032          0x0800024a   Section        0  libinit2.o(.ARM.Collect$$libinit$$00000032)
    .ARM.Collect$$libinit$$00000033          0x0800024a   Section        2  libinit2.o(.ARM.Collect$$libinit$$00000033)
    .ARM.Collect$$libshutdown$$00000000      0x0800024c   Section        2  libshutdown.o(.ARM.Collect$$libshutdown$$00000000)
    .ARM.Collect$$libshutdown$$00000002      0x0800024e   Section        0  libshutdown2.o(.ARM.Collect$$libshutdown$$00000002)
    .ARM.Collect$$libshutdown$$00000004      0x0800024e   Section        0  libshutdown2.o(.ARM.Collect$$libshutdown$$00000004)
    .ARM.Collect$$libshutdown$$00000007      0x0800024e   Section        0  libshutdown2.o(.ARM.Collect$$libshutdown$$00000007)
    .ARM.Collect$$libshutdown$$0000000A      0x0800024e   Section        0  libshutdown2.o(.ARM.Collect$$libshutdown$$0000000A)
    .ARM.Collect$$libshutdown$$0000000C      0x0800024e   Section        0  libshutdown2.o(.ARM.Collect$$libshutdown$$0000000C)
    .ARM.Collect$$libshutdown$$0000000F      0x0800024e   Section        0  libshutdown2.o(.ARM.Collect$$libshutdown$$0000000F)
    .ARM.Collect$$libshutdown$$00000010      0x0800024e   Section        2  libshutdown2.o(.ARM.Collect$$libshutdown$$00000010)
    .ARM.Collect$$rtentry$$00000000          0x08000250   Section        0  __rtentry.o(.ARM.Collect$$rtentry$$00000000)
    .ARM.Collect$$rtentry$$00000002          0x08000250   Section        0  __rtentry2.o(.ARM.Collect$$rtentry$$00000002)
    .ARM.Collect$$rtentry$$00000004          0x08000250   Section        6  __rtentry4.o(.ARM.Collect$$rtentry$$00000004)
    .ARM.Collect$$rtentry$$00000009          0x08000256   Section        0  __rtentry2.o(.ARM.Collect$$rtentry$$00000009)
    .ARM.Collect$$rtentry$$0000000A          0x08000256   Section        4  __rtentry2.o(.ARM.Collect$$rtentry$$0000000A)
    .ARM.Collect$$rtentry$$0000000C          0x0800025a   Section        0  __rtentry2.o(.ARM.Collect$$rtentry$$0000000C)
    .ARM.Collect$$rtentry$$0000000D          0x0800025a   Section        8  __rtentry2.o(.ARM.Collect$$rtentry$$0000000D)
    .ARM.Collect$$rtexit$$00000000           0x08000262   Section        2  rtexit.o(.ARM.Collect$$rtexit$$00000000)
    .ARM.Collect$$rtexit$$00000002           0x08000264   Section        0  rtexit2.o(.ARM.Collect$$rtexit$$00000002)
    .ARM.Collect$$rtexit$$00000003           0x08000264   Section        4  rtexit2.o(.ARM.Collect$$rtexit$$00000003)
    .ARM.Collect$$rtexit$$00000004           0x08000268   Section        6  rtexit2.o(.ARM.Collect$$rtexit$$00000004)
    .text                                    0x0800026e   Section        0  main.o(.text)
    .text                                    0x08000284   Section        0  stm32f4xx_it.o(.text)
    .text                                    0x080002a0   Section        0  system_stm32f4xx.o(.text)
    SetSysClock                              0x080002a1   Thumb Code   220  system_stm32f4xx.o(.text)
    .text                                    0x080004b0   Section       64  startup_stm32f40_41xxx.o(.text)
    $v0                                      0x080004b0   Number         0  startup_stm32f40_41xxx.o(.text)
    .text                                    0x080004f0   Section        0  misc.o(.text)
    .text                                    0x080005d0   Section        0  stm32f4xx_adc.o(.text)
    .text                                    0x08000a34   Section        0  stm32f4xx_dma.o(.text)
    .text                                    0x08000ddc   Section        0  stm32f4xx_gpio.o(.text)
    .text                                    0x08001070   Section        0  stm32f4xx_rcc.o(.text)
    .text                                    0x080016cc   Section        0  stm32f4xx_tim.o(.text)
    TI4_Config                               0x08001e6b   Thumb Code    80  stm32f4xx_tim.o(.text)
    TI3_Config                               0x08001ecd   Thumb Code    72  stm32f4xx_tim.o(.text)
    TI2_Config                               0x08001f2f   Thumb Code    90  stm32f4xx_tim.o(.text)
    TI1_Config                               0x08001f9b   Thumb Code    58  stm32f4xx_tim.o(.text)
    .text                                    0x08002370   Section        0  stm32f4xx_usart.o(.text)
    .text                                    0x080027c4   Section        0  delay.o(.text)
    .text                                    0x080028c8   Section        0  usart.o(.text)
    .text                                    0x08002a10   Section        0  bsp.o(.text)
    .text                                    0x08002a58   Section        0  timer.o(.text)
    .text                                    0x08002be0   Section        0  rm_pid.o(.text)
    pid_reset                                0x08002be1   Thumb Code    34  rm_pid.o(.text)
    pid_init                                 0x08002c03   Thumb Code   112  rm_pid.o(.text)
    .text                                    0x08003048   Section        0  io_init.o(.text)
    .text                                    0x080030d8   Section        0  serial.o(.text)
    .text                                    0x080034c8   Section        0  adc.o(.text)
    Rheostat_ADC_GPIO_Config                 0x080034c9   Thumb Code    36  adc.o(.text)
    Rheostat_ADC_Mode_Config                 0x080034ed   Thumb Code   212  adc.o(.text)
    .text                                    0x080035dc   Section        0  cloudmotor.o(.text)
    .text                                    0x080037ac   Section        0  keyboard.o(.text)
    .text                                    0x08003c20   Section        0  oled.o(.text)
    .text                                    0x0800416c   Section        0  fire_control.o(.text)
    .text                                    0x080041a4   Section        0  tof.o(.text)
    .text                                    0x080043b8   Section        0  control_task.o(.text)
    .text                                    0x08004b70   Section        2  use_no_semi_2.o(.text)
    .text                                    0x08004b72   Section      238  lludivv7m.o(.text)
    .text                                    0x08004c60   Section        0  heapauxi.o(.text)
    .text                                    0x08004c66   Section        2  use_no_semi.o(.text)
    .text                                    0x08004c68   Section       74  sys_stackheap_outer.o(.text)
    .text                                    0x08004cb2   Section        0  exit.o(.text)
    .text                                    0x08004cc4   Section        8  libspace.o(.text)
    i.__hardfp_fabs                          0x08004ccc   Section        0  fabs.o(i.__hardfp_fabs)
    x$fpl$d2f                                0x08004ce0   Section       98  d2f.o(x$fpl$d2f)
    $v0                                      0x08004ce0   Number         0  d2f.o(x$fpl$d2f)
    x$fpl$dadd                               0x08004d44   Section      336  daddsub_clz.o(x$fpl$dadd)
    $v0                                      0x08004d44   Number         0  daddsub_clz.o(x$fpl$dadd)
    _dadd1                                   0x08004d55   Thumb Code     0  daddsub_clz.o(x$fpl$dadd)
    x$fpl$dcmpinf                            0x08004e94   Section       24  dcmpi.o(x$fpl$dcmpinf)
    $v0                                      0x08004e94   Number         0  dcmpi.o(x$fpl$dcmpinf)
    x$fpl$dflt                               0x08004eac   Section       46  dflt_clz.o(x$fpl$dflt)
    $v0                                      0x08004eac   Number         0  dflt_clz.o(x$fpl$dflt)
    x$fpl$dleqf                              0x08004edc   Section      120  dleqf.o(x$fpl$dleqf)
    $v0                                      0x08004edc   Number         0  dleqf.o(x$fpl$dleqf)
    x$fpl$dmul                               0x08004f54   Section      340  dmul.o(x$fpl$dmul)
    $v0                                      0x08004f54   Number         0  dmul.o(x$fpl$dmul)
    x$fpl$dnaninf                            0x080050a8   Section      156  dnaninf.o(x$fpl$dnaninf)
    $v0                                      0x080050a8   Number         0  dnaninf.o(x$fpl$dnaninf)
    x$fpl$dretinf                            0x08005144   Section       12  dretinf.o(x$fpl$dretinf)
    $v0                                      0x08005144   Number         0  dretinf.o(x$fpl$dretinf)
    x$fpl$drleqf                             0x08005150   Section      108  drleqf.o(x$fpl$drleqf)
    $v0                                      0x08005150   Number         0  drleqf.o(x$fpl$drleqf)
    x$fpl$dsub                               0x080051bc   Section      468  daddsub_clz.o(x$fpl$dsub)
    $v0                                      0x080051bc   Number         0  daddsub_clz.o(x$fpl$dsub)
    _dsub1                                   0x080051cd   Thumb Code     0  daddsub_clz.o(x$fpl$dsub)
    x$fpl$f2d                                0x08005390   Section       86  f2d.o(x$fpl$f2d)
    $v0                                      0x08005390   Number         0  f2d.o(x$fpl$f2d)
    x$fpl$fnaninf                            0x080053e6   Section      140  fnaninf.o(x$fpl$fnaninf)
    $v0                                      0x080053e6   Number         0  fnaninf.o(x$fpl$fnaninf)
    x$fpl$fpinit                             0x08005472   Section       10  fpinit.o(x$fpl$fpinit)
    $v0                                      0x08005472   Number         0  fpinit.o(x$fpl$fpinit)
    x$fpl$fretinf                            0x0800547c   Section       10  fretinf.o(x$fpl$fretinf)
    $v0                                      0x0800547c   Number         0  fretinf.o(x$fpl$fretinf)
    .constdata                               0x08005486   Section     2072  oled.o(.constdata)
    x$fpl$usenofp                            0x08005486   Section        0  usenofp.o(x$fpl$usenofp)
    .data                                    0x20000000   Section       20  system_stm32f4xx.o(.data)
    .data                                    0x20000014   Section       16  stm32f4xx_rcc.o(.data)
    APBAHBPrescTable                         0x20000014   Data          16  stm32f4xx_rcc.o(.data)
    .data                                    0x20000024   Section        4  delay.o(.data)
    fac_us                                   0x20000024   Data           1  delay.o(.data)
    fac_ms                                   0x20000026   Data           2  delay.o(.data)
    .data                                    0x20000028   Section        6  usart.o(.data)
    .data                                    0x20000030   Section       44  serial.o(.data)
    counts_i                                 0x20000058   Data           4  serial.o(.data)
    .data                                    0x2000005c   Section        8  adc.o(.data)
    .data                                    0x20000068   Section        8  cloudmotor.o(.data)
    .data                                    0x20000070   Section        8  keyboard.o(.data)
    .data                                    0x20000078   Section     1856  oled.o(.data)
    .data                                    0x200007b8   Section       12  tof.o(.data)
    .data                                    0x200007c8   Section       70  control_task.o(.data)
    .bss                                     0x20000810   Section      200  usart.o(.bss)
    .bss                                     0x200008d8   Section      152  rm_pid.o(.bss)
    .bss                                     0x20000970   Section       44  serial.o(.bss)
    .bss                                     0x2000099c   Section       16  cloudmotor.o(.bss)
    .bss                                     0x200009ac   Section       32  tof.o(.bss)
    .bss                                     0x200009cc   Section       96  libspace.o(.bss)
    HEAP                                     0x20000a30   Section      512  startup_stm32f40_41xxx.o(HEAP)
    Heap_Mem                                 0x20000a30   Data         512  startup_stm32f40_41xxx.o(HEAP)
    STACK                                    0x20000c30   Section     1024  startup_stm32f40_41xxx.o(STACK)
    Stack_Mem                                0x20000c30   Data        1024  startup_stm32f40_41xxx.o(STACK)
    __initial_sp                             0x20001030   Data           0  startup_stm32f40_41xxx.o(STACK)

    Global Symbols

    Symbol Name                              Value     Ov Type        Size  Object(Section)

    BuildAttributes$$THM_ISAv4$E$P$D$K$B$S$7EM$VFPi3$EXTD16$VFPS$VFMA$PE$A:L22UL41UL21$X:L11$S22US41US21$IEEE1$IW$USESV6$~STKCKD$USESV7$~SHL$OTIME$ROPI$IEEEJ$EBA8$UX$STANDARDLIB$REQ8$PRES8$EABIv2 0x00000000   Number         0  anon$$obj.o ABSOLUTE
    __ARM_use_no_argv                        0x00000000   Number         0  main.o ABSOLUTE
    __ARM_exceptions_init                     - Undefined Weak Reference
    __alloca_initialize                       - Undefined Weak Reference
    __arm_preinit_                            - Undefined Weak Reference
    __cpp_initialize__aeabi_                  - Undefined Weak Reference
    __cxa_finalize                            - Undefined Weak Reference
    __rt_locale                               - Undefined Weak Reference
    __sigvec_lookup                           - Undefined Weak Reference
    _atexit_init                              - Undefined Weak Reference
    _call_atexit_fns                          - Undefined Weak Reference
    _clock_init                               - Undefined Weak Reference
    _fp_trap_init                             - Undefined Weak Reference
    _fp_trap_shutdown                         - Undefined Weak Reference
    _get_lc_collate                           - Undefined Weak Reference
    _get_lc_ctype                             - Undefined Weak Reference
    _get_lc_monetary                          - Undefined Weak Reference
    _get_lc_numeric                           - Undefined Weak Reference
    _get_lc_time                              - Undefined Weak Reference
    _getenv_init                              - Undefined Weak Reference
    _handle_redirection                       - Undefined Weak Reference
    _init_alloc                               - Undefined Weak Reference
    _init_user_alloc                          - Undefined Weak Reference
    _initio                                   - Undefined Weak Reference
    _rand_init                                - Undefined Weak Reference
    _signal_finish                            - Undefined Weak Reference
    _signal_init                              - Undefined Weak Reference
    _terminate_alloc                          - Undefined Weak Reference
    _terminate_user_alloc                     - Undefined Weak Reference
    _terminateio                              - Undefined Weak Reference
    __Vectors_Size                           0x00000188   Number         0  startup_stm32f40_41xxx.o ABSOLUTE
    __Vectors                                0x08000000   Data           4  startup_stm32f40_41xxx.o(RESET)
    __Vectors_End                            0x08000188   Data           0  startup_stm32f40_41xxx.o(RESET)
    __main                                   0x08000189   Thumb Code     8  __main.o(!!!main)
    __scatterload                            0x08000191   Thumb Code     0  __scatter.o(!!!scatter)
    __scatterload_rt2                        0x08000191   Thumb Code    44  __scatter.o(!!!scatter)
    __scatterload_rt2_thumb_only             0x08000191   Thumb Code     0  __scatter.o(!!!scatter)
    __scatterload_null                       0x0800019f   Thumb Code     0  __scatter.o(!!!scatter)
    __decompress                             0x080001c5   Thumb Code   100  __dclz77c.o(!!dclz77c)
    __decompress2                            0x080001c5   Thumb Code     0  __dclz77c.o(!!dclz77c)
    __scatterload_zeroinit                   0x08000229   Thumb Code    28  __scatter_zi.o(!!handler_zi)
    __rt_lib_init                            0x08000245   Thumb Code     0  libinit.o(.ARM.Collect$$libinit$$00000000)
    __rt_lib_init_fp_1                       0x08000247   Thumb Code     0  libinit2.o(.ARM.Collect$$libinit$$00000001)
    __rt_lib_init_alloca_1                   0x0800024b   Thumb Code     0  libinit2.o(.ARM.Collect$$libinit$$0000002E)
    __rt_lib_init_argv_1                     0x0800024b   Thumb Code     0  libinit2.o(.ARM.Collect$$libinit$$0000002C)
    __rt_lib_init_atexit_1                   0x0800024b   Thumb Code     0  libinit2.o(.ARM.Collect$$libinit$$0000001B)
    __rt_lib_init_clock_1                    0x0800024b   Thumb Code     0  libinit2.o(.ARM.Collect$$libinit$$00000021)
    __rt_lib_init_cpp_1                      0x0800024b   Thumb Code     0  libinit2.o(.ARM.Collect$$libinit$$00000032)
    __rt_lib_init_exceptions_1               0x0800024b   Thumb Code     0  libinit2.o(.ARM.Collect$$libinit$$00000030)
    __rt_lib_init_fp_trap_1                  0x0800024b   Thumb Code     0  libinit2.o(.ARM.Collect$$libinit$$0000001F)
    __rt_lib_init_getenv_1                   0x0800024b   Thumb Code     0  libinit2.o(.ARM.Collect$$libinit$$00000023)
    __rt_lib_init_heap_1                     0x0800024b   Thumb Code     0  libinit2.o(.ARM.Collect$$libinit$$0000000A)
    __rt_lib_init_lc_collate_1               0x0800024b   Thumb Code     0  libinit2.o(.ARM.Collect$$libinit$$00000011)
    __rt_lib_init_lc_ctype_1                 0x0800024b   Thumb Code     0  libinit2.o(.ARM.Collect$$libinit$$00000013)
    __rt_lib_init_lc_monetary_1              0x0800024b   Thumb Code     0  libinit2.o(.ARM.Collect$$libinit$$00000015)
    __rt_lib_init_lc_numeric_1               0x0800024b   Thumb Code     0  libinit2.o(.ARM.Collect$$libinit$$00000017)
    __rt_lib_init_lc_time_1                  0x0800024b   Thumb Code     0  libinit2.o(.ARM.Collect$$libinit$$00000019)
    __rt_lib_init_preinit_1                  0x0800024b   Thumb Code     0  libinit2.o(.ARM.Collect$$libinit$$00000004)
    __rt_lib_init_rand_1                     0x0800024b   Thumb Code     0  libinit2.o(.ARM.Collect$$libinit$$0000000E)
    __rt_lib_init_return                     0x0800024b   Thumb Code     0  libinit2.o(.ARM.Collect$$libinit$$00000033)
    __rt_lib_init_signal_1                   0x0800024b   Thumb Code     0  libinit2.o(.ARM.Collect$$libinit$$0000001D)
    __rt_lib_init_stdio_1                    0x0800024b   Thumb Code     0  libinit2.o(.ARM.Collect$$libinit$$00000025)
    __rt_lib_init_user_alloc_1               0x0800024b   Thumb Code     0  libinit2.o(.ARM.Collect$$libinit$$0000000C)
    __rt_lib_shutdown                        0x0800024d   Thumb Code     0  libshutdown.o(.ARM.Collect$$libshutdown$$00000000)
    __rt_lib_shutdown_cpp_1                  0x0800024f   Thumb Code     0  libshutdown2.o(.ARM.Collect$$libshutdown$$00000002)
    __rt_lib_shutdown_fp_trap_1              0x0800024f   Thumb Code     0  libshutdown2.o(.ARM.Collect$$libshutdown$$00000007)
    __rt_lib_shutdown_heap_1                 0x0800024f   Thumb Code     0  libshutdown2.o(.ARM.Collect$$libshutdown$$0000000F)
    __rt_lib_shutdown_return                 0x0800024f   Thumb Code     0  libshutdown2.o(.ARM.Collect$$libshutdown$$00000010)
    __rt_lib_shutdown_signal_1               0x0800024f   Thumb Code     0  libshutdown2.o(.ARM.Collect$$libshutdown$$0000000A)
    __rt_lib_shutdown_stdio_1                0x0800024f   Thumb Code     0  libshutdown2.o(.ARM.Collect$$libshutdown$$00000004)
    __rt_lib_shutdown_user_alloc_1           0x0800024f   Thumb Code     0  libshutdown2.o(.ARM.Collect$$libshutdown$$0000000C)
    __rt_entry                               0x08000251   Thumb Code     0  __rtentry.o(.ARM.Collect$$rtentry$$00000000)
    __rt_entry_presh_1                       0x08000251   Thumb Code     0  __rtentry2.o(.ARM.Collect$$rtentry$$00000002)
    __rt_entry_sh                            0x08000251   Thumb Code     0  __rtentry4.o(.ARM.Collect$$rtentry$$00000004)
    __rt_entry_li                            0x08000257   Thumb Code     0  __rtentry2.o(.ARM.Collect$$rtentry$$0000000A)
    __rt_entry_postsh_1                      0x08000257   Thumb Code     0  __rtentry2.o(.ARM.Collect$$rtentry$$00000009)
    __rt_entry_main                          0x0800025b   Thumb Code     0  __rtentry2.o(.ARM.Collect$$rtentry$$0000000D)
    __rt_entry_postli_1                      0x0800025b   Thumb Code     0  __rtentry2.o(.ARM.Collect$$rtentry$$0000000C)
    __rt_exit                                0x08000263   Thumb Code     0  rtexit.o(.ARM.Collect$$rtexit$$00000000)
    __rt_exit_ls                             0x08000265   Thumb Code     0  rtexit2.o(.ARM.Collect$$rtexit$$00000003)
    __rt_exit_prels_1                        0x08000265   Thumb Code     0  rtexit2.o(.ARM.Collect$$rtexit$$00000002)
    __rt_exit_exit                           0x08000269   Thumb Code     0  rtexit2.o(.ARM.Collect$$rtexit$$00000004)
    main                                     0x0800026f   Thumb Code    22  main.o(.text)
    NMI_Handler                              0x08000285   Thumb Code     2  stm32f4xx_it.o(.text)
    HardFault_Handler                        0x08000287   Thumb Code     4  stm32f4xx_it.o(.text)
    MemManage_Handler                        0x0800028b   Thumb Code     4  stm32f4xx_it.o(.text)
    BusFault_Handler                         0x0800028f   Thumb Code     4  stm32f4xx_it.o(.text)
    UsageFault_Handler                       0x08000293   Thumb Code     4  stm32f4xx_it.o(.text)
    SVC_Handler                              0x08000297   Thumb Code     2  stm32f4xx_it.o(.text)
    DebugMon_Handler                         0x08000299   Thumb Code     2  stm32f4xx_it.o(.text)
    PendSV_Handler                           0x0800029b   Thumb Code     2  stm32f4xx_it.o(.text)
    SysTick_Handler                          0x0800029d   Thumb Code     2  stm32f4xx_it.o(.text)
    SystemInit                               0x0800037d   Thumb Code    88  system_stm32f4xx.o(.text)
    SystemCoreClockUpdate                    0x080003d5   Thumb Code   174  system_stm32f4xx.o(.text)
    Reset_Handler                            0x080004b1   Thumb Code     8  startup_stm32f40_41xxx.o(.text)
    ADC_IRQHandler                           0x080004cb   Thumb Code     0  startup_stm32f40_41xxx.o(.text)
    CAN1_RX0_IRQHandler                      0x080004cb   Thumb Code     0  startup_stm32f40_41xxx.o(.text)
    CAN1_RX1_IRQHandler                      0x080004cb   Thumb Code     0  startup_stm32f40_41xxx.o(.text)
    CAN1_SCE_IRQHandler                      0x080004cb   Thumb Code     0  startup_stm32f40_41xxx.o(.text)
    CAN1_TX_IRQHandler                       0x080004cb   Thumb Code     0  startup_stm32f40_41xxx.o(.text)
    CAN2_RX0_IRQHandler                      0x080004cb   Thumb Code     0  startup_stm32f40_41xxx.o(.text)
    CAN2_RX1_IRQHandler                      0x080004cb   Thumb Code     0  startup_stm32f40_41xxx.o(.text)
    CAN2_SCE_IRQHandler                      0x080004cb   Thumb Code     0  startup_stm32f40_41xxx.o(.text)
    CAN2_TX_IRQHandler                       0x080004cb   Thumb Code     0  startup_stm32f40_41xxx.o(.text)
    CRYP_IRQHandler                          0x080004cb   Thumb Code     0  startup_stm32f40_41xxx.o(.text)
    DCMI_IRQHandler                          0x080004cb   Thumb Code     0  startup_stm32f40_41xxx.o(.text)
    DMA1_Stream0_IRQHandler                  0x080004cb   Thumb Code     0  startup_stm32f40_41xxx.o(.text)
    DMA1_Stream1_IRQHandler                  0x080004cb   Thumb Code     0  startup_stm32f40_41xxx.o(.text)
    DMA1_Stream2_IRQHandler                  0x080004cb   Thumb Code     0  startup_stm32f40_41xxx.o(.text)
    DMA1_Stream3_IRQHandler                  0x080004cb   Thumb Code     0  startup_stm32f40_41xxx.o(.text)
    DMA1_Stream4_IRQHandler                  0x080004cb   Thumb Code     0  startup_stm32f40_41xxx.o(.text)
    DMA1_Stream6_IRQHandler                  0x080004cb   Thumb Code     0  startup_stm32f40_41xxx.o(.text)
    DMA1_Stream7_IRQHandler                  0x080004cb   Thumb Code     0  startup_stm32f40_41xxx.o(.text)
    DMA2_Stream0_IRQHandler                  0x080004cb   Thumb Code     0  startup_stm32f40_41xxx.o(.text)
    DMA2_Stream1_IRQHandler                  0x080004cb   Thumb Code     0  startup_stm32f40_41xxx.o(.text)
    DMA2_Stream2_IRQHandler                  0x080004cb   Thumb Code     0  startup_stm32f40_41xxx.o(.text)
    DMA2_Stream3_IRQHandler                  0x080004cb   Thumb Code     0  startup_stm32f40_41xxx.o(.text)
    DMA2_Stream4_IRQHandler                  0x080004cb   Thumb Code     0  startup_stm32f40_41xxx.o(.text)
    DMA2_Stream6_IRQHandler                  0x080004cb   Thumb Code     0  startup_stm32f40_41xxx.o(.text)
    DMA2_Stream7_IRQHandler                  0x080004cb   Thumb Code     0  startup_stm32f40_41xxx.o(.text)
    ETH_IRQHandler                           0x080004cb   Thumb Code     0  startup_stm32f40_41xxx.o(.text)
    ETH_WKUP_IRQHandler                      0x080004cb   Thumb Code     0  startup_stm32f40_41xxx.o(.text)
    EXTI0_IRQHandler                         0x080004cb   Thumb Code     0  startup_stm32f40_41xxx.o(.text)
    EXTI15_10_IRQHandler                     0x080004cb   Thumb Code     0  startup_stm32f40_41xxx.o(.text)
    EXTI1_IRQHandler                         0x080004cb   Thumb Code     0  startup_stm32f40_41xxx.o(.text)
    EXTI2_IRQHandler                         0x080004cb   Thumb Code     0  startup_stm32f40_41xxx.o(.text)
    EXTI3_IRQHandler                         0x080004cb   Thumb Code     0  startup_stm32f40_41xxx.o(.text)
    EXTI4_IRQHandler                         0x080004cb   Thumb Code     0  startup_stm32f40_41xxx.o(.text)
    EXTI9_5_IRQHandler                       0x080004cb   Thumb Code     0  startup_stm32f40_41xxx.o(.text)
    FLASH_IRQHandler                         0x080004cb   Thumb Code     0  startup_stm32f40_41xxx.o(.text)
    FPU_IRQHandler                           0x080004cb   Thumb Code     0  startup_stm32f40_41xxx.o(.text)
    FSMC_IRQHandler                          0x080004cb   Thumb Code     0  startup_stm32f40_41xxx.o(.text)
    HASH_RNG_IRQHandler                      0x080004cb   Thumb Code     0  startup_stm32f40_41xxx.o(.text)
    I2C1_ER_IRQHandler                       0x080004cb   Thumb Code     0  startup_stm32f40_41xxx.o(.text)
    I2C1_EV_IRQHandler                       0x080004cb   Thumb Code     0  startup_stm32f40_41xxx.o(.text)
    I2C2_ER_IRQHandler                       0x080004cb   Thumb Code     0  startup_stm32f40_41xxx.o(.text)
    I2C2_EV_IRQHandler                       0x080004cb   Thumb Code     0  startup_stm32f40_41xxx.o(.text)
    I2C3_ER_IRQHandler                       0x080004cb   Thumb Code     0  startup_stm32f40_41xxx.o(.text)
    I2C3_EV_IRQHandler                       0x080004cb   Thumb Code     0  startup_stm32f40_41xxx.o(.text)
    OTG_FS_IRQHandler                        0x080004cb   Thumb Code     0  startup_stm32f40_41xxx.o(.text)
    OTG_FS_WKUP_IRQHandler                   0x080004cb   Thumb Code     0  startup_stm32f40_41xxx.o(.text)
    OTG_HS_EP1_IN_IRQHandler                 0x080004cb   Thumb Code     0  startup_stm32f40_41xxx.o(.text)
    OTG_HS_EP1_OUT_IRQHandler                0x080004cb   Thumb Code     0  startup_stm32f40_41xxx.o(.text)
    OTG_HS_IRQHandler                        0x080004cb   Thumb Code     0  startup_stm32f40_41xxx.o(.text)
    OTG_HS_WKUP_IRQHandler                   0x080004cb   Thumb Code     0  startup_stm32f40_41xxx.o(.text)
    PVD_IRQHandler                           0x080004cb   Thumb Code     0  startup_stm32f40_41xxx.o(.text)
    RCC_IRQHandler                           0x080004cb   Thumb Code     0  startup_stm32f40_41xxx.o(.text)
    RTC_Alarm_IRQHandler                     0x080004cb   Thumb Code     0  startup_stm32f40_41xxx.o(.text)
    RTC_WKUP_IRQHandler                      0x080004cb   Thumb Code     0  startup_stm32f40_41xxx.o(.text)
    SDIO_IRQHandler                          0x080004cb   Thumb Code     0  startup_stm32f40_41xxx.o(.text)
    SPI1_IRQHandler                          0x080004cb   Thumb Code     0  startup_stm32f40_41xxx.o(.text)
    SPI2_IRQHandler                          0x080004cb   Thumb Code     0  startup_stm32f40_41xxx.o(.text)
    SPI3_IRQHandler                          0x080004cb   Thumb Code     0  startup_stm32f40_41xxx.o(.text)
    TAMP_STAMP_IRQHandler                    0x080004cb   Thumb Code     0  startup_stm32f40_41xxx.o(.text)
    TIM1_BRK_TIM9_IRQHandler                 0x080004cb   Thumb Code     0  startup_stm32f40_41xxx.o(.text)
    TIM1_CC_IRQHandler                       0x080004cb   Thumb Code     0  startup_stm32f40_41xxx.o(.text)
    TIM1_TRG_COM_TIM11_IRQHandler            0x080004cb   Thumb Code     0  startup_stm32f40_41xxx.o(.text)
    TIM1_UP_TIM10_IRQHandler                 0x080004cb   Thumb Code     0  startup_stm32f40_41xxx.o(.text)
    TIM2_IRQHandler                          0x080004cb   Thumb Code     0  startup_stm32f40_41xxx.o(.text)
    TIM3_IRQHandler                          0x080004cb   Thumb Code     0  startup_stm32f40_41xxx.o(.text)
    TIM4_IRQHandler                          0x080004cb   Thumb Code     0  startup_stm32f40_41xxx.o(.text)
    TIM5_IRQHandler                          0x080004cb   Thumb Code     0  startup_stm32f40_41xxx.o(.text)
    TIM7_IRQHandler                          0x080004cb   Thumb Code     0  startup_stm32f40_41xxx.o(.text)
    TIM8_BRK_TIM12_IRQHandler                0x080004cb   Thumb Code     0  startup_stm32f40_41xxx.o(.text)
    TIM8_CC_IRQHandler                       0x080004cb   Thumb Code     0  startup_stm32f40_41xxx.o(.text)
    TIM8_TRG_COM_TIM14_IRQHandler            0x080004cb   Thumb Code     0  startup_stm32f40_41xxx.o(.text)
    TIM8_UP_TIM13_IRQHandler                 0x080004cb   Thumb Code     0  startup_stm32f40_41xxx.o(.text)
    UART4_IRQHandler                         0x080004cb   Thumb Code     0  startup_stm32f40_41xxx.o(.text)
    UART5_IRQHandler                         0x080004cb   Thumb Code     0  startup_stm32f40_41xxx.o(.text)
    USART2_IRQHandler                        0x080004cb   Thumb Code     0  startup_stm32f40_41xxx.o(.text)
    USART3_IRQHandler                        0x080004cb   Thumb Code     0  startup_stm32f40_41xxx.o(.text)
    USART6_IRQHandler                        0x080004cb   Thumb Code     0  startup_stm32f40_41xxx.o(.text)
    WWDG_IRQHandler                          0x080004cb   Thumb Code     0  startup_stm32f40_41xxx.o(.text)
    __user_initial_stackheap                 0x080004cd   Thumb Code     0  startup_stm32f40_41xxx.o(.text)
    NVIC_PriorityGroupConfig                 0x080004f1   Thumb Code    10  misc.o(.text)
    NVIC_Init                                0x080004fb   Thumb Code   106  misc.o(.text)
    NVIC_SetVectorTable                      0x08000565   Thumb Code    14  misc.o(.text)
    NVIC_SystemLPConfig                      0x08000573   Thumb Code    34  misc.o(.text)
    SysTick_CLKSourceConfig                  0x08000595   Thumb Code    40  misc.o(.text)
    ADC_DeInit                               0x080005d1   Thumb Code    22  stm32f4xx_adc.o(.text)
    ADC_Init                                 0x080005e7   Thumb Code    74  stm32f4xx_adc.o(.text)
    ADC_StructInit                           0x08000631   Thumb Code    20  stm32f4xx_adc.o(.text)
    ADC_CommonInit                           0x08000645   Thumb Code    34  stm32f4xx_adc.o(.text)
    ADC_CommonStructInit                     0x08000667   Thumb Code    12  stm32f4xx_adc.o(.text)
    ADC_Cmd                                  0x08000673   Thumb Code    22  stm32f4xx_adc.o(.text)
    ADC_AnalogWatchdogCmd                    0x08000689   Thumb Code    16  stm32f4xx_adc.o(.text)
    ADC_AnalogWatchdogThresholdsConfig       0x08000699   Thumb Code     6  stm32f4xx_adc.o(.text)
    ADC_AnalogWatchdogSingleChannelConfig    0x0800069f   Thumb Code    16  stm32f4xx_adc.o(.text)
    ADC_TempSensorVrefintCmd                 0x080006af   Thumb Code    34  stm32f4xx_adc.o(.text)
    ADC_VBATCmd                              0x080006d1   Thumb Code    34  stm32f4xx_adc.o(.text)
    ADC_RegularChannelConfig                 0x080006f3   Thumb Code   184  stm32f4xx_adc.o(.text)
    ADC_SoftwareStartConv                    0x080007ab   Thumb Code    10  stm32f4xx_adc.o(.text)
    ADC_GetSoftwareStartConvStatus           0x080007b5   Thumb Code    20  stm32f4xx_adc.o(.text)
    ADC_EOCOnEachRegularChannelCmd           0x080007c9   Thumb Code    22  stm32f4xx_adc.o(.text)
    ADC_ContinuousModeCmd                    0x080007df   Thumb Code    22  stm32f4xx_adc.o(.text)
    ADC_DiscModeChannelCountConfig           0x080007f5   Thumb Code    24  stm32f4xx_adc.o(.text)
    ADC_DiscModeCmd                          0x0800080d   Thumb Code    22  stm32f4xx_adc.o(.text)
    ADC_GetConversionValue                   0x08000823   Thumb Code     8  stm32f4xx_adc.o(.text)
    ADC_GetMultiModeConversionValue          0x0800082b   Thumb Code     8  stm32f4xx_adc.o(.text)
    ADC_DMACmd                               0x08000833   Thumb Code    22  stm32f4xx_adc.o(.text)
    ADC_DMARequestAfterLastTransferCmd       0x08000849   Thumb Code    22  stm32f4xx_adc.o(.text)
    ADC_MultiModeDMARequestAfterLastTransferCmd 0x0800085f   Thumb Code    34  stm32f4xx_adc.o(.text)
    ADC_InjectedChannelConfig                0x08000881   Thumb Code   130  stm32f4xx_adc.o(.text)
    ADC_InjectedSequencerLengthConfig        0x08000903   Thumb Code    24  stm32f4xx_adc.o(.text)
    ADC_SetInjectedOffset                    0x0800091b   Thumb Code    20  stm32f4xx_adc.o(.text)
    ADC_ExternalTrigInjectedConvConfig       0x0800092f   Thumb Code    16  stm32f4xx_adc.o(.text)
    ADC_ExternalTrigInjectedConvEdgeConfig   0x0800093f   Thumb Code    16  stm32f4xx_adc.o(.text)
    ADC_SoftwareStartInjectedConv            0x0800094f   Thumb Code    10  stm32f4xx_adc.o(.text)
    ADC_GetSoftwareStartInjectedConvCmdStatus 0x08000959   Thumb Code    20  stm32f4xx_adc.o(.text)
    ADC_AutoInjectedConvCmd                  0x0800096d   Thumb Code    22  stm32f4xx_adc.o(.text)
    ADC_InjectedDiscModeCmd                  0x08000983   Thumb Code    22  stm32f4xx_adc.o(.text)
    ADC_GetInjectedConversionValue           0x08000999   Thumb Code    28  stm32f4xx_adc.o(.text)
    ADC_ITConfig                             0x080009b5   Thumb Code    56  stm32f4xx_adc.o(.text)
    ADC_GetFlagStatus                        0x080009ed   Thumb Code    18  stm32f4xx_adc.o(.text)
    ADC_ClearFlag                            0x080009ff   Thumb Code     6  stm32f4xx_adc.o(.text)
    ADC_GetITStatus                          0x08000a05   Thumb Code    38  stm32f4xx_adc.o(.text)
    ADC_ClearITPendingBit                    0x08000a2b   Thumb Code    10  stm32f4xx_adc.o(.text)
    DMA_DeInit                               0x08000a35   Thumb Code   324  stm32f4xx_dma.o(.text)
    DMA_Init                                 0x08000b79   Thumb Code    82  stm32f4xx_dma.o(.text)
    DMA_StructInit                           0x08000bcb   Thumb Code    34  stm32f4xx_dma.o(.text)
    DMA_Cmd                                  0x08000bed   Thumb Code    22  stm32f4xx_dma.o(.text)
    DMA_PeriphIncOffsetSizeConfig            0x08000c03   Thumb Code    22  stm32f4xx_dma.o(.text)
    DMA_FlowControllerConfig                 0x08000c19   Thumb Code    22  stm32f4xx_dma.o(.text)
    DMA_SetCurrDataCounter                   0x08000c2f   Thumb Code     4  stm32f4xx_dma.o(.text)
    DMA_GetCurrDataCounter                   0x08000c33   Thumb Code     8  stm32f4xx_dma.o(.text)
    DMA_DoubleBufferModeConfig               0x08000c3b   Thumb Code    24  stm32f4xx_dma.o(.text)
    DMA_DoubleBufferModeCmd                  0x08000c53   Thumb Code    22  stm32f4xx_dma.o(.text)
    DMA_MemoryTargetConfig                   0x08000c69   Thumb Code    10  stm32f4xx_dma.o(.text)
    DMA_GetCurrentMemoryTarget               0x08000c73   Thumb Code    20  stm32f4xx_dma.o(.text)
    DMA_GetCmdStatus                         0x08000c87   Thumb Code    20  stm32f4xx_dma.o(.text)
    DMA_GetFIFOStatus                        0x08000c9b   Thumb Code    12  stm32f4xx_dma.o(.text)
    DMA_GetFlagStatus                        0x08000ca7   Thumb Code    56  stm32f4xx_dma.o(.text)
    DMA_ClearFlag                            0x08000cdf   Thumb Code    40  stm32f4xx_dma.o(.text)
    DMA_ITConfig                             0x08000d07   Thumb Code    58  stm32f4xx_dma.o(.text)
    DMA_GetITStatus                          0x08000d41   Thumb Code    84  stm32f4xx_dma.o(.text)
    DMA_ClearITPendingBit                    0x08000d95   Thumb Code    40  stm32f4xx_dma.o(.text)
    GPIO_DeInit                              0x08000ddd   Thumb Code   268  stm32f4xx_gpio.o(.text)
    GPIO_Init                                0x08000ee9   Thumb Code   144  stm32f4xx_gpio.o(.text)
    GPIO_StructInit                          0x08000f79   Thumb Code    18  stm32f4xx_gpio.o(.text)
    GPIO_PinLockConfig                       0x08000f8b   Thumb Code    34  stm32f4xx_gpio.o(.text)
    GPIO_ReadInputDataBit                    0x08000fad   Thumb Code    18  stm32f4xx_gpio.o(.text)
    GPIO_ReadInputData                       0x08000fbf   Thumb Code     8  stm32f4xx_gpio.o(.text)
    GPIO_ReadOutputDataBit                   0x08000fc7   Thumb Code    18  stm32f4xx_gpio.o(.text)
    GPIO_ReadOutputData                      0x08000fd9   Thumb Code     8  stm32f4xx_gpio.o(.text)
    GPIO_SetBits                             0x08000fe1   Thumb Code     4  stm32f4xx_gpio.o(.text)
    GPIO_ResetBits                           0x08000fe5   Thumb Code     4  stm32f4xx_gpio.o(.text)
    GPIO_WriteBit                            0x08000fe9   Thumb Code    10  stm32f4xx_gpio.o(.text)
    GPIO_Write                               0x08000ff3   Thumb Code     4  stm32f4xx_gpio.o(.text)
    GPIO_ToggleBits                          0x08000ff7   Thumb Code     8  stm32f4xx_gpio.o(.text)
    GPIO_PinAFConfig                         0x08000fff   Thumb Code    70  stm32f4xx_gpio.o(.text)
    RCC_DeInit                               0x08001071   Thumb Code    82  stm32f4xx_rcc.o(.text)
    RCC_HSEConfig                            0x080010c3   Thumb Code    14  stm32f4xx_rcc.o(.text)
    RCC_GetFlagStatus                        0x080010d1   Thumb Code    60  stm32f4xx_rcc.o(.text)
    RCC_WaitForHSEStartUp                    0x0800110d   Thumb Code    56  stm32f4xx_rcc.o(.text)
    RCC_AdjustHSICalibrationValue            0x08001145   Thumb Code    20  stm32f4xx_rcc.o(.text)
    RCC_HSICmd                               0x08001159   Thumb Code     6  stm32f4xx_rcc.o(.text)
    RCC_LSEConfig                            0x0800115f   Thumb Code    46  stm32f4xx_rcc.o(.text)
    RCC_LSICmd                               0x0800118d   Thumb Code     6  stm32f4xx_rcc.o(.text)
    RCC_PLLConfig                            0x08001193   Thumb Code    32  stm32f4xx_rcc.o(.text)
    RCC_PLLCmd                               0x080011b3   Thumb Code     6  stm32f4xx_rcc.o(.text)
    RCC_PLLI2SConfig                         0x080011b9   Thumb Code    14  stm32f4xx_rcc.o(.text)
    RCC_PLLI2SCmd                            0x080011c7   Thumb Code     6  stm32f4xx_rcc.o(.text)
    RCC_PLLSAIConfig                         0x080011cd   Thumb Code    20  stm32f4xx_rcc.o(.text)
    RCC_PLLSAICmd                            0x080011e1   Thumb Code     6  stm32f4xx_rcc.o(.text)
    RCC_ClockSecuritySystemCmd               0x080011e7   Thumb Code     6  stm32f4xx_rcc.o(.text)
    RCC_MCO1Config                           0x080011ed   Thumb Code    28  stm32f4xx_rcc.o(.text)
    RCC_MCO2Config                           0x08001209   Thumb Code    28  stm32f4xx_rcc.o(.text)
    RCC_SYSCLKConfig                         0x08001225   Thumb Code    20  stm32f4xx_rcc.o(.text)
    RCC_GetSYSCLKSource                      0x08001239   Thumb Code    12  stm32f4xx_rcc.o(.text)
    RCC_HCLKConfig                           0x08001245   Thumb Code    20  stm32f4xx_rcc.o(.text)
    RCC_PCLK1Config                          0x08001259   Thumb Code    20  stm32f4xx_rcc.o(.text)
    RCC_PCLK2Config                          0x0800126d   Thumb Code    22  stm32f4xx_rcc.o(.text)
    RCC_GetClocksFreq                        0x08001283   Thumb Code   222  stm32f4xx_rcc.o(.text)
    RCC_RTCCLKConfig                         0x08001361   Thumb Code    54  stm32f4xx_rcc.o(.text)
    RCC_RTCCLKCmd                            0x08001397   Thumb Code     8  stm32f4xx_rcc.o(.text)
    RCC_BackupResetCmd                       0x0800139f   Thumb Code     8  stm32f4xx_rcc.o(.text)
    RCC_I2SCLKConfig                         0x080013a7   Thumb Code     6  stm32f4xx_rcc.o(.text)
    RCC_SAIPLLI2SClkDivConfig                0x080013ad   Thumb Code    26  stm32f4xx_rcc.o(.text)
    RCC_SAIPLLSAIClkDivConfig                0x080013c7   Thumb Code    28  stm32f4xx_rcc.o(.text)
    RCC_SAIBlockACLKConfig                   0x080013e3   Thumb Code    20  stm32f4xx_rcc.o(.text)
    RCC_SAIBlockBCLKConfig                   0x080013f7   Thumb Code    20  stm32f4xx_rcc.o(.text)
    RCC_LTDCCLKDivConfig                     0x0800140b   Thumb Code    20  stm32f4xx_rcc.o(.text)
    RCC_TIMCLKPresConfig                     0x0800141f   Thumb Code     6  stm32f4xx_rcc.o(.text)
    RCC_AHB1PeriphClockCmd                   0x08001425   Thumb Code    34  stm32f4xx_rcc.o(.text)
    RCC_AHB2PeriphClockCmd                   0x08001447   Thumb Code    78  stm32f4xx_rcc.o(.text)
    RCC_AHB3PeriphClockCmd                   0x08001495   Thumb Code    34  stm32f4xx_rcc.o(.text)
    RCC_APB1PeriphClockCmd                   0x080014b7   Thumb Code    34  stm32f4xx_rcc.o(.text)
    RCC_APB2PeriphClockCmd                   0x080014d9   Thumb Code    34  stm32f4xx_rcc.o(.text)
    RCC_AHB1PeriphResetCmd                   0x080014fb   Thumb Code    34  stm32f4xx_rcc.o(.text)
    RCC_AHB2PeriphResetCmd                   0x0800151d   Thumb Code    34  stm32f4xx_rcc.o(.text)
    RCC_AHB3PeriphResetCmd                   0x0800153f   Thumb Code    34  stm32f4xx_rcc.o(.text)
    RCC_APB1PeriphResetCmd                   0x08001561   Thumb Code    34  stm32f4xx_rcc.o(.text)
    RCC_APB2PeriphResetCmd                   0x08001583   Thumb Code    34  stm32f4xx_rcc.o(.text)
    RCC_AHB1PeriphClockLPModeCmd             0x080015a5   Thumb Code    34  stm32f4xx_rcc.o(.text)
    RCC_AHB2PeriphClockLPModeCmd             0x080015c7   Thumb Code    34  stm32f4xx_rcc.o(.text)
    RCC_AHB3PeriphClockLPModeCmd             0x080015e9   Thumb Code    34  stm32f4xx_rcc.o(.text)
    RCC_APB1PeriphClockLPModeCmd             0x0800160b   Thumb Code    34  stm32f4xx_rcc.o(.text)
    RCC_APB2PeriphClockLPModeCmd             0x0800162d   Thumb Code    34  stm32f4xx_rcc.o(.text)
    RCC_LSEModeConfig                        0x0800164f   Thumb Code    40  stm32f4xx_rcc.o(.text)
    RCC_ITConfig                             0x08001677   Thumb Code    34  stm32f4xx_rcc.o(.text)
    RCC_ClearFlag                            0x08001699   Thumb Code    18  stm32f4xx_rcc.o(.text)
    RCC_GetITStatus                          0x080016ab   Thumb Code    22  stm32f4xx_rcc.o(.text)
    RCC_ClearITPendingBit                    0x080016c1   Thumb Code     8  stm32f4xx_rcc.o(.text)
    TIM_DeInit                               0x080016cd   Thumb Code   346  stm32f4xx_tim.o(.text)
    TIM_TimeBaseInit                         0x08001827   Thumb Code   104  stm32f4xx_tim.o(.text)
    TIM_TimeBaseStructInit                   0x0800188f   Thumb Code    18  stm32f4xx_tim.o(.text)
    TIM_PrescalerConfig                      0x080018a1   Thumb Code     6  stm32f4xx_tim.o(.text)
    TIM_CounterModeConfig                    0x080018a7   Thumb Code    18  stm32f4xx_tim.o(.text)
    TIM_SetCounter                           0x080018b9   Thumb Code     4  stm32f4xx_tim.o(.text)
    TIM_SetAutoreload                        0x080018bd   Thumb Code     4  stm32f4xx_tim.o(.text)
    TIM_GetCounter                           0x080018c1   Thumb Code     6  stm32f4xx_tim.o(.text)
    TIM_GetPrescaler                         0x080018c7   Thumb Code     6  stm32f4xx_tim.o(.text)
    TIM_UpdateDisableConfig                  0x080018cd   Thumb Code    24  stm32f4xx_tim.o(.text)
    TIM_UpdateRequestConfig                  0x080018e5   Thumb Code    24  stm32f4xx_tim.o(.text)
    TIM_ARRPreloadConfig                     0x080018fd   Thumb Code    24  stm32f4xx_tim.o(.text)
    TIM_SelectOnePulseMode                   0x08001915   Thumb Code    18  stm32f4xx_tim.o(.text)
    TIM_SetClockDivision                     0x08001927   Thumb Code    18  stm32f4xx_tim.o(.text)
    TIM_Cmd                                  0x08001939   Thumb Code    24  stm32f4xx_tim.o(.text)
    TIM_OC1Init                              0x08001951   Thumb Code   114  stm32f4xx_tim.o(.text)
    TIM_OC2Init                              0x080019c3   Thumb Code   154  stm32f4xx_tim.o(.text)
    TIM_OC3Init                              0x08001a5d   Thumb Code   204  stm32f4xx_tim.o(.text)
    TIM_OC4Init                              0x08001b29   Thumb Code   112  stm32f4xx_tim.o(.text)
    TIM_OCStructInit                         0x08001b99   Thumb Code    20  stm32f4xx_tim.o(.text)
    TIM_SelectOCxM                           0x08001bad   Thumb Code    86  stm32f4xx_tim.o(.text)
    TIM_SetCompare1                          0x08001c03   Thumb Code     4  stm32f4xx_tim.o(.text)
    TIM_SetCompare2                          0x08001c07   Thumb Code     4  stm32f4xx_tim.o(.text)
    TIM_SetCompare3                          0x08001c0b   Thumb Code     4  stm32f4xx_tim.o(.text)
    TIM_SetCompare4                          0x08001c0f   Thumb Code     4  stm32f4xx_tim.o(.text)
    TIM_ForcedOC1Config                      0x08001c13   Thumb Code    18  stm32f4xx_tim.o(.text)
    TIM_ForcedOC2Config                      0x08001c25   Thumb Code    26  stm32f4xx_tim.o(.text)
    TIM_ForcedOC3Config                      0x08001c3f   Thumb Code    18  stm32f4xx_tim.o(.text)
    TIM_ForcedOC4Config                      0x08001c51   Thumb Code    26  stm32f4xx_tim.o(.text)
    TIM_OC1PreloadConfig                     0x08001c6b   Thumb Code    18  stm32f4xx_tim.o(.text)
    TIM_OC2PreloadConfig                     0x08001c7d   Thumb Code    26  stm32f4xx_tim.o(.text)
    TIM_OC3PreloadConfig                     0x08001c97   Thumb Code    18  stm32f4xx_tim.o(.text)
    TIM_OC4PreloadConfig                     0x08001ca9   Thumb Code    26  stm32f4xx_tim.o(.text)
    TIM_OC1FastConfig                        0x08001cc3   Thumb Code    18  stm32f4xx_tim.o(.text)
    TIM_OC2FastConfig                        0x08001cd5   Thumb Code    26  stm32f4xx_tim.o(.text)
    TIM_OC3FastConfig                        0x08001cef   Thumb Code    18  stm32f4xx_tim.o(.text)
    TIM_OC4FastConfig                        0x08001d01   Thumb Code    26  stm32f4xx_tim.o(.text)
    TIM_ClearOC1Ref                          0x08001d1b   Thumb Code    18  stm32f4xx_tim.o(.text)
    TIM_ClearOC2Ref                          0x08001d2d   Thumb Code    24  stm32f4xx_tim.o(.text)
    TIM_ClearOC3Ref                          0x08001d45   Thumb Code    18  stm32f4xx_tim.o(.text)
    TIM_ClearOC4Ref                          0x08001d57   Thumb Code    24  stm32f4xx_tim.o(.text)
    TIM_OC1PolarityConfig                    0x08001d6f   Thumb Code    18  stm32f4xx_tim.o(.text)
    TIM_OC1NPolarityConfig                   0x08001d81   Thumb Code    18  stm32f4xx_tim.o(.text)
    TIM_OC2PolarityConfig                    0x08001d93   Thumb Code    26  stm32f4xx_tim.o(.text)
    TIM_OC2NPolarityConfig                   0x08001dad   Thumb Code    26  stm32f4xx_tim.o(.text)
    TIM_OC3PolarityConfig                    0x08001dc7   Thumb Code    26  stm32f4xx_tim.o(.text)
    TIM_OC3NPolarityConfig                   0x08001de1   Thumb Code    26  stm32f4xx_tim.o(.text)
    TIM_OC4PolarityConfig                    0x08001dfb   Thumb Code    26  stm32f4xx_tim.o(.text)
    TIM_CCxCmd                               0x08001e15   Thumb Code    30  stm32f4xx_tim.o(.text)
    TIM_CCxNCmd                              0x08001e33   Thumb Code    30  stm32f4xx_tim.o(.text)
    TIM_SetIC4Prescaler                      0x08001e51   Thumb Code    26  stm32f4xx_tim.o(.text)
    TIM_SetIC3Prescaler                      0x08001ebb   Thumb Code    18  stm32f4xx_tim.o(.text)
    TIM_SetIC2Prescaler                      0x08001f15   Thumb Code    26  stm32f4xx_tim.o(.text)
    TIM_SetIC1Prescaler                      0x08001f89   Thumb Code    18  stm32f4xx_tim.o(.text)
    TIM_ICInit                               0x08001fd5   Thumb Code   110  stm32f4xx_tim.o(.text)
    TIM_ICStructInit                         0x08002043   Thumb Code    18  stm32f4xx_tim.o(.text)
    TIM_PWMIConfig                           0x08002055   Thumb Code   124  stm32f4xx_tim.o(.text)
    TIM_GetCapture1                          0x080020d1   Thumb Code     6  stm32f4xx_tim.o(.text)
    TIM_GetCapture2                          0x080020d7   Thumb Code     6  stm32f4xx_tim.o(.text)
    TIM_GetCapture3                          0x080020dd   Thumb Code     6  stm32f4xx_tim.o(.text)
    TIM_GetCapture4                          0x080020e3   Thumb Code     6  stm32f4xx_tim.o(.text)
    TIM_BDTRConfig                           0x080020e9   Thumb Code    32  stm32f4xx_tim.o(.text)
    TIM_BDTRStructInit                       0x08002109   Thumb Code    18  stm32f4xx_tim.o(.text)
    TIM_CtrlPWMOutputs                       0x0800211b   Thumb Code    30  stm32f4xx_tim.o(.text)
    TIM_SelectCOM                            0x08002139   Thumb Code    24  stm32f4xx_tim.o(.text)
    TIM_CCPreloadControl                     0x08002151   Thumb Code    24  stm32f4xx_tim.o(.text)
    TIM_ITConfig                             0x08002169   Thumb Code    18  stm32f4xx_tim.o(.text)
    TIM_GenerateEvent                        0x0800217b   Thumb Code     4  stm32f4xx_tim.o(.text)
    TIM_GetFlagStatus                        0x0800217f   Thumb Code    18  stm32f4xx_tim.o(.text)
    TIM_ClearFlag                            0x08002191   Thumb Code     6  stm32f4xx_tim.o(.text)
    TIM_GetITStatus                          0x08002197   Thumb Code    34  stm32f4xx_tim.o(.text)
    TIM_ClearITPendingBit                    0x080021b9   Thumb Code     6  stm32f4xx_tim.o(.text)
    TIM_DMAConfig                            0x080021bf   Thumb Code    10  stm32f4xx_tim.o(.text)
    TIM_DMACmd                               0x080021c9   Thumb Code    18  stm32f4xx_tim.o(.text)
    TIM_SelectCCDMA                          0x080021db   Thumb Code    24  stm32f4xx_tim.o(.text)
    TIM_InternalClockConfig                  0x080021f3   Thumb Code    12  stm32f4xx_tim.o(.text)
    TIM_SelectInputTrigger                   0x080021ff   Thumb Code    18  stm32f4xx_tim.o(.text)
    TIM_ITRxExternalClockConfig              0x08002211   Thumb Code    24  stm32f4xx_tim.o(.text)
    TIM_TIxExternalClockConfig               0x08002229   Thumb Code    62  stm32f4xx_tim.o(.text)
    TIM_ETRConfig                            0x08002267   Thumb Code    28  stm32f4xx_tim.o(.text)
    TIM_ETRClockMode1Config                  0x08002283   Thumb Code    54  stm32f4xx_tim.o(.text)
    TIM_ETRClockMode2Config                  0x080022b9   Thumb Code    32  stm32f4xx_tim.o(.text)
    TIM_SelectOutputTrigger                  0x080022d9   Thumb Code    18  stm32f4xx_tim.o(.text)
    TIM_SelectSlaveMode                      0x080022eb   Thumb Code    18  stm32f4xx_tim.o(.text)
    TIM_SelectMasterSlaveMode                0x080022fd   Thumb Code    18  stm32f4xx_tim.o(.text)
    TIM_EncoderInterfaceConfig               0x0800230f   Thumb Code    66  stm32f4xx_tim.o(.text)
    TIM_SelectHallSensor                     0x08002351   Thumb Code    24  stm32f4xx_tim.o(.text)
    TIM_RemapConfig                          0x08002369   Thumb Code     6  stm32f4xx_tim.o(.text)
    USART_DeInit                             0x08002371   Thumb Code   206  stm32f4xx_usart.o(.text)
    USART_Init                               0x0800243f   Thumb Code   204  stm32f4xx_usart.o(.text)
    USART_StructInit                         0x0800250b   Thumb Code    24  stm32f4xx_usart.o(.text)
    USART_ClockInit                          0x08002523   Thumb Code    32  stm32f4xx_usart.o(.text)
    USART_ClockStructInit                    0x08002543   Thumb Code    12  stm32f4xx_usart.o(.text)
    USART_Cmd                                0x0800254f   Thumb Code    24  stm32f4xx_usart.o(.text)
    USART_SetPrescaler                       0x08002567   Thumb Code    16  stm32f4xx_usart.o(.text)
    USART_OverSampling8Cmd                   0x08002577   Thumb Code    22  stm32f4xx_usart.o(.text)
    USART_OneBitMethodCmd                    0x0800258d   Thumb Code    24  stm32f4xx_usart.o(.text)
    USART_SendData                           0x080025a5   Thumb Code     8  stm32f4xx_usart.o(.text)
    USART_ReceiveData                        0x080025ad   Thumb Code    10  stm32f4xx_usart.o(.text)
    USART_SetAddress                         0x080025b7   Thumb Code    18  stm32f4xx_usart.o(.text)
    USART_ReceiverWakeUpCmd                  0x080025c9   Thumb Code    24  stm32f4xx_usart.o(.text)
    USART_WakeUpConfig                       0x080025e1   Thumb Code    18  stm32f4xx_usart.o(.text)
    USART_LINBreakDetectLengthConfig         0x080025f3   Thumb Code    18  stm32f4xx_usart.o(.text)
    USART_LINCmd                             0x08002605   Thumb Code    24  stm32f4xx_usart.o(.text)
    USART_SendBreak                          0x0800261d   Thumb Code    10  stm32f4xx_usart.o(.text)
    USART_HalfDuplexCmd                      0x08002627   Thumb Code    24  stm32f4xx_usart.o(.text)
    USART_SetGuardTime                       0x0800263f   Thumb Code    16  stm32f4xx_usart.o(.text)
    USART_SmartCardCmd                       0x0800264f   Thumb Code    24  stm32f4xx_usart.o(.text)
    USART_SmartCardNACKCmd                   0x08002667   Thumb Code    24  stm32f4xx_usart.o(.text)
    USART_IrDAConfig                         0x0800267f   Thumb Code    18  stm32f4xx_usart.o(.text)
    USART_IrDACmd                            0x08002691   Thumb Code    24  stm32f4xx_usart.o(.text)
    USART_DMACmd                             0x080026a9   Thumb Code    18  stm32f4xx_usart.o(.text)
    USART_ITConfig                           0x080026bb   Thumb Code    74  stm32f4xx_usart.o(.text)
    USART_GetFlagStatus                      0x08002705   Thumb Code    26  stm32f4xx_usart.o(.text)
    USART_ClearFlag                          0x0800271f   Thumb Code    18  stm32f4xx_usart.o(.text)
    USART_GetITStatus                        0x08002731   Thumb Code   118  stm32f4xx_usart.o(.text)
    USART_ClearITPendingBit                  0x080027a7   Thumb Code    30  stm32f4xx_usart.o(.text)
    delay_init                               0x080027c5   Thumb Code    52  delay.o(.text)
    delay_us                                 0x080027f9   Thumb Code    72  delay.o(.text)
    delay_xms                                0x08002841   Thumb Code    72  delay.o(.text)
    delay_ms                                 0x08002889   Thumb Code    56  delay.o(.text)
    _sys_exit                                0x080028c9   Thumb Code     4  usart.o(.text)
    fputc                                    0x080028cd   Thumb Code    22  usart.o(.text)
    uart_init                                0x080028e3   Thumb Code   164  usart.o(.text)
    USART1_IRQHandler                        0x08002987   Thumb Code   122  usart.o(.text)
    BSP_Init                                 0x08002a11   Thumb Code    66  bsp.o(.text)
    TIM6_Configure                           0x08002a59   Thumb Code    72  timer.o(.text)
    TIM6_Start                               0x08002aa1   Thumb Code    30  timer.o(.text)
    TIM6_Stop                                0x08002abf   Thumb Code    22  timer.o(.text)
    TIM6_DAC_IRQHandler                      0x08002ad5   Thumb Code    62  timer.o(.text)
    CloudMotor_Configure                     0x08002b13   Thumb Code   180  timer.o(.text)
    All_Pid_Configuration                    0x08002c73   Thumb Code    86  rm_pid.o(.text)
    Calculate_Current_Value                  0x08002cc9   Thumb Code   452  rm_pid.o(.text)
    Calculate_Current_Value_For_Err          0x08002e8d   Thumb Code   442  rm_pid.o(.text)
    KEY_Init                                 0x08003049   Thumb Code    86  io_init.o(.text)
    Cannon_IO_Init                           0x0800309f   Thumb Code    48  io_init.o(.text)
    miniPC_uart1_init                        0x080030d9   Thumb Code   334  serial.o(.text)
    getVisionData                            0x08003227   Thumb Code    76  serial.o(.text)
    DMA2_Stream5_IRQHandler                  0x08003273   Thumb Code   228  serial.o(.text)
    miniPC_uart1_tx                          0x08003357   Thumb Code    40  serial.o(.text)
    if_lose                                  0x0800337f   Thumb Code    48  serial.o(.text)
    aimed                                    0x080033af   Thumb Code   174  serial.o(.text)
    Rheostat_Init                            0x080035c1   Thumb Code    12  adc.o(.text)
    angle_set_update                         0x080035dd   Thumb Code   166  cloudmotor.o(.text)
    angle_init                               0x08003683   Thumb Code    42  cloudmotor.o(.text)
    cala_elevation                           0x080036ad   Thumb Code   142  cloudmotor.o(.text)
    cloud_control                            0x0800373b   Thumb Code    48  cloudmotor.o(.text)
    zero_clearing                            0x080037ad   Thumb Code     8  keyboard.o(.text)
    key_set_sure                             0x080037b5   Thumb Code    10  keyboard.o(.text)
    project_change                           0x080037bf   Thumb Code    38  keyboard.o(.text)
    key_change_number                        0x080037e5   Thumb Code    20  keyboard.o(.text)
    scan                                     0x080037f9   Thumb Code   848  keyboard.o(.text)
    Kyeboard                                 0x08003b49   Thumb Code   212  keyboard.o(.text)
    OLED_WR_Byte                             0x08003c21   Thumb Code   108  oled.o(.text)
    OLED_Set_Pos                             0x08003c8d   Thumb Code    46  oled.o(.text)
    OLED_Display_On                          0x08003cbb   Thumb Code    28  oled.o(.text)
    OLED_Display_Off                         0x08003cd7   Thumb Code    28  oled.o(.text)
    OLED_Clear                               0x08003cf3   Thumb Code    64  oled.o(.text)
    OLED_ShowChar                            0x08003d33   Thumb Code   106  oled.o(.text)
    oled_pow                                 0x08003d9d   Thumb Code    22  oled.o(.text)
    OLED_ShowNum                             0x08003db3   Thumb Code   132  oled.o(.text)
    OLED_ShowString                          0x08003e37   Thumb Code    54  oled.o(.text)
    OLED_ShowCHinese                         0x08003e6d   Thumb Code    98  oled.o(.text)
    OLED_DrawBMP                             0x08003ecf   Thumb Code   118  oled.o(.text)
    OLED_Init                                0x08003f45   Thumb Code   416  oled.o(.text)
    show_num                                 0x080040e5   Thumb Code    20  oled.o(.text)
    show_letter                              0x080040f9   Thumb Code    16  oled.o(.text)
    D_A_update                               0x08004109   Thumb Code    78  oled.o(.text)
    question_update                          0x08004157   Thumb Code    22  oled.o(.text)
    fire_off                                 0x0800416d   Thumb Code    14  fire_control.o(.text)
    cannon_power_in                          0x0800417b   Thumb Code    18  fire_control.o(.text)
    cannon_power_out                         0x0800418d   Thumb Code    16  fire_control.o(.text)
    light_data_init                          0x080041a5   Thumb Code    12  tof.o(.text)
    light_uart1_init                         0x080041b1   Thumb Code   324  tof.o(.text)
    getLightData                             0x080042f5   Thumb Code    64  tof.o(.text)
    DMA1_Stream5_IRQHandler                  0x08004335   Thumb Code    86  tof.o(.text)
    function_count_clear                     0x080043b9   Thumb Code   162  control_task.o(.text)
    fire_on                                  0x0800445b   Thumb Code    54  control_task.o(.text)
    fire_delay                               0x08004491   Thumb Code    54  control_task.o(.text)
    function_6                               0x080044c7   Thumb Code   136  control_task.o(.text)
    function_5                               0x0800454f   Thumb Code   430  control_task.o(.text)
    function_4                               0x080046fd   Thumb Code   518  control_task.o(.text)
    function_3                               0x08004903   Thumb Code   252  control_task.o(.text)
    function_2                               0x080049ff   Thumb Code   146  control_task.o(.text)
    function_1                               0x08004a91   Thumb Code    54  control_task.o(.text)
    control_task                             0x08004ac7   Thumb Code   100  control_task.o(.text)
    __use_no_semihosting                     0x08004b71   Thumb Code     2  use_no_semi_2.o(.text)
    __aeabi_uldivmod                         0x08004b73   Thumb Code     0  lludivv7m.o(.text)
    _ll_udiv                                 0x08004b73   Thumb Code   238  lludivv7m.o(.text)
    __use_two_region_memory                  0x08004c61   Thumb Code     2  heapauxi.o(.text)
    __rt_heap_escrow$2region                 0x08004c63   Thumb Code     2  heapauxi.o(.text)
    __rt_heap_expand$2region                 0x08004c65   Thumb Code     2  heapauxi.o(.text)
    __I$use$semihosting                      0x08004c67   Thumb Code     0  use_no_semi.o(.text)
    __use_no_semihosting_swi                 0x08004c67   Thumb Code     2  use_no_semi.o(.text)
    __user_setup_stackheap                   0x08004c69   Thumb Code    74  sys_stackheap_outer.o(.text)
    exit                                     0x08004cb3   Thumb Code    18  exit.o(.text)
    __user_libspace                          0x08004cc5   Thumb Code     8  libspace.o(.text)
    __user_perproc_libspace                  0x08004cc5   Thumb Code     0  libspace.o(.text)
    __user_perthread_libspace                0x08004cc5   Thumb Code     0  libspace.o(.text)
    __hardfp_fabs                            0x08004ccd   Thumb Code    20  fabs.o(i.__hardfp_fabs)
    __aeabi_d2f                              0x08004ce1   Thumb Code     0  d2f.o(x$fpl$d2f)
    _d2f                                     0x08004ce1   Thumb Code    98  d2f.o(x$fpl$d2f)
    __aeabi_dadd                             0x08004d45   Thumb Code     0  daddsub_clz.o(x$fpl$dadd)
    _dadd                                    0x08004d45   Thumb Code   332  daddsub_clz.o(x$fpl$dadd)
    __fpl_dcmp_Inf                           0x08004e95   Thumb Code    24  dcmpi.o(x$fpl$dcmpinf)
    __aeabi_i2d                              0x08004ead   Thumb Code     0  dflt_clz.o(x$fpl$dflt)
    _dflt                                    0x08004ead   Thumb Code    46  dflt_clz.o(x$fpl$dflt)
    __aeabi_cdcmple                          0x08004edd   Thumb Code     0  dleqf.o(x$fpl$dleqf)
    _dcmple                                  0x08004edd   Thumb Code   120  dleqf.o(x$fpl$dleqf)
    __fpl_dcmple_InfNaN                      0x08004f3f   Thumb Code     0  dleqf.o(x$fpl$dleqf)
    __aeabi_dmul                             0x08004f55   Thumb Code     0  dmul.o(x$fpl$dmul)
    _dmul                                    0x08004f55   Thumb Code   332  dmul.o(x$fpl$dmul)
    __fpl_dnaninf                            0x080050a9   Thumb Code   156  dnaninf.o(x$fpl$dnaninf)
    __fpl_dretinf                            0x08005145   Thumb Code    12  dretinf.o(x$fpl$dretinf)
    __aeabi_cdrcmple                         0x08005151   Thumb Code     0  drleqf.o(x$fpl$drleqf)
    _drcmple                                 0x08005151   Thumb Code   108  drleqf.o(x$fpl$drleqf)
    __aeabi_dsub                             0x080051bd   Thumb Code     0  daddsub_clz.o(x$fpl$dsub)
    _dsub                                    0x080051bd   Thumb Code   464  daddsub_clz.o(x$fpl$dsub)
    __aeabi_f2d                              0x08005391   Thumb Code     0  f2d.o(x$fpl$f2d)
    _f2d                                     0x08005391   Thumb Code    86  f2d.o(x$fpl$f2d)
    __fpl_fnaninf                            0x080053e7   Thumb Code   140  fnaninf.o(x$fpl$fnaninf)
    _fp_init                                 0x08005473   Thumb Code    10  fpinit.o(x$fpl$fpinit)
    __fplib_config_fpu_vfp                   0x0800547b   Thumb Code     0  fpinit.o(x$fpl$fpinit)
    __fplib_config_pureend_doubles           0x0800547b   Thumb Code     0  fpinit.o(x$fpl$fpinit)
    __fpl_fretinf                            0x0800547d   Thumb Code    10  fretinf.o(x$fpl$fretinf)
    F6x8                                     0x08005486   Data         552  oled.o(.constdata)
    __I$use$fp                               0x08005486   Number         0  usenofp.o(x$fpl$usenofp)
    F8X16                                    0x080056ae   Data        1520  oled.o(.constdata)
    Region$$Table$$Base                      0x08005ca0   Number         0  anon$$obj.o(Region$$Table)
    Region$$Table$$Limit                     0x08005cc0   Number         0  anon$$obj.o(Region$$Table)
    SystemCoreClock                          0x20000000   Data           4  system_stm32f4xx.o(.data)
    AHBPrescTable                            0x20000004   Data          16  system_stm32f4xx.o(.data)
    __stdout                                 0x20000028   Data           4  usart.o(.data)
    USART_RX_STA                             0x2000002c   Data           2  usart.o(.data)
    aimed_ok                                 0x20000030   Data           1  serial.o(.data)
    aimed_times                              0x20000038   Data           8  serial.o(.data)
    posx                                     0x20000040   Data           4  serial.o(.data)
    posy                                     0x20000044   Data           4  serial.o(.data)
    posdis                                   0x20000048   Data           4  serial.o(.data)
    if_                                      0x2000004c   Data           1  serial.o(.data)
    last_if_                                 0x2000004d   Data           1  serial.o(.data)
    target                                   0x20000050   Data           4  serial.o(.data)
    real_dis                                 0x20000054   Data           4  serial.o(.data)
    ADC_real                                 0x2000005c   Data           4  adc.o(.data)
    ADC_ConvertedValue                       0x20000060   Data           4  adc.o(.data)
    elevation                                0x20000068   Data           8  cloudmotor.o(.data)
    key_real                                 0x20000070   Data           1  keyboard.o(.data)
    key_number_sum                           0x20000072   Data           2  keyboard.o(.data)
    key_set_project_temp                     0x20000074   Data           1  keyboard.o(.data)
    project_temp                             0x20000075   Data           1  keyboard.o(.data)
    key_number_sure                          0x20000076   Data           1  keyboard.o(.data)
    key_temp_ones                            0x20000077   Data           1  keyboard.o(.data)
    Hzk                                      0x20000078   Data        1856  oled.o(.data)
    dist                                     0x200007b8   Data           4  tof.o(.data)
    strength                                 0x200007bc   Data           4  tof.o(.data)
    hhhh                                     0x200007c0   Data           4  tof.o(.data)
    key_set_distance                         0x200007c8   Data           2  control_task.o(.data)
    key_set_angle                            0x200007ca   Data           2  control_task.o(.data)
    function_2_count                         0x200007cc   Data           1  control_task.o(.data)
    function_6_count                         0x200007cd   Data           1  control_task.o(.data)
    function_3_count                         0x200007ce   Data           1  control_task.o(.data)
    function_3_distance_count                0x200007cf   Data           1  control_task.o(.data)
    yaw_real                                 0x200007d0   Data           4  control_task.o(.data)
    diff                                     0x200007d4   Data           4  control_task.o(.data)
    last_yaw_real                            0x200007d8   Data           4  control_task.o(.data)
    last_diff                                0x200007dc   Data           4  control_task.o(.data)
    p_angle                                  0x200007e0   Data           4  control_task.o(.data)
    doing_shoot                              0x200007e4   Data           1  control_task.o(.data)
    read_shoot                               0x200007e8   Data           8  control_task.o(.data)
    function_change                          0x200007f0   Data           8  control_task.o(.data)
    auto_mode                                0x200007f8   Data           1  control_task.o(.data)
    function_yaw_angle                       0x200007fc   Data           4  control_task.o(.data)
    if_lose_                                 0x20000800   Data           1  control_task.o(.data)
    last_if_lose_                            0x20000801   Data           1  control_task.o(.data)
    funciotn_delta                           0x20000804   Data           4  control_task.o(.data)
    fire_delay_time                          0x20000808   Data           2  control_task.o(.data)
    fire_on_temp                             0x2000080a   Data           1  control_task.o(.data)
    cannon_power_delay                       0x2000080c   Data           2  control_task.o(.data)
    USART_RX_BUF                             0x20000810   Data         200  usart.o(.bss)
    pid                                      0x200008d8   Data         152  rm_pid.o(.bss)
    RXBuff                                   0x20000970   Data          16  serial.o(.bss)
    rx_data                                  0x20000980   Data          16  serial.o(.bss)
    visiondata                               0x20000990   Data          12  serial.o(.bss)
    t_angle                                  0x2000099c   Data          16  cloudmotor.o(.bss)
    LIGHT_RXBuff                             0x200009ac   Data           9  tof.o(.bss)
    light_rx_data                            0x200009b5   Data           9  tof.o(.bss)
    light_data                               0x200009c0   Data          12  tof.o(.bss)
    __libspace_start                         0x200009cc   Data          96  libspace.o(.bss)
    __temporary_stack_top$libspace           0x20000a2c   Data           0  libspace.o(.bss)



==============================================================================

Memory Map of the image

  Image Entry point : 0x08000189

  Load Region LR_IROM1 (Base: 0x08000000, Size: 0x000064d0, Max: 0x00080000, ABSOLUTE, COMPRESSED[0x0000601c])

    Execution Region ER_IROM1 (Base: 0x08000000, Size: 0x00005cc0, Max: 0x00080000, ABSOLUTE)

    Base Addr    Size         Type   Attr      Idx    E Section Name        Object

    0x08000000   0x00000188   Data   RO          252    RESET               startup_stm32f40_41xxx.o
    0x08000188   0x00000008   Code   RO         1395  * !!!main             c_w.l(__main.o)
    0x08000190   0x00000034   Code   RO         1601    !!!scatter          c_w.l(__scatter.o)
    0x080001c4   0x00000064   Code   RO         1599    !!dclz77c           c_w.l(__dclz77c.o)
    0x08000228   0x0000001c   Code   RO         1603    !!handler_zi        c_w.l(__scatter_zi.o)
    0x08000244   0x00000002   Code   RO         1473    .ARM.Collect$$libinit$$00000000  c_w.l(libinit.o)
    0x08000246   0x00000004   Code   RO         1485    .ARM.Collect$$libinit$$00000001  c_w.l(libinit2.o)
    0x0800024a   0x00000000   Code   RO         1488    .ARM.Collect$$libinit$$00000004  c_w.l(libinit2.o)
    0x0800024a   0x00000000   Code   RO         1491    .ARM.Collect$$libinit$$0000000A  c_w.l(libinit2.o)
    0x0800024a   0x00000000   Code   RO         1493    .ARM.Collect$$libinit$$0000000C  c_w.l(libinit2.o)
    0x0800024a   0x00000000   Code   RO         1495    .ARM.Collect$$libinit$$0000000E  c_w.l(libinit2.o)
    0x0800024a   0x00000000   Code   RO         1498    .ARM.Collect$$libinit$$00000011  c_w.l(libinit2.o)
    0x0800024a   0x00000000   Code   RO         1500    .ARM.Collect$$libinit$$00000013  c_w.l(libinit2.o)
    0x0800024a   0x00000000   Code   RO         1502    .ARM.Collect$$libinit$$00000015  c_w.l(libinit2.o)
    0x0800024a   0x00000000   Code   RO         1504    .ARM.Collect$$libinit$$00000017  c_w.l(libinit2.o)
    0x0800024a   0x00000000   Code   RO         1506    .ARM.Collect$$libinit$$00000019  c_w.l(libinit2.o)
    0x0800024a   0x00000000   Code   RO         1508    .ARM.Collect$$libinit$$0000001B  c_w.l(libinit2.o)
    0x0800024a   0x00000000   Code   RO         1510    .ARM.Collect$$libinit$$0000001D  c_w.l(libinit2.o)
    0x0800024a   0x00000000   Code   RO         1512    .ARM.Collect$$libinit$$0000001F  c_w.l(libinit2.o)
    0x0800024a   0x00000000   Code   RO         1514    .ARM.Collect$$libinit$$00000021  c_w.l(libinit2.o)
    0x0800024a   0x00000000   Code   RO         1516    .ARM.Collect$$libinit$$00000023  c_w.l(libinit2.o)
    0x0800024a   0x00000000   Code   RO         1518    .ARM.Collect$$libinit$$00000025  c_w.l(libinit2.o)
    0x0800024a   0x00000000   Code   RO         1522    .ARM.Collect$$libinit$$0000002C  c_w.l(libinit2.o)
    0x0800024a   0x00000000   Code   RO         1524    .ARM.Collect$$libinit$$0000002E  c_w.l(libinit2.o)
    0x0800024a   0x00000000   Code   RO         1526    .ARM.Collect$$libinit$$00000030  c_w.l(libinit2.o)
    0x0800024a   0x00000000   Code   RO         1528    .ARM.Collect$$libinit$$00000032  c_w.l(libinit2.o)
    0x0800024a   0x00000002   Code   RO         1529    .ARM.Collect$$libinit$$00000033  c_w.l(libinit2.o)
    0x0800024c   0x00000002   Code   RO         1555    .ARM.Collect$$libshutdown$$00000000  c_w.l(libshutdown.o)
    0x0800024e   0x00000000   Code   RO         1582    .ARM.Collect$$libshutdown$$00000002  c_w.l(libshutdown2.o)
    0x0800024e   0x00000000   Code   RO         1584    .ARM.Collect$$libshutdown$$00000004  c_w.l(libshutdown2.o)
    0x0800024e   0x00000000   Code   RO         1587    .ARM.Collect$$libshutdown$$00000007  c_w.l(libshutdown2.o)
    0x0800024e   0x00000000   Code   RO         1590    .ARM.Collect$$libshutdown$$0000000A  c_w.l(libshutdown2.o)
    0x0800024e   0x00000000   Code   RO         1592    .ARM.Collect$$libshutdown$$0000000C  c_w.l(libshutdown2.o)
    0x0800024e   0x00000000   Code   RO         1595    .ARM.Collect$$libshutdown$$0000000F  c_w.l(libshutdown2.o)
    0x0800024e   0x00000002   Code   RO         1596    .ARM.Collect$$libshutdown$$00000010  c_w.l(libshutdown2.o)
    0x08000250   0x00000000   Code   RO         1427    .ARM.Collect$$rtentry$$00000000  c_w.l(__rtentry.o)
    0x08000250   0x00000000   Code   RO         1444    .ARM.Collect$$rtentry$$00000002  c_w.l(__rtentry2.o)
    0x08000250   0x00000006   Code   RO         1456    .ARM.Collect$$rtentry$$00000004  c_w.l(__rtentry4.o)
    0x08000256   0x00000000   Code   RO         1446    .ARM.Collect$$rtentry$$00000009  c_w.l(__rtentry2.o)
    0x08000256   0x00000004   Code   RO         1447    .ARM.Collect$$rtentry$$0000000A  c_w.l(__rtentry2.o)
    0x0800025a   0x00000000   Code   RO         1449    .ARM.Collect$$rtentry$$0000000C  c_w.l(__rtentry2.o)
    0x0800025a   0x00000008   Code   RO         1450    .ARM.Collect$$rtentry$$0000000D  c_w.l(__rtentry2.o)
    0x08000262   0x00000002   Code   RO         1477    .ARM.Collect$$rtexit$$00000000  c_w.l(rtexit.o)
    0x08000264   0x00000000   Code   RO         1531    .ARM.Collect$$rtexit$$00000002  c_w.l(rtexit2.o)
    0x08000264   0x00000004   Code   RO         1532    .ARM.Collect$$rtexit$$00000003  c_w.l(rtexit2.o)
    0x08000268   0x00000006   Code   RO         1533    .ARM.Collect$$rtexit$$00000004  c_w.l(rtexit2.o)
    0x0800026e   0x00000016   Code   RO            3    .text               main.o
    0x08000284   0x0000001a   Code   RO          203    .text               stm32f4xx_it.o
    0x0800029e   0x00000002   PAD
    0x080002a0   0x00000210   Code   RO          226    .text               system_stm32f4xx.o
    0x080004b0   0x00000040   Code   RO          253    .text               startup_stm32f40_41xxx.o
    0x080004f0   0x000000e0   Code   RO          259    .text               misc.o
    0x080005d0   0x00000464   Code   RO          305    .text               stm32f4xx_adc.o
    0x08000a34   0x000003a8   Code   RO          528    .text               stm32f4xx_dma.o
    0x08000ddc   0x00000294   Code   RO          634    .text               stm32f4xx_gpio.o
    0x08001070   0x0000065c   Code   RO          797    .text               stm32f4xx_rcc.o
    0x080016cc   0x00000ca2   Code   RO          942    .text               stm32f4xx_tim.o
    0x0800236e   0x00000002   PAD
    0x08002370   0x00000454   Code   RO          962    .text               stm32f4xx_usart.o
    0x080027c4   0x00000104   Code   RO         1002    .text               delay.o
    0x080028c8   0x00000148   Code   RO         1042    .text               usart.o
    0x08002a10   0x00000048   Code   RO         1073    .text               bsp.o
    0x08002a58   0x00000188   Code   RO         1116    .text               timer.o
    0x08002be0   0x00000466   Code   RO         1136    .text               rm_pid.o
    0x08003046   0x00000002   PAD
    0x08003048   0x00000090   Code   RO         1163    .text               io_init.o
    0x080030d8   0x000003f0   Code   RO         1183    .text               serial.o
    0x080034c8   0x00000114   Code   RO         1210    .text               adc.o
    0x080035dc   0x000001d0   Code   RO         1236    .text               cloudmotor.o
    0x080037ac   0x00000474   Code   RO         1263    .text               keyboard.o
    0x08003c20   0x0000054c   Code   RO         1289    .text               oled.o
    0x0800416c   0x00000038   Code   RO         1316    .text               fire_control.o
    0x080041a4   0x00000214   Code   RO         1336    .text               tof.o
    0x080043b8   0x000007b8   Code   RO         1363    .text               control_task.o
    0x08004b70   0x00000002   Code   RO         1389    .text               c_w.l(use_no_semi_2.o)
    0x08004b72   0x000000ee   Code   RO         1391    .text               c_w.l(lludivv7m.o)
    0x08004c60   0x00000006   Code   RO         1393    .text               c_w.l(heapauxi.o)
    0x08004c66   0x00000002   Code   RO         1425    .text               c_w.l(use_no_semi.o)
    0x08004c68   0x0000004a   Code   RO         1460    .text               c_w.l(sys_stackheap_outer.o)
    0x08004cb2   0x00000012   Code   RO         1462    .text               c_w.l(exit.o)
    0x08004cc4   0x00000008   Code   RO         1474    .text               c_w.l(libspace.o)
    0x08004ccc   0x00000014   Code   RO         1419    i.__hardfp_fabs     m_wm.l(fabs.o)
    0x08004ce0   0x00000062   Code   RO         1397    x$fpl$d2f           fz_wm.l(d2f.o)
    0x08004d42   0x00000002   PAD
    0x08004d44   0x00000150   Code   RO         1399    x$fpl$dadd          fz_wm.l(daddsub_clz.o)
    0x08004e94   0x00000018   Code   RO         1432    x$fpl$dcmpinf       fz_wm.l(dcmpi.o)
    0x08004eac   0x0000002e   Code   RO         1406    x$fpl$dflt          fz_wm.l(dflt_clz.o)
    0x08004eda   0x00000002   PAD
    0x08004edc   0x00000078   Code   RO         1411    x$fpl$dleqf         fz_wm.l(dleqf.o)
    0x08004f54   0x00000154   Code   RO         1413    x$fpl$dmul          fz_wm.l(dmul.o)
    0x080050a8   0x0000009c   Code   RO         1434    x$fpl$dnaninf       fz_wm.l(dnaninf.o)
    0x08005144   0x0000000c   Code   RO         1436    x$fpl$dretinf       fz_wm.l(dretinf.o)
    0x08005150   0x0000006c   Code   RO         1415    x$fpl$drleqf        fz_wm.l(drleqf.o)
    0x080051bc   0x000001d4   Code   RO         1401    x$fpl$dsub          fz_wm.l(daddsub_clz.o)
    0x08005390   0x00000056   Code   RO         1417    x$fpl$f2d           fz_wm.l(f2d.o)
    0x080053e6   0x0000008c   Code   RO         1438    x$fpl$fnaninf       fz_wm.l(fnaninf.o)
    0x08005472   0x0000000a   Code   RO         1543    x$fpl$fpinit        fz_wm.l(fpinit.o)
    0x0800547c   0x0000000a   Code   RO         1440    x$fpl$fretinf       fz_wm.l(fretinf.o)
    0x08005486   0x00000000   Code   RO         1442    x$fpl$usenofp       fz_wm.l(usenofp.o)
    0x08005486   0x00000818   Data   RO         1290    .constdata          oled.o
    0x08005c9e   0x00000002   PAD
    0x08005ca0   0x00000020   Data   RO         1597    Region$$Table       anon$$obj.o


    Execution Region RW_IRAM1 (Base: 0x20000000, Size: 0x00001030, Max: 0x00020000, ABSOLUTE, COMPRESSED[0x0000035c])

    Base Addr    Size         Type   Attr      Idx    E Section Name        Object

    0x20000000   0x00000014   Data   RW          227    .data               system_stm32f4xx.o
    0x20000014   0x00000010   Data   RW          798    .data               stm32f4xx_rcc.o
    0x20000024   0x00000004   Data   RW         1003    .data               delay.o
    0x20000028   0x00000006   Data   RW         1044    .data               usart.o
    0x2000002e   0x00000002   PAD
    0x20000030   0x0000002c   Data   RW         1185    .data               serial.o
    0x2000005c   0x00000008   Data   RW         1211    .data               adc.o
    0x20000064   0x00000004   PAD
    0x20000068   0x00000008   Data   RW         1238    .data               cloudmotor.o
    0x20000070   0x00000008   Data   RW         1264    .data               keyboard.o
    0x20000078   0x00000740   Data   RW         1291    .data               oled.o
    0x200007b8   0x0000000c   Data   RW         1338    .data               tof.o
    0x200007c4   0x00000004   PAD
    0x200007c8   0x00000046   Data   RW         1364    .data               control_task.o
    0x2000080e   0x00000002   PAD
    0x20000810   0x000000c8   Zero   RW         1043    .bss                usart.o
    0x200008d8   0x00000098   Zero   RW         1137    .bss                rm_pid.o
    0x20000970   0x0000002c   Zero   RW         1184    .bss                serial.o
    0x2000099c   0x00000010   Zero   RW         1237    .bss                cloudmotor.o
    0x200009ac   0x00000020   Zero   RW         1337    .bss                tof.o
    0x200009cc   0x00000060   Zero   RW         1475    .bss                c_w.l(libspace.o)
    0x20000a2c   0x00000004   PAD
    0x20000a30   0x00000200   Zero   RW          251    HEAP                startup_stm32f40_41xxx.o
    0x20000c30   0x00000400   Zero   RW          250    STACK               startup_stm32f40_41xxx.o


==============================================================================

Image component sizes


      Code (inc. data)   RO Data    RW Data    ZI Data      Debug   Object Name

       276         16          0          8          0       1294   adc.o
        72          6          0          0          0        511   bsp.o
       464         66          0          8         16       2211   cloudmotor.o
      1976        230          0         70          0       3679   control_task.o
       260          8          0          4          0       1501   delay.o
        56          8          0          0          0        668   fire_control.o
       144         10          0          0          0        714   io_init.o
      1140         50          0          8          0       2374   keyboard.o
        22          0          0          0          0      65479   main.o
       224         20          0          0          0     244853   misc.o
      1356         20       2072       1856          0       5433   oled.o
      1126         14          0          0        152       3554   rm_pid.o
      1008        108          0         44         44       3583   serial.o
        64         26        392          0       1536        840   startup_stm32f40_41xxx.o
      1124         24          0          0          0      10706   stm32f4xx_adc.o
       936         32          0          0          0       6413   stm32f4xx_dma.o
       660         44          0          0          0       4177   stm32f4xx_gpio.o
        26          0          0          0          0       1230   stm32f4xx_it.o
      1628         52          0         16          0      13064   stm32f4xx_rcc.o
      3234         60          0          0          0      23032   stm32f4xx_tim.o
      1108         34          0          0          0       7900   stm32f4xx_usart.o
       528         46          0         20          0       1807   system_stm32f4xx.o
       392         26          0          0          0       1275   timer.o
       532         46          0         12         32       2823   tof.o
       328         16          0          6        200       3358   usart.o

    ----------------------------------------------------------------------
     18690        962       2498       2064       1980     412479   Object Totals
         0          0         32          0          0          0   (incl. Generated)
         6          0          2         12          0          0   (incl. Padding)

    ----------------------------------------------------------------------

      Code (inc. data)   RO Data    RW Data    ZI Data      Debug   Library Member Name

       100          0          0          0          0          0   __dclz77c.o
         8          0          0          0          0         68   __main.o
         0          0          0          0          0          0   __rtentry.o
        12          0          0          0          0          0   __rtentry2.o
         6          0          0          0          0          0   __rtentry4.o
        52          8          0          0          0          0   __scatter.o
        28          0          0          0          0          0   __scatter_zi.o
        18          0          0          0          0         80   exit.o
         6          0          0          0          0        152   heapauxi.o
         2          0          0          0          0          0   libinit.o
         6          0          0          0          0          0   libinit2.o
         2          0          0          0          0          0   libshutdown.o
         2          0          0          0          0          0   libshutdown2.o
         8          4          0          0         96         68   libspace.o
       238          0          0          0          0        100   lludivv7m.o
         2          0          0          0          0          0   rtexit.o
        10          0          0          0          0          0   rtexit2.o
        74          0          0          0          0         80   sys_stackheap_outer.o
         2          0          0          0          0         68   use_no_semi.o
         2          0          0          0          0         68   use_no_semi_2.o
        98          4          0          0          0        140   d2f.o
       804         16          0          0          0        368   daddsub_clz.o
        24          0          0          0          0        116   dcmpi.o
        46          0          0          0          0        116   dflt_clz.o
       120          4          0          0          0        140   dleqf.o
       340         12          0          0          0        152   dmul.o
       156          4          0          0          0        140   dnaninf.o
        12          0          0          0          0        116   dretinf.o
       108          0          0          0          0        128   drleqf.o
        86          4          0          0          0        132   f2d.o
       140          4          0          0          0        132   fnaninf.o
        10          0          0          0          0        116   fpinit.o
        10          0          0          0          0        116   fretinf.o
         0          0          0          0          0          0   usenofp.o
        20          0          0          0          0        124   fabs.o

    ----------------------------------------------------------------------
      2556         60          0          0        100       2720   Library Totals
         4          0          0          0          4          0   (incl. Padding)

    ----------------------------------------------------------------------

      Code (inc. data)   RO Data    RW Data    ZI Data      Debug   Library Name

       578         12          0          0         96        684   c_w.l
      1954         48          0          0          0       1912   fz_wm.l
        20          0          0          0          0        124   m_wm.l

    ----------------------------------------------------------------------
      2556         60          0          0        100       2720   Library Totals

    ----------------------------------------------------------------------

==============================================================================


      Code (inc. data)   RO Data    RW Data    ZI Data      Debug   

     21246       1022       2498       2064       2080     408691   Grand Totals
     21246       1022       2498        860       2080     408691   ELF Image Totals (compressed)
     21246       1022       2498        860          0          0   ROM Totals

==============================================================================

    Total RO  Size (Code + RO Data)                23744 (  23.19kB)
    Total RW  Size (RW Data + ZI Data)              4144 (   4.05kB)
    Total ROM Size (Code + RO Data + RW Data)      24604 (  24.03kB)

==============================================================================

