Component: ARM Compiler 5.06 update 4 (build 422) Tool: armlink [4d35d2]

==============================================================================

Section Cross References

    main.o(.text) refers to bsp.o(.text) for BSP_Init
    system_stm32f4xx.o(.text) refers to system_stm32f4xx.o(.data) for SystemCoreClock
    startup_stm32f40_41xxx.o(STACK) refers (Special) to heapauxi.o(.text) for __use_two_region_memory
    startup_stm32f40_41xxx.o(HEAP) refers (Special) to heapauxi.o(.text) for __use_two_region_memory
    startup_stm32f40_41xxx.o(RESET) refers (Special) to heapauxi.o(.text) for __use_two_region_memory
    startup_stm32f40_41xxx.o(RESET) refers to startup_stm32f40_41xxx.o(STACK) for __initial_sp
    startup_stm32f40_41xxx.o(RESET) refers to startup_stm32f40_41xxx.o(.text) for Reset_Handler
    startup_stm32f40_41xxx.o(RESET) refers to stm32f4xx_it.o(.text) for NMI_Handler
    startup_stm32f40_41xxx.o(RESET) refers to imu.o(.text) for EXTI2_IRQHandler
    startup_stm32f40_41xxx.o(RESET) refers to remote.o(.text) for DMA1_Stream5_IRQHandler
    startup_stm32f40_41xxx.o(RESET) refers to can1.o(.text) for CAN1_TX_IRQHandler
    startup_stm32f40_41xxx.o(RESET) refers to usart.o(.text) for USART1_IRQHandler
    startup_stm32f40_41xxx.o(RESET) refers to timer.o(.text) for TIM6_DAC_IRQHandler
    startup_stm32f40_41xxx.o(.text) refers (Special) to heapauxi.o(.text) for __use_two_region_memory
    startup_stm32f40_41xxx.o(.text) refers to system_stm32f4xx.o(.text) for SystemInit
    startup_stm32f40_41xxx.o(.text) refers to __main.o(!!!main) for __main
    startup_stm32f40_41xxx.o(.text) refers to startup_stm32f40_41xxx.o(HEAP) for Heap_Mem
    startup_stm32f40_41xxx.o(.text) refers to startup_stm32f40_41xxx.o(STACK) for Stack_Mem
    stm32f4xx_adc.o(.text) refers to stm32f4xx_rcc.o(.text) for RCC_APB2PeriphResetCmd
    stm32f4xx_can.o(.text) refers to stm32f4xx_rcc.o(.text) for RCC_APB1PeriphResetCmd
    stm32f4xx_cryp.o(.text) refers to stm32f4xx_rcc.o(.text) for RCC_AHB2PeriphResetCmd
    stm32f4xx_cryp_aes.o(.text) refers to stm32f4xx_cryp.o(.text) for CRYP_KeyStructInit
    stm32f4xx_cryp_des.o(.text) refers to stm32f4xx_cryp.o(.text) for CRYP_KeyStructInit
    stm32f4xx_cryp_tdes.o(.text) refers to stm32f4xx_cryp.o(.text) for CRYP_KeyStructInit
    stm32f4xx_dac.o(.text) refers to stm32f4xx_rcc.o(.text) for RCC_APB1PeriphResetCmd
    stm32f4xx_dma2d.o(.text) refers to stm32f4xx_rcc.o(.text) for RCC_AHB1PeriphResetCmd
    stm32f4xx_fsmc.o(.text) refers to stm32f4xx_fsmc.o(.constdata) for FSMC_DefaultTimingStruct
    stm32f4xx_gpio.o(.text) refers to stm32f4xx_rcc.o(.text) for RCC_AHB1PeriphResetCmd
    stm32f4xx_hash.o(.text) refers to stm32f4xx_rcc.o(.text) for RCC_AHB2PeriphResetCmd
    stm32f4xx_hash_md5.o(.text) refers to stm32f4xx_hash.o(.text) for HASH_DeInit
    stm32f4xx_hash_sha1.o(.text) refers to stm32f4xx_hash.o(.text) for HASH_DeInit
    stm32f4xx_i2c.o(.text) refers to stm32f4xx_rcc.o(.text) for RCC_APB1PeriphResetCmd
    stm32f4xx_ltdc.o(.text) refers to stm32f4xx_rcc.o(.text) for RCC_APB2PeriphResetCmd
    stm32f4xx_pwr.o(.text) refers to stm32f4xx_rcc.o(.text) for RCC_APB1PeriphResetCmd
    stm32f4xx_rcc.o(.text) refers to stm32f4xx_rcc.o(.data) for APBAHBPrescTable
    stm32f4xx_rng.o(.text) refers to stm32f4xx_rcc.o(.text) for RCC_AHB2PeriphResetCmd
    stm32f4xx_sai.o(.text) refers to stm32f4xx_rcc.o(.text) for RCC_APB2PeriphResetCmd
    stm32f4xx_sdio.o(.text) refers to stm32f4xx_rcc.o(.text) for RCC_APB2PeriphResetCmd
    stm32f4xx_spi.o(.text) refers to stm32f4xx_rcc.o(.text) for RCC_APB2PeriphResetCmd
    stm32f4xx_syscfg.o(.text) refers to stm32f4xx_rcc.o(.text) for RCC_APB2PeriphResetCmd
    stm32f4xx_tim.o(.text) refers to stm32f4xx_rcc.o(.text) for RCC_APB2PeriphResetCmd
    stm32f4xx_usart.o(.text) refers to stm32f4xx_rcc.o(.text) for RCC_APB2PeriphResetCmd
    stm32f4xx_wwdg.o(.text) refers to stm32f4xx_rcc.o(.text) for RCC_APB1PeriphResetCmd
    delay.o(.text) refers to misc.o(.text) for SysTick_CLKSourceConfig
    delay.o(.text) refers to delay.o(.data) for fac_us
    usart.o(.rev16_text) refers (Special) to use_no_semi_2.o(.text) for __use_no_semihosting
    usart.o(.revsh_text) refers (Special) to use_no_semi_2.o(.text) for __use_no_semihosting
    usart.o(.text) refers (Special) to use_no_semi_2.o(.text) for __use_no_semihosting
    usart.o(.text) refers to stm32f4xx_rcc.o(.text) for RCC_AHB1PeriphClockCmd
    usart.o(.text) refers to stm32f4xx_gpio.o(.text) for GPIO_PinAFConfig
    usart.o(.text) refers to stm32f4xx_usart.o(.text) for USART_Init
    usart.o(.text) refers to misc.o(.text) for NVIC_Init
    usart.o(.text) refers to usart.o(.data) for USART_RX_STA
    usart.o(.text) refers to usart.o(.bss) for USART_RX_BUF
    usart.o(.bss) refers (Special) to use_no_semi_2.o(.text) for __use_no_semihosting
    usart.o(.data) refers (Special) to use_no_semi_2.o(.text) for __use_no_semihosting
    bsp.o(.text) refers to delay.o(.text) for delay_init
[...]
    .ARM.Collect$$libshutdown$$00000007      0x08000206   Section        0  libshutdown2.o(.ARM.Collect$$libshutdown$$00000007)
    .ARM.Collect$$libshutdown$$0000000A      0x08000206   Section        0  libshutdown2.o(.ARM.Collect$$libshutdown$$0000000A)
    .ARM.Collect$$libshutdown$$0000000C      0x08000206   Section        0  libshutdown2.o(.ARM.Collect$$libshutdown$$0000000C)
    .ARM.Collect$$libshutdown$$0000000F      0x08000206   Section        0  libshutdown2.o(.ARM.Collect$$libshutdown$$0000000F)
    .ARM.Collect$$libshutdown$$00000010      0x08000206   Section        2  libshutdown2.o(.ARM.Collect$$libshutdown$$00000010)
    .ARM.Collect$$rtentry$$00000000          0x08000208   Section        0  __rtentry.o(.ARM.Collect$$rtentry$$00000000)
    .ARM.Collect$$rtentry$$00000002          0x08000208   Section        0  __rtentry2.o(.ARM.Collect$$rtentry$$00000002)
    .ARM.Collect$$rtentry$$00000004          0x08000208   Section        6  __rtentry4.o(.ARM.Collect$$rtentry$$00000004)
    .ARM.Collect$$rtentry$$00000009          0x0800020e   Section        0  __rtentry2.o(.ARM.Collect$$rtentry$$00000009)
    .ARM.Collect$$rtentry$$0000000A          0x0800020e   Section        4  __rtentry2.o(.ARM.Collect$$rtentry$$0000000A)
    .ARM.Collect$$rtentry$$0000000C          0x08000212   Section        0  __rtentry2.o(.ARM.Collect$$rtentry$$0000000C)
    .ARM.Collect$$rtentry$$0000000D          0x08000212   Section        8  __rtentry2.o(.ARM.Collect$$rtentry$$0000000D)
    .ARM.Collect$$rtexit$$00000000           0x0800021a   Section        2  rtexit.o(.ARM.Collect$$rtexit$$00000000)
    .ARM.Collect$$rtexit$$00000002           0x0800021c   Section        0  rtexit2.o(.ARM.Collect$$rtexit$$00000002)
    .ARM.Collect$$rtexit$$00000003           0x0800021c   Section        4  rtexit2.o(.ARM.Collect$$rtexit$$00000003)
    .ARM.Collect$$rtexit$$00000004           0x08000220   Section        6  rtexit2.o(.ARM.Collect$$rtexit$$00000004)
    .text                                    0x08000226   Section        0  main.o(.text)
    .text                                    0x08000230   Section        0  stm32f4xx_it.o(.text)
    .text                                    0x0800024c   Section        0  system_stm32f4xx.o(.text)
    SetSysClock                              0x0800024d   Thumb Code   220  system_stm32f4xx.o(.text)
    .text                                    0x0800045c   Section       64  startup_stm32f40_41xxx.o(.text)
    $v0                                      0x0800045c   Number         0  startup_stm32f40_41xxx.o(.text)
    .text                                    0x0800049c   Section        0  misc.o(.text)
    .text                                    0x0800057c   Section        0  stm32f4xx_can.o(.text)
    CheckITStatus                            0x08000d7f   Thumb Code    18  stm32f4xx_can.o(.text)
    .text                                    0x08000f6c   Section        0  stm32f4xx_dma.o(.text)
    .text                                    0x08001314   Section        0  stm32f4xx_exti.o(.text)
    .text                                    0x08001424   Section        0  stm32f4xx_gpio.o(.text)
    .text                                    0x080016b8   Section        0  stm32f4xx_rcc.o(.text)
    .text                                    0x08001d14   Section        0  stm32f4xx_syscfg.o(.text)
    .text                                    0x08001da8   Section        0  stm32f4xx_tim.o(.text)
    TI4_Config                               0x08002547   Thumb Code    80  stm32f4xx_tim.o(.text)
    TI3_Config                               0x080025a9   Thumb Code    72  stm32f4xx_tim.o(.text)
    TI2_Config                               0x0800260b   Thumb Code    90  stm32f4xx_tim.o(.text)
    TI1_Config                               0x08002677   Thumb Code    58  stm32f4xx_tim.o(.text)
    .text                                    0x08002a4c   Section        0  stm32f4xx_usart.o(.text)
    .text                                    0x08002ea0   Section        0  delay.o(.text)
    .text                                    0x08002fa4   Section        0  usart.o(.text)
    .text                                    0x080030ec   Section        0  bsp.o(.text)
    .text                                    0x08003128   Section        0  can1.o(.text)
    .text                                    0x080032e0   Section        0  timer.o(.text)
    .text                                    0x080033c8   Section        0  mpu_iic.o(.text)
    .text                                    0x08003714   Section        0  rm_pid.o(.text)
    pid_reset                                0x08003715   Thumb Code    34  rm_pid.o(.text)
    pid_init                                 0x08003737   Thumb Code   112  rm_pid.o(.text)
    .text                                    0x08003b24   Section        0  encoder.o(.text)
    .text                                    0x08003c7c   Section        0  remote.o(.text)
    .text                                    0x08003e9c   Section        0  cloudmotor.o(.text)
    .text                                    0x080041a0   Section        0  imu.o(.text)
    .text                                    0x0800567c   Section        0  control_task.o(.text)
    .text                                    0x080056a0   Section        2  use_no_semi_2.o(.text)
    .text                                    0x080056a2   Section        0  heapauxi.o(.text)
    .text                                    0x080056a8   Section        2  use_no_semi.o(.text)
    .text                                    0x080056aa   Section        0  _rserrno.o(.text)
    .text                                    0x080056c0   Section        8  rt_errno_addr_intlibspace.o(.text)
    .text                                    0x080056c8   Section        8  libspace.o(.text)
    .text                                    0x080056d0   Section       74  sys_stackheap_outer.o(.text)
    .text                                    0x0800571a   Section        0  exit.o(.text)
    i.__ARM_fpclassify                       0x0800572c   Section        0  fpclassify.o(i.__ARM_fpclassify)
    i.__hardfp_asin                          0x08005760   Section        0  asin.o(i.__hardfp_asin)
    i.__hardfp_atan                          0x08005ac0   Section        0  atan.o(i.__hardfp_atan)
    i.__hardfp_atan2                         0x08005d98   Section        0  atan2.o(i.__hardfp_atan2)
    i.__kernel_poly                          0x08005f88   Section        0  poly.o(i.__kernel_poly)
    i.__mathlib_dbl_infnan                   0x08006080   Section        0  dunder.o(i.__mathlib_dbl_infnan)
    i.__mathlib_dbl_infnan2                  0x08006094   Section        0  dunder.o(i.__mathlib_dbl_infnan2)
    i.__mathlib_dbl_invalid                  0x080060a8   Section        0  dunder.o(i.__mathlib_dbl_invalid)
    i.__mathlib_dbl_underflow                0x080060c8   Section        0  dunder.o(i.__mathlib_dbl_underflow)
    i.atan                                   0x080060e8   Section        0  atan.o(i.atan)
    i.fabs                                   0x080060f8   Section        0  fabs.o(i.fabs)
    i.sqrt                                   0x08006110   Section        0  sqrt.o(i.sqrt)
    x$fpl$basic                              0x0800617e   Section       24  basic.o(x$fpl$basic)
    $v0                                      0x0800617e   Number         0  basic.o(x$fpl$basic)
    x$fpl$d2f                                0x08006198   Section       98  d2f.o(x$fpl$d2f)
    $v0                                      0x08006198   Number         0  d2f.o(x$fpl$d2f)
    x$fpl$dadd                               0x080061fc   Section      336  daddsub_clz.o(x$fpl$dadd)
    $v0                                      0x080061fc   Number         0  daddsub_clz.o(x$fpl$dadd)
    _dadd1                                   0x0800620d   Thumb Code     0  daddsub_clz.o(x$fpl$dadd)
    x$fpl$ddiv                               0x0800634c   Section      688  ddiv.o(x$fpl$ddiv)
    $v0                                      0x0800634c   Number         0  ddiv.o(x$fpl$ddiv)
    ddiv_entry                               0x08006353   Thumb Code     0  ddiv.o(x$fpl$ddiv)
    x$fpl$dmul                               0x080065fc   Section      340  dmul.o(x$fpl$dmul)
    $v0                                      0x080065fc   Number         0  dmul.o(x$fpl$dmul)
    x$fpl$dnaninf                            0x08006750   Section      156  dnaninf.o(x$fpl$dnaninf)
    $v0                                      0x08006750   Number         0  dnaninf.o(x$fpl$dnaninf)
    x$fpl$dretinf                            0x080067ec   Section       12  dretinf.o(x$fpl$dretinf)
    $v0                                      0x080067ec   Number         0  dretinf.o(x$fpl$dretinf)
    x$fpl$drsb                               0x080067f8   Section       22  daddsub_clz.o(x$fpl$drsb)
    $v0                                      0x080067f8   Number         0  daddsub_clz.o(x$fpl$drsb)
    x$fpl$dsqrt                              0x08006810   Section      408  dsqrt_umaal.o(x$fpl$dsqrt)
    $v0                                      0x08006810   Number         0  dsqrt_umaal.o(x$fpl$dsqrt)
    x$fpl$dsub                               0x080069a8   Section      468  daddsub_clz.o(x$fpl$dsub)
    $v0                                      0x080069a8   Number         0  daddsub_clz.o(x$fpl$dsub)
    _dsub1                                   0x080069b9   Thumb Code     0  daddsub_clz.o(x$fpl$dsub)
    x$fpl$f2d                                0x08006b7c   Section       86  f2d.o(x$fpl$f2d)
    $v0                                      0x08006b7c   Number         0  f2d.o(x$fpl$f2d)
    x$fpl$fnaninf                            0x08006bd2   Section      140  fnaninf.o(x$fpl$fnaninf)
    $v0                                      0x08006bd2   Number         0  fnaninf.o(x$fpl$fnaninf)
    x$fpl$fpinit                             0x08006c5e   Section       10  fpinit.o(x$fpl$fpinit)
    $v0                                      0x08006c5e   Number         0  fpinit.o(x$fpl$fpinit)
    x$fpl$fretinf                            0x08006c68   Section       10  fretinf.o(x$fpl$fretinf)
    $v0                                      0x08006c68   Number         0  fretinf.o(x$fpl$fretinf)
    x$fpl$usenofp                            0x08006c72   Section        0  usenofp.o(x$fpl$usenofp)
    .constdata                               0x08006c78   Section       80  asin.o(.constdata)
    pS                                       0x08006c78   Data          48  asin.o(.constdata)
    qS                                       0x08006ca8   Data          32  asin.o(.constdata)
    .constdata                               0x08006cc8   Section      152  atan.o(.constdata)
    atanhi                                   0x08006cc8   Data          32  atan.o(.constdata)
    atanlo                                   0x08006ce8   Data          32  atan.o(.constdata)
    aTodd                                    0x08006d08   Data          40  atan.o(.constdata)
    aTeven                                   0x08006d30   Data          48  atan.o(.constdata)
    .constdata                               0x08006d60   Section        8  qnan.o(.constdata)
    .data                                    0x20000000   Section       20  system_stm32f4xx.o(.data)
    .data                                    0x20000014   Section       16  stm32f4xx_rcc.o(.data)
    APBAHBPrescTable                         0x20000014   Data          16  stm32f4xx_rcc.o(.data)
    .data                                    0x20000024   Section        4  delay.o(.data)
    fac_us                                   0x20000024   Data           1  delay.o(.data)
    fac_ms                                   0x20000026   Data           2  delay.o(.data)
    .data                                    0x20000028   Section        6  usart.o(.data)
    .data                                    0x20000030   Section        8  timer.o(.data)
    time_1ms                                 0x20000030   Data           8  timer.o(.data)
    .data                                    0x20000038   Section       12  rm_pid.o(.data)
    .data                                    0x20000048   Section      180  imu.o(.data)
    gx                                       0x20000090   Data           4  imu.o(.data)
    gy                                       0x20000094   Data           4  imu.o(.data)
    gz                                       0x20000098   Data           4  imu.o(.data)
    ax                                       0x2000009c   Data           4  imu.o(.data)
    ay                                       0x200000a0   Data           4  imu.o(.data)
    az                                       0x200000a4   Data           4  imu.o(.data)
    .data                                    0x20000100   Section        8  control_task.o(.data)
    .bss                                     0x20000108   Section      200  usart.o(.bss)
    .bss                                     0x200001d0   Section      608  rm_pid.o(.bss)
    .bss                                     0x20000430   Section      456  encoder.o(.bss)
    .bss                                     0x200005f8   Section       38  remote.o(.bss)
    .bss                                     0x20000620   Section       68  cloudmotor.o(.bss)
    .bss                                     0x20000664   Section      344  imu.o(.bss)
    q                                        0x200007a0   Data          16  imu.o(.bss)
    .bss                                     0x200007bc   Section       96  libspace.o(.bss)
    HEAP                                     0x20000820   Section      512  startup_stm32f40_41xxx.o(HEAP)
    Heap_Mem                                 0x20000820   Data         512  startup_stm32f40_41xxx.o(HEAP)
    STACK                                    0x20000a20   Section     1024  startup_stm32f40_41xxx.o(STACK)
    Stack_Mem                                0x20000a20   Data        1024  startup_stm32f40_41xxx.o(STACK)
    __initial_sp                             0x20000e20   Data           0  startup_stm32f40_41xxx.o(STACK)

    Global Symbols

    Symbol Name                              Value     Ov Type        Size  Object(Section)

    BuildAttributes$$THM_ISAv4$E$P$D$K$B$S$7EM$VFPi3$EXTD16$VFPS$VFMA$PE$A:L22UL41UL21$X:L11$S22US41US21$IEEE1$IW$USESV6$~STKCKD$USESV7$~SHL$OTIME$ROPI$IEEEX$EBA8$UX$STANDARDLIB$REQ8$PRES8$EABIv2 0x00000000   Number         0  anon$$obj.o ABSOLUTE
    __ARM_use_no_argv                        0x00000000   Number         0  main.o ABSOLUTE
    __ARM_exceptions_init                     - Undefined Weak Reference
    __alloca_initialize                       - Undefined Weak Reference
    __arm_preinit_                            - Undefined Weak Reference
    __cpp_initialize__aeabi_                  - Undefined Weak Reference
    __cxa_finalize                            - Undefined Weak Reference
    __rt_locale                               - Undefined Weak Reference
    __sigvec_lookup                           - Undefined Weak Reference
    _atexit_init                              - Undefined Weak Reference
    _call_atexit_fns                          - Undefined Weak Reference
    _clock_init                               - Undefined Weak Reference
    _fp_trap_init                             - Undefined Weak Reference
    _fp_trap_shutdown                         - Undefined Weak Reference
    _get_lc_collate                           - Undefined Weak Reference
    _get_lc_ctype                             - Undefined Weak Reference
    _get_lc_monetary                          - Undefined Weak Reference
    _get_lc_numeric                           - Undefined Weak Reference
    _get_lc_time                              - Undefined Weak Reference
    _getenv_init                              - Undefined Weak Reference
    _handle_redirection                       - Undefined Weak Reference
    _init_alloc                               - Undefined Weak Reference
    _init_user_alloc                          - Undefined Weak Reference
    _initio                                   - Undefined Weak Reference
    _rand_init                                - Undefined Weak Reference
    _signal_finish                            - Undefined Weak Reference
    _signal_init                              - Undefined Weak Reference
    _terminate_alloc                          - Undefined Weak Reference
    _terminate_user_alloc                     - Undefined Weak Reference
    _terminateio                              - Undefined Weak Reference
    __Vectors_Size                           0x00000188   Number         0  startup_stm32f40_41xxx.o ABSOLUTE
    __Vectors                                0x08000000   Data           4  startup_stm32f40_41xxx.o(RESET)
    __Vectors_End                            0x08000188   Data           0  startup_stm32f40_41xxx.o(RESET)
    __main                                   0x08000189   Thumb Code     8  __main.o(!!!main)
    __scatterload                            0x08000191   Thumb Code     0  __scatter.o(!!!scatter)
    __scatterload_rt2                        0x08000191   Thumb Code    44  __scatter.o(!!!scatter)
    __scatterload_rt2_thumb_only             0x08000191   Thumb Code     0  __scatter.o(!!!scatter)
    __scatterload_null                       0x0800019f   Thumb Code     0  __scatter.o(!!!scatter)
    __scatterload_copy                       0x080001c5   Thumb Code    26  __scatter_copy.o(!!handler_copy)
    __scatterload_zeroinit                   0x080001e1   Thumb Code    28  __scatter_zi.o(!!handler_zi)
    __rt_lib_init                            0x080001fd   Thumb Code     0  libinit.o(.ARM.Collect$$libinit$$00000000)
    __rt_lib_init_fp_1                       0x080001ff   Thumb Code     0  libinit2.o(.ARM.Collect$$libinit$$00000001)
    __rt_lib_init_alloca_1                   0x08000203   Thumb Code     0  libinit2.o(.ARM.Collect$$libinit$$0000002E)
    __rt_lib_init_argv_1                     0x08000203   Thumb Code     0  libinit2.o(.ARM.Collect$$libinit$$0000002C)
    __rt_lib_init_atexit_1                   0x08000203   Thumb Code     0  libinit2.o(.ARM.Collect$$libinit$$0000001B)
    __rt_lib_init_clock_1                    0x08000203   Thumb Code     0  libinit2.o(.ARM.Collect$$libinit$$00000021)
    __rt_lib_init_cpp_1                      0x08000203   Thumb Code     0  libinit2.o(.ARM.Collect$$libinit$$00000032)
    __rt_lib_init_exceptions_1               0x08000203   Thumb Code     0  libinit2.o(.ARM.Collect$$libinit$$00000030)
    __rt_lib_init_fp_trap_1                  0x08000203   Thumb Code     0  libinit2.o(.ARM.Collect$$libinit$$0000001F)
    __rt_lib_init_getenv_1                   0x08000203   Thumb Code     0  libinit2.o(.ARM.Collect$$libinit$$00000023)
    __rt_lib_init_heap_1                     0x08000203   Thumb Code     0  libinit2.o(.ARM.Collect$$libinit$$0000000A)
    __rt_lib_init_lc_collate_1               0x08000203   Thumb Code     0  libinit2.o(.ARM.Collect$$libinit$$00000011)
    __rt_lib_init_lc_ctype_1                 0x08000203   Thumb Code     0  libinit2.o(.ARM.Collect$$libinit$$00000013)
    __rt_lib_init_lc_monetary_1              0x08000203   Thumb Code     0  libinit2.o(.ARM.Collect$$libinit$$00000015)
    __rt_lib_init_lc_numeric_1               0x08000203   Thumb Code     0  libinit2.o(.ARM.Collect$$libinit$$00000017)
    __rt_lib_init_lc_time_1                  0x08000203   Thumb Code     0  libinit2.o(.ARM.Collect$$libinit$$00000019)
    __rt_lib_init_preinit_1                  0x08000203   Thumb Code     0  libinit2.o(.ARM.Collect$$libinit$$00000004)
    __rt_lib_init_rand_1                     0x08000203   Thumb Code     0  libinit2.o(.ARM.Collect$$libinit$$0000000E)
    __rt_lib_init_return                     0x08000203   Thumb Code     0  libinit2.o(.ARM.Collect$$libinit$$00000033)
    __rt_lib_init_signal_1                   0x08000203   Thumb Code     0  libinit2.o(.ARM.Collect$$libinit$$0000001D)
    __rt_lib_init_stdio_1                    0x08000203   Thumb Code     0  libinit2.o(.ARM.Collect$$libinit$$00000025)
    __rt_lib_init_user_alloc_1               0x08000203   Thumb Code     0  libinit2.o(.ARM.Collect$$libinit$$0000000C)
    __rt_lib_shutdown                        0x08000205   Thumb Code     0  libshutdown.o(.ARM.Collect$$libshutdown$$00000000)
    __rt_lib_shutdown_cpp_1                  0x08000207   Thumb Code     0  libshutdown2.o(.ARM.Collect$$libshutdown$$00000002)
    __rt_lib_shutdown_fp_trap_1              0x08000207   Thumb Code     0  libshutdown2.o(.ARM.Collect$$libshutdown$$00000007)
    __rt_lib_shutdown_heap_1                 0x08000207   Thumb Code     0  libshutdown2.o(.ARM.Collect$$libshutdown$$0000000F)
    __rt_lib_shutdown_return                 0x08000207   Thumb Code     0  libshutdown2.o(.ARM.Collect$$libshutdown$$00000010)
    __rt_lib_shutdown_signal_1               0x08000207   Thumb Code     0  libshutdown2.o(.ARM.Collect$$libshutdown$$0000000A)
    __rt_lib_shutdown_stdio_1                0x08000207   Thumb Code     0  libshutdown2.o(.ARM.Collect$$libshutdown$$00000004)
    __rt_lib_shutdown_user_alloc_1           0x08000207   Thumb Code     0  libshutdown2.o(.ARM.Collect$$libshutdown$$0000000C)
    __rt_entry                               0x08000209   Thumb Code     0  __rtentry.o(.ARM.Collect$$rtentry$$00000000)
    __rt_entry_presh_1                       0x08000209   Thumb Code     0  __rtentry2.o(.ARM.Collect$$rtentry$$00000002)
    __rt_entry_sh                            0x08000209   Thumb Code     0  __rtentry4.o(.ARM.Collect$$rtentry$$00000004)
    __rt_entry_li                            0x0800020f   Thumb Code     0  __rtentry2.o(.ARM.Collect$$rtentry$$0000000A)
    __rt_entry_postsh_1                      0x0800020f   Thumb Code     0  __rtentry2.o(.ARM.Collect$$rtentry$$00000009)
    __rt_entry_main                          0x08000213   Thumb Code     0  __rtentry2.o(.ARM.Collect$$rtentry$$0000000D)
    __rt_entry_postli_1                      0x08000213   Thumb Code     0  __rtentry2.o(.ARM.Collect$$rtentry$$0000000C)
    __rt_exit                                0x0800021b   Thumb Code     0  rtexit.o(.ARM.Collect$$rtexit$$00000000)
    __rt_exit_ls                             0x0800021d   Thumb Code     0  rtexit2.o(.ARM.Collect$$rtexit$$00000003)
    __rt_exit_prels_1                        0x0800021d   Thumb Code     0  rtexit2.o(.ARM.Collect$$rtexit$$00000002)
    __rt_exit_exit                           0x08000221   Thumb Code     0  rtexit2.o(.ARM.Collect$$rtexit$$00000004)
    main                                     0x08000227   Thumb Code    10  main.o(.text)
    NMI_Handler                              0x08000231   Thumb Code     2  stm32f4xx_it.o(.text)
    HardFault_Handler                        0x08000233   Thumb Code     4  stm32f4xx_it.o(.text)
    MemManage_Handler                        0x08000237   Thumb Code     4  stm32f4xx_it.o(.text)
    BusFault_Handler                         0x0800023b   Thumb Code     4  stm32f4xx_it.o(.text)
    UsageFault_Handler                       0x0800023f   Thumb Code     4  stm32f4xx_it.o(.text)
    SVC_Handler                              0x08000243   Thumb Code     2  stm32f4xx_it.o(.text)
    DebugMon_Handler                         0x08000245   Thumb Code     2  stm32f4xx_it.o(.text)
    PendSV_Handler                           0x08000247   Thumb Code     2  stm32f4xx_it.o(.text)
    SysTick_Handler                          0x08000249   Thumb Code     2  stm32f4xx_it.o(.text)
    SystemInit                               0x08000329   Thumb Code    88  system_stm32f4xx.o(.text)
    SystemCoreClockUpdate                    0x08000381   Thumb Code   174  system_stm32f4xx.o(.text)
    Reset_Handler                            0x0800045d   Thumb Code     8  startup_stm32f40_41xxx.o(.text)
    ADC_IRQHandler                           0x08000477   Thumb Code     0  startup_stm32f40_41xxx.o(.text)
    CAN1_RX1_IRQHandler                      0x08000477   Thumb Code     0  startup_stm32f40_41xxx.o(.text)
    CAN1_SCE_IRQHandler                      0x08000477   Thumb Code     0  startup_stm32f40_41xxx.o(.text)
    CAN2_RX0_IRQHandler                      0x08000477   Thumb Code     0  startup_stm32f40_41xxx.o(.text)
    CAN2_RX1_IRQHandler                      0x08000477   Thumb Code     0  startup_stm32f40_41xxx.o(.text)
    CAN2_SCE_IRQHandler                      0x08000477   Thumb Code     0  startup_stm32f40_41xxx.o(.text)
    CAN2_TX_IRQHandler                       0x08000477   Thumb Code     0  startup_stm32f40_41xxx.o(.text)
    CRYP_IRQHandler                          0x08000477   Thumb Code     0  startup_stm32f40_41xxx.o(.text)
    DCMI_IRQHandler                          0x08000477   Thumb Code     0  startup_stm32f40_41xxx.o(.text)
    DMA1_Stream0_IRQHandler                  0x08000477   Thumb Code     0  startup_stm32f40_41xxx.o(.text)
    DMA1_Stream1_IRQHandler                  0x08000477   Thumb Code     0  startup_stm32f40_41xxx.o(.text)
    DMA1_Stream2_IRQHandler                  0x08000477   Thumb Code     0  startup_stm32f40_41xxx.o(.text)
    DMA1_Stream3_IRQHandler                  0x08000477   Thumb Code     0  startup_stm32f40_41xxx.o(.text)
    DMA1_Stream4_IRQHandler                  0x08000477   Thumb Code     0  startup_stm32f40_41xxx.o(.text)
    DMA1_Stream6_IRQHandler                  0x08000477   Thumb Code     0  startup_stm32f40_41xxx.o(.text)
    DMA1_Stream7_IRQHandler                  0x08000477   Thumb Code     0  startup_stm32f40_41xxx.o(.text)
    DMA2_Stream0_IRQHandler                  0x08000477   Thumb Code     0  startup_stm32f40_41xxx.o(.text)
    DMA2_Stream1_IRQHandler                  0x08000477   Thumb Code     0  startup_stm32f40_41xxx.o(.text)
    DMA2_Stream2_IRQHandler                  0x08000477   Thumb Code     0  startup_stm32f40_41xxx.o(.text)
    DMA2_Stream3_IRQHandler                  0x08000477   Thumb Code     0  startup_stm32f40_41xxx.o(.text)
    DMA2_Stream4_IRQHandler                  0x08000477   Thumb Code     0  startup_stm32f40_41xxx.o(.text)
    DMA2_Stream5_IRQHandler                  0x08000477   Thumb Code     0  startup_stm32f40_41xxx.o(.text)
    DMA2_Stream6_IRQHandler                  0x08000477   Thumb Code     0  startup_stm32f40_41xxx.o(.text)
    DMA2_Stream7_IRQHandler                  0x08000477   Thumb Code     0  startup_stm32f40_41xxx.o(.text)
    ETH_IRQHandler                           0x08000477   Thumb Code     0  startup_stm32f40_41xxx.o(.text)
    ETH_WKUP_IRQHandler                      0x08000477   Thumb Code     0  startup_stm32f40_41xxx.o(.text)
    EXTI0_IRQHandler                         0x08000477   Thumb Code     0  startup_stm32f40_41xxx.o(.text)
    EXTI15_10_IRQHandler                     0x08000477   Thumb Code     0  startup_stm32f40_41xxx.o(.text)
    EXTI1_IRQHandler                         0x08000477   Thumb Code     0  startup_stm32f40_41xxx.o(.text)
    EXTI3_IRQHandler                         0x08000477   Thumb Code     0  startup_stm32f40_41xxx.o(.text)
    EXTI4_IRQHandler                         0x08000477   Thumb Code     0  startup_stm32f40_41xxx.o(.text)
    EXTI9_5_IRQHandler                       0x08000477   Thumb Code     0  startup_stm32f40_41xxx.o(.text)
    FLASH_IRQHandler                         0x08000477   Thumb Code     0  startup_stm32f40_41xxx.o(.text)
    FPU_IRQHandler                           0x08000477   Thumb Code     0  startup_stm32f40_41xxx.o(.text)
    FSMC_IRQHandler                          0x08000477   Thumb Code     0  startup_stm32f40_41xxx.o(.text)
    HASH_RNG_IRQHandler                      0x08000477   Thumb Code     0  startup_stm32f40_41xxx.o(.text)
    I2C1_ER_IRQHandler                       0x08000477   Thumb Code     0  startup_stm32f40_41xxx.o(.text)
    I2C1_EV_IRQHandler                       0x08000477   Thumb Code     0  startup_stm32f40_41xxx.o(.text)
    I2C2_ER_IRQHandler                       0x08000477   Thumb Code     0  startup_stm32f40_41xxx.o(.text)
    I2C2_EV_IRQHandler                       0x08000477   Thumb Code     0  startup_stm32f40_41xxx.o(.text)
    I2C3_ER_IRQHandler                       0x08000477   Thumb Code     0  startup_stm32f40_41xxx.o(.text)
    I2C3_EV_IRQHandler                       0x08000477   Thumb Code     0  startup_stm32f40_41xxx.o(.text)
    OTG_FS_IRQHandler                        0x08000477   Thumb Code     0  startup_stm32f40_41xxx.o(.text)
    OTG_FS_WKUP_IRQHandler                   0x08000477   Thumb Code     0  startup_stm32f40_41xxx.o(.text)
    OTG_HS_EP1_IN_IRQHandler                 0x08000477   Thumb Code     0  startup_stm32f40_41xxx.o(.text)
    OTG_HS_EP1_OUT_IRQHandler                0x08000477   Thumb Code     0  startup_stm32f40_41xxx.o(.text)
    OTG_HS_IRQHandler                        0x08000477   Thumb Code     0  startup_stm32f40_41xxx.o(.text)
    OTG_HS_WKUP_IRQHandler                   0x08000477   Thumb Code     0  startup_stm32f40_41xxx.o(.text)
    PVD_IRQHandler                           0x08000477   Thumb Code     0  startup_stm32f40_41xxx.o(.text)
    RCC_IRQHandler                           0x08000477   Thumb Code     0  startup_stm32f40_41xxx.o(.text)
    RTC_Alarm_IRQHandler                     0x08000477   Thumb Code     0  startup_stm32f40_41xxx.o(.text)
    RTC_WKUP_IRQHandler                      0x08000477   Thumb Code     0  startup_stm32f40_41xxx.o(.text)
    SDIO_IRQHandler                          0x08000477   Thumb Code     0  startup_stm32f40_41xxx.o(.text)
    SPI1_IRQHandler                          0x08000477   Thumb Code     0  startup_stm32f40_41xxx.o(.text)
    SPI2_IRQHandler                          0x08000477   Thumb Code     0  startup_stm32f40_41xxx.o(.text)
    SPI3_IRQHandler                          0x08000477   Thumb Code     0  startup_stm32f40_41xxx.o(.text)
    TAMP_STAMP_IRQHandler                    0x08000477   Thumb Code     0  startup_stm32f40_41xxx.o(.text)
    TIM1_BRK_TIM9_IRQHandler                 0x08000477   Thumb Code     0  startup_stm32f40_41xxx.o(.text)
    TIM1_CC_IRQHandler                       0x08000477   Thumb Code     0  startup_stm32f40_41xxx.o(.text)
    TIM1_TRG_COM_TIM11_IRQHandler            0x08000477   Thumb Code     0  startup_stm32f40_41xxx.o(.text)
    TIM1_UP_TIM10_IRQHandler                 0x08000477   Thumb Code     0  startup_stm32f40_41xxx.o(.text)
    TIM2_IRQHandler                          0x08000477   Thumb Code     0  startup_stm32f40_41xxx.o(.text)
    TIM3_IRQHandler                          0x08000477   Thumb Code     0  startup_stm32f40_41xxx.o(.text)
    TIM4_IRQHandler                          0x08000477   Thumb Code     0  startup_stm32f40_41xxx.o(.text)
    TIM5_IRQHandler                          0x08000477   Thumb Code     0  startup_stm32f40_41xxx.o(.text)
    TIM7_IRQHandler                          0x08000477   Thumb Code     0  startup_stm32f40_41xxx.o(.text)
    TIM8_BRK_TIM12_IRQHandler                0x08000477   Thumb Code     0  startup_stm32f40_41xxx.o(.text)
    TIM8_CC_IRQHandler                       0x08000477   Thumb Code     0  startup_stm32f40_41xxx.o(.text)
    TIM8_TRG_COM_TIM14_IRQHandler            0x08000477   Thumb Code     0  startup_stm32f40_41xxx.o(.text)
    TIM8_UP_TIM13_IRQHandler                 0x08000477   Thumb Code     0  startup_stm32f40_41xxx.o(.text)
    UART4_IRQHandler                         0x08000477   Thumb Code     0  startup_stm32f40_41xxx.o(.text)
    UART5_IRQHandler                         0x08000477   Thumb Code     0  startup_stm32f40_41xxx.o(.text)
    USART2_IRQHandler                        0x08000477   Thumb Code     0  startup_stm32f40_41xxx.o(.text)
    USART3_IRQHandler                        0x08000477   Thumb Code     0  startup_stm32f40_41xxx.o(.text)
    USART6_IRQHandler                        0x08000477   Thumb Code     0  startup_stm32f40_41xxx.o(.text)
    WWDG_IRQHandler                          0x08000477   Thumb Code     0  startup_stm32f40_41xxx.o(.text)
    __user_initial_stackheap                 0x08000479   Thumb Code     0  startup_stm32f40_41xxx.o(.text)
    NVIC_PriorityGroupConfig                 0x0800049d   Thumb Code    10  misc.o(.text)
    NVIC_Init                                0x080004a7   Thumb Code   106  misc.o(.text)
    NVIC_SetVectorTable                      0x08000511   Thumb Code    14  misc.o(.text)
    NVIC_SystemLPConfig                      0x0800051f   Thumb Code    34  misc.o(.text)
    SysTick_CLKSourceConfig                  0x08000541   Thumb Code    40  misc.o(.text)
    CAN_DeInit                               0x0800057d   Thumb Code    50  stm32f4xx_can.o(.text)
    CAN_Init                                 0x080005af   Thumb Code   276  stm32f4xx_can.o(.text)
    CAN_FilterInit                           0x080006c3   Thumb Code   258  stm32f4xx_can.o(.text)
    CAN_StructInit                           0x080007c5   Thumb Code    32  stm32f4xx_can.o(.text)
    CAN_SlaveStartBank                       0x080007e5   Thumb Code    48  stm32f4xx_can.o(.text)
    CAN_DBGFreeze                            0x08000815   Thumb Code    22  stm32f4xx_can.o(.text)
    CAN_TTComModeCmd                         0x0800082b   Thumb Code   118  stm32f4xx_can.o(.text)
    CAN_Transmit                             0x080008a1   Thumb Code   304  stm32f4xx_can.o(.text)
    CAN_TransmitStatus                       0x080009d1   Thumb Code   138  stm32f4xx_can.o(.text)
    CAN_CancelTransmit                       0x08000a5b   Thumb Code    48  stm32f4xx_can.o(.text)
    CAN_Receive                              0x08000a8b   Thumb Code   240  stm32f4xx_can.o(.text)
    CAN_FIFORelease                          0x08000b7b   Thumb Code    22  stm32f4xx_can.o(.text)
    CAN_MessagePending                       0x08000b91   Thumb Code    30  stm32f4xx_can.o(.text)
    CAN_OperatingModeRequest                 0x08000baf   Thumb Code   162  stm32f4xx_can.o(.text)
    CAN_Sleep                                0x08000c51   Thumb Code    30  stm32f4xx_can.o(.text)
    CAN_WakeUp                               0x08000c6f   Thumb Code    48  stm32f4xx_can.o(.text)
    CAN_GetLastErrorCode                     0x08000c9f   Thumb Code    12  stm32f4xx_can.o(.text)
    CAN_GetReceiveErrorCounter               0x08000cab   Thumb Code    10  stm32f4xx_can.o(.text)
    CAN_GetLSBTransmitErrorCounter           0x08000cb5   Thumb Code    12  stm32f4xx_can.o(.text)
    CAN_ITConfig                             0x08000cc1   Thumb Code    18  stm32f4xx_can.o(.text)
    CAN_GetFlagStatus                        0x08000cd3   Thumb Code   120  stm32f4xx_can.o(.text)
    CAN_ClearFlag                            0x08000d4b   Thumb Code    52  stm32f4xx_can.o(.text)
    CAN_GetITStatus                          0x08000d91   Thumb Code   310  stm32f4xx_can.o(.text)
    CAN_ClearITPendingBit                    0x08000ec7   Thumb Code   162  stm32f4xx_can.o(.text)
    DMA_DeInit                               0x08000f6d   Thumb Code   324  stm32f4xx_dma.o(.text)
    DMA_Init                                 0x080010b1   Thumb Code    82  stm32f4xx_dma.o(.text)
    DMA_StructInit                           0x08001103   Thumb Code    34  stm32f4xx_dma.o(.text)
    DMA_Cmd                                  0x08001125   Thumb Code    22  stm32f4xx_dma.o(.text)
    DMA_PeriphIncOffsetSizeConfig            0x0800113b   Thumb Code    22  stm32f4xx_dma.o(.text)
    DMA_FlowControllerConfig                 0x08001151   Thumb Code    22  stm32f4xx_dma.o(.text)
    DMA_SetCurrDataCounter                   0x08001167   Thumb Code     4  stm32f4xx_dma.o(.text)
    DMA_GetCurrDataCounter                   0x0800116b   Thumb Code     8  stm32f4xx_dma.o(.text)
    DMA_DoubleBufferModeConfig               0x08001173   Thumb Code    24  stm32f4xx_dma.o(.text)
    DMA_DoubleBufferModeCmd                  0x0800118b   Thumb Code    22  stm32f4xx_dma.o(.text)
    DMA_MemoryTargetConfig                   0x080011a1   Thumb Code    10  stm32f4xx_dma.o(.text)
    DMA_GetCurrentMemoryTarget               0x080011ab   Thumb Code    20  stm32f4xx_dma.o(.text)
    DMA_GetCmdStatus                         0x080011bf   Thumb Code    20  stm32f4xx_dma.o(.text)
    DMA_GetFIFOStatus                        0x080011d3   Thumb Code    12  stm32f4xx_dma.o(.text)
    DMA_GetFlagStatus                        0x080011df   Thumb Code    56  stm32f4xx_dma.o(.text)
    DMA_ClearFlag                            0x08001217   Thumb Code    40  stm32f4xx_dma.o(.text)
    DMA_ITConfig                             0x0800123f   Thumb Code    58  stm32f4xx_dma.o(.text)
    DMA_GetITStatus                          0x08001279   Thumb Code    84  stm32f4xx_dma.o(.text)
    DMA_ClearITPendingBit                    0x080012cd   Thumb Code    40  stm32f4xx_dma.o(.text)
    EXTI_DeInit                              0x08001315   Thumb Code    28  stm32f4xx_exti.o(.text)
    EXTI_Init                                0x08001331   Thumb Code   142  stm32f4xx_exti.o(.text)
    EXTI_StructInit                          0x080013bf   Thumb Code    16  stm32f4xx_exti.o(.text)
    EXTI_GenerateSWInterrupt                 0x080013cf   Thumb Code    16  stm32f4xx_exti.o(.text)
    EXTI_GetFlagStatus                       0x080013df   Thumb Code    22  stm32f4xx_exti.o(.text)
    EXTI_ClearFlag                           0x080013f5   Thumb Code     8  stm32f4xx_exti.o(.text)
    EXTI_GetITStatus                         0x080013fd   Thumb Code    22  stm32f4xx_exti.o(.text)
    EXTI_ClearITPendingBit                   0x08001413   Thumb Code     8  stm32f4xx_exti.o(.text)
    GPIO_DeInit                              0x08001425   Thumb Code   268  stm32f4xx_gpio.o(.text)
    GPIO_Init                                0x08001531   Thumb Code   144  stm32f4xx_gpio.o(.text)
    GPIO_StructInit                          0x080015c1   Thumb Code    18  stm32f4xx_gpio.o(.text)
    GPIO_PinLockConfig                       0x080015d3   Thumb Code    34  stm32f4xx_gpio.o(.text)
    GPIO_ReadInputDataBit                    0x080015f5   Thumb Code    18  stm32f4xx_gpio.o(.text)
    GPIO_ReadInputData                       0x08001607   Thumb Code     8  stm32f4xx_gpio.o(.text)
    GPIO_ReadOutputDataBit                   0x0800160f   Thumb Code    18  stm32f4xx_gpio.o(.text)
    GPIO_ReadOutputData                      0x08001621   Thumb Code     8  stm32f4xx_gpio.o(.text)
    GPIO_SetBits                             0x08001629   Thumb Code     4  stm32f4xx_gpio.o(.text)
    GPIO_ResetBits                           0x0800162d   Thumb Code     4  stm32f4xx_gpio.o(.text)
    GPIO_WriteBit                            0x08001631   Thumb Code    10  stm32f4xx_gpio.o(.text)
    GPIO_Write                               0x0800163b   Thumb Code     4  stm32f4xx_gpio.o(.text)
    GPIO_ToggleBits                          0x0800163f   Thumb Code     8  stm32f4xx_gpio.o(.text)
    GPIO_PinAFConfig                         0x08001647   Thumb Code    70  stm32f4xx_gpio.o(.text)
    RCC_DeInit                               0x080016b9   Thumb Code    82  stm32f4xx_rcc.o(.text)
    RCC_HSEConfig                            0x0800170b   Thumb Code    14  stm32f4xx_rcc.o(.text)
    RCC_GetFlagStatus                        0x08001719   Thumb Code    60  stm32f4xx_rcc.o(.text)
    RCC_WaitForHSEStartUp                    0x08001755   Thumb Code    56  stm32f4xx_rcc.o(.text)
    RCC_AdjustHSICalibrationValue            0x0800178d   Thumb Code    20  stm32f4xx_rcc.o(.text)
    RCC_HSICmd                               0x080017a1   Thumb Code     6  stm32f4xx_rcc.o(.text)
    RCC_LSEConfig                            0x080017a7   Thumb Code    46  stm32f4xx_rcc.o(.text)
    RCC_LSICmd                               0x080017d5   Thumb Code     6  stm32f4xx_rcc.o(.text)
    RCC_PLLConfig                            0x080017db   Thumb Code    32  stm32f4xx_rcc.o(.text)
    RCC_PLLCmd                               0x080017fb   Thumb Code     6  stm32f4xx_rcc.o(.text)
    RCC_PLLI2SConfig                         0x08001801   Thumb Code    14  stm32f4xx_rcc.o(.text)
    RCC_PLLI2SCmd                            0x0800180f   Thumb Code     6  stm32f4xx_rcc.o(.text)
    RCC_PLLSAIConfig                         0x08001815   Thumb Code    20  stm32f4xx_rcc.o(.text)
    RCC_PLLSAICmd                            0x08001829   Thumb Code     6  stm32f4xx_rcc.o(.text)
    RCC_ClockSecuritySystemCmd               0x0800182f   Thumb Code     6  stm32f4xx_rcc.o(.text)
    RCC_MCO1Config                           0x08001835   Thumb Code    28  stm32f4xx_rcc.o(.text)
    RCC_MCO2Config                           0x08001851   Thumb Code    28  stm32f4xx_rcc.o(.text)
    RCC_SYSCLKConfig                         0x0800186d   Thumb Code    20  stm32f4xx_rcc.o(.text)
    RCC_GetSYSCLKSource                      0x08001881   Thumb Code    12  stm32f4xx_rcc.o(.text)
    RCC_HCLKConfig                           0x0800188d   Thumb Code    20  stm32f4xx_rcc.o(.text)
    RCC_PCLK1Config                          0x080018a1   Thumb Code    20  stm32f4xx_rcc.o(.text)
    RCC_PCLK2Config                          0x080018b5   Thumb Code    22  stm32f4xx_rcc.o(.text)
    RCC_GetClocksFreq                        0x080018cb   Thumb Code   222  stm32f4xx_rcc.o(.text)
    RCC_RTCCLKConfig                         0x080019a9   Thumb Code    54  stm32f4xx_rcc.o(.text)
    RCC_RTCCLKCmd                            0x080019df   Thumb Code     8  stm32f4xx_rcc.o(.text)
    RCC_BackupResetCmd                       0x080019e7   Thumb Code     8  stm32f4xx_rcc.o(.text)
    RCC_I2SCLKConfig                         0x080019ef   Thumb Code     6  stm32f4xx_rcc.o(.text)
    RCC_SAIPLLI2SClkDivConfig                0x080019f5   Thumb Code    26  stm32f4xx_rcc.o(.text)
    RCC_SAIPLLSAIClkDivConfig                0x08001a0f   Thumb Code    28  stm32f4xx_rcc.o(.text)
    RCC_SAIBlockACLKConfig                   0x08001a2b   Thumb Code    20  stm32f4xx_rcc.o(.text)
    RCC_SAIBlockBCLKConfig                   0x08001a3f   Thumb Code    20  stm32f4xx_rcc.o(.text)
    RCC_LTDCCLKDivConfig                     0x08001a53   Thumb Code    20  stm32f4xx_rcc.o(.text)
    RCC_TIMCLKPresConfig                     0x08001a67   Thumb Code     6  stm32f4xx_rcc.o(.text)
    RCC_AHB1PeriphClockCmd                   0x08001a6d   Thumb Code    34  stm32f4xx_rcc.o(.text)
    RCC_AHB2PeriphClockCmd                   0x08001a8f   Thumb Code    78  stm32f4xx_rcc.o(.text)
    RCC_AHB3PeriphClockCmd                   0x08001add   Thumb Code    34  stm32f4xx_rcc.o(.text)
    RCC_APB1PeriphClockCmd                   0x08001aff   Thumb Code    34  stm32f4xx_rcc.o(.text)
    RCC_APB2PeriphClockCmd                   0x08001b21   Thumb Code    34  stm32f4xx_rcc.o(.text)
    RCC_AHB1PeriphResetCmd                   0x08001b43   Thumb Code    34  stm32f4xx_rcc.o(.text)
    RCC_AHB2PeriphResetCmd                   0x08001b65   Thumb Code    34  stm32f4xx_rcc.o(.text)
    RCC_AHB3PeriphResetCmd                   0x08001b87   Thumb Code    34  stm32f4xx_rcc.o(.text)
    RCC_APB1PeriphResetCmd                   0x08001ba9   Thumb Code    34  stm32f4xx_rcc.o(.text)
    RCC_APB2PeriphResetCmd                   0x08001bcb   Thumb Code    34  stm32f4xx_rcc.o(.text)
    RCC_AHB1PeriphClockLPModeCmd             0x08001bed   Thumb Code    34  stm32f4xx_rcc.o(.text)
    RCC_AHB2PeriphClockLPModeCmd             0x08001c0f   Thumb Code    34  stm32f4xx_rcc.o(.text)
    RCC_AHB3PeriphClockLPModeCmd             0x08001c31   Thumb Code    34  stm32f4xx_rcc.o(.text)
    RCC_APB1PeriphClockLPModeCmd             0x08001c53   Thumb Code    34  stm32f4xx_rcc.o(.text)
    RCC_APB2PeriphClockLPModeCmd             0x08001c75   Thumb Code    34  stm32f4xx_rcc.o(.text)
    RCC_LSEModeConfig                        0x08001c97   Thumb Code    40  stm32f4xx_rcc.o(.text)
    RCC_ITConfig                             0x08001cbf   Thumb Code    34  stm32f4xx_rcc.o(.text)
    RCC_ClearFlag                            0x08001ce1   Thumb Code    18  stm32f4xx_rcc.o(.text)
    RCC_GetITStatus                          0x08001cf3   Thumb Code    22  stm32f4xx_rcc.o(.text)
    RCC_ClearITPendingBit                    0x08001d09   Thumb Code     8  stm32f4xx_rcc.o(.text)
    SYSCFG_DeInit                            0x08001d15   Thumb Code    22  stm32f4xx_syscfg.o(.text)
    SYSCFG_MemoryRemapConfig                 0x08001d2b   Thumb Code     6  stm32f4xx_syscfg.o(.text)
    SYSCFG_MemorySwappingBank                0x08001d31   Thumb Code     6  stm32f4xx_syscfg.o(.text)
    SYSCFG_EXTILineConfig                    0x08001d37   Thumb Code    66  stm32f4xx_syscfg.o(.text)
    SYSCFG_ETH_MediaInterfaceConfig          0x08001d79   Thumb Code     8  stm32f4xx_syscfg.o(.text)
    SYSCFG_CompensationCellCmd               0x08001d81   Thumb Code     6  stm32f4xx_syscfg.o(.text)
    SYSCFG_GetCompensationCellStatus         0x08001d87   Thumb Code    22  stm32f4xx_syscfg.o(.text)
    TIM_DeInit                               0x08001da9   Thumb Code   346  stm32f4xx_tim.o(.text)
    TIM_TimeBaseInit                         0x08001f03   Thumb Code   104  stm32f4xx_tim.o(.text)
    TIM_TimeBaseStructInit                   0x08001f6b   Thumb Code    18  stm32f4xx_tim.o(.text)
    TIM_PrescalerConfig                      0x08001f7d   Thumb Code     6  stm32f4xx_tim.o(.text)
    TIM_CounterModeConfig                    0x08001f83   Thumb Code    18  stm32f4xx_tim.o(.text)
    TIM_SetCounter                           0x08001f95   Thumb Code     4  stm32f4xx_tim.o(.text)
    TIM_SetAutoreload                        0x08001f99   Thumb Code     4  stm32f4xx_tim.o(.text)
    TIM_GetCounter                           0x08001f9d   Thumb Code     6  stm32f4xx_tim.o(.text)
    TIM_GetPrescaler                         0x08001fa3   Thumb Code     6  stm32f4xx_tim.o(.text)
    TIM_UpdateDisableConfig                  0x08001fa9   Thumb Code    24  stm32f4xx_tim.o(.text)
    TIM_UpdateRequestConfig                  0x08001fc1   Thumb Code    24  stm32f4xx_tim.o(.text)
    TIM_ARRPreloadConfig                     0x08001fd9   Thumb Code    24  stm32f4xx_tim.o(.text)
    TIM_SelectOnePulseMode                   0x08001ff1   Thumb Code    18  stm32f4xx_tim.o(.text)
    TIM_SetClockDivision                     0x08002003   Thumb Code    18  stm32f4xx_tim.o(.text)
    TIM_Cmd                                  0x08002015   Thumb Code    24  stm32f4xx_tim.o(.text)
    TIM_OC1Init                              0x0800202d   Thumb Code   114  stm32f4xx_tim.o(.text)
    TIM_OC2Init                              0x0800209f   Thumb Code   154  stm32f4xx_tim.o(.text)
    TIM_OC3Init                              0x08002139   Thumb Code   204  stm32f4xx_tim.o(.text)
    TIM_OC4Init                              0x08002205   Thumb Code   112  stm32f4xx_tim.o(.text)
    TIM_OCStructInit                         0x08002275   Thumb Code    20  stm32f4xx_tim.o(.text)
    TIM_SelectOCxM                           0x08002289   Thumb Code    86  stm32f4xx_tim.o(.text)
    TIM_SetCompare1                          0x080022df   Thumb Code     4  stm32f4xx_tim.o(.text)
    TIM_SetCompare2                          0x080022e3   Thumb Code     4  stm32f4xx_tim.o(.text)
    TIM_SetCompare3                          0x080022e7   Thumb Code     4  stm32f4xx_tim.o(.text)
    TIM_SetCompare4                          0x080022eb   Thumb Code     4  stm32f4xx_tim.o(.text)
    TIM_ForcedOC1Config                      0x080022ef   Thumb Code    18  stm32f4xx_tim.o(.text)
    TIM_ForcedOC2Config                      0x08002301   Thumb Code    26  stm32f4xx_tim.o(.text)
    TIM_ForcedOC3Config                      0x0800231b   Thumb Code    18  stm32f4xx_tim.o(.text)
    TIM_ForcedOC4Config                      0x0800232d   Thumb Code    26  stm32f4xx_tim.o(.text)
    TIM_OC1PreloadConfig                     0x08002347   Thumb Code    18  stm32f4xx_tim.o(.text)
    TIM_OC2PreloadConfig                     0x08002359   Thumb Code    26  stm32f4xx_tim.o(.text)
    TIM_OC3PreloadConfig                     0x08002373   Thumb Code    18  stm32f4xx_tim.o(.text)
    TIM_OC4PreloadConfig                     0x08002385   Thumb Code    26  stm32f4xx_tim.o(.text)
    TIM_OC1FastConfig                        0x0800239f   Thumb Code    18  stm32f4xx_tim.o(.text)
    TIM_OC2FastConfig                        0x080023b1   Thumb Code    26  stm32f4xx_tim.o(.text)
    TIM_OC3FastConfig                        0x080023cb   Thumb Code    18  stm32f4xx_tim.o(.text)
    TIM_OC4FastConfig                        0x080023dd   Thumb Code    26  stm32f4xx_tim.o(.text)
    TIM_ClearOC1Ref                          0x080023f7   Thumb Code    18  stm32f4xx_tim.o(.text)
    TIM_ClearOC2Ref                          0x08002409   Thumb Code    24  stm32f4xx_tim.o(.text)
    TIM_ClearOC3Ref                          0x08002421   Thumb Code    18  stm32f4xx_tim.o(.text)
    TIM_ClearOC4Ref                          0x08002433   Thumb Code    24  stm32f4xx_tim.o(.text)
    TIM_OC1PolarityConfig                    0x0800244b   Thumb Code    18  stm32f4xx_tim.o(.text)
    TIM_OC1NPolarityConfig                   0x0800245d   Thumb Code    18  stm32f4xx_tim.o(.text)
    TIM_OC2PolarityConfig                    0x0800246f   Thumb Code    26  stm32f4xx_tim.o(.text)
    TIM_OC2NPolarityConfig                   0x08002489   Thumb Code    26  stm32f4xx_tim.o(.text)
    TIM_OC3PolarityConfig                    0x080024a3   Thumb Code    26  stm32f4xx_tim.o(.text)
    TIM_OC3NPolarityConfig                   0x080024bd   Thumb Code    26  stm32f4xx_tim.o(.text)
    TIM_OC4PolarityConfig                    0x080024d7   Thumb Code    26  stm32f4xx_tim.o(.text)
    TIM_CCxCmd                               0x080024f1   Thumb Code    30  stm32f4xx_tim.o(.text)
    TIM_CCxNCmd                              0x0800250f   Thumb Code    30  stm32f4xx_tim.o(.text)
    TIM_SetIC4Prescaler                      0x0800252d   Thumb Code    26  stm32f4xx_tim.o(.text)
    TIM_SetIC3Prescaler                      0x08002597   Thumb Code    18  stm32f4xx_tim.o(.text)
    TIM_SetIC2Prescaler                      0x080025f1   Thumb Code    26  stm32f4xx_tim.o(.text)
    TIM_SetIC1Prescaler                      0x08002665   Thumb Code    18  stm32f4xx_tim.o(.text)
    TIM_ICInit                               0x080026b1   Thumb Code   110  stm32f4xx_tim.o(.text)
    TIM_ICStructInit                         0x0800271f   Thumb Code    18  stm32f4xx_tim.o(.text)
    TIM_PWMIConfig                           0x08002731   Thumb Code   124  stm32f4xx_tim.o(.text)
    TIM_GetCapture1                          0x080027ad   Thumb Code     6  stm32f4xx_tim.o(.text)
    TIM_GetCapture2                          0x080027b3   Thumb Code     6  stm32f4xx_tim.o(.text)
    TIM_GetCapture3                          0x080027b9   Thumb Code     6  stm32f4xx_tim.o(.text)
    TIM_GetCapture4                          0x080027bf   Thumb Code     6  stm32f4xx_tim.o(.text)
    TIM_BDTRConfig                           0x080027c5   Thumb Code    32  stm32f4xx_tim.o(.text)
    TIM_BDTRStructInit                       0x080027e5   Thumb Code    18  stm32f4xx_tim.o(.text)
    TIM_CtrlPWMOutputs                       0x080027f7   Thumb Code    30  stm32f4xx_tim.o(.text)
    TIM_SelectCOM                            0x08002815   Thumb Code    24  stm32f4xx_tim.o(.text)
    TIM_CCPreloadControl                     0x0800282d   Thumb Code    24  stm32f4xx_tim.o(.text)
    TIM_ITConfig                             0x08002845   Thumb Code    18  stm32f4xx_tim.o(.text)
    TIM_GenerateEvent                        0x08002857   Thumb Code     4  stm32f4xx_tim.o(.text)
    TIM_GetFlagStatus                        0x0800285b   Thumb Code    18  stm32f4xx_tim.o(.text)
    TIM_ClearFlag                            0x0800286d   Thumb Code     6  stm32f4xx_tim.o(.text)
    TIM_GetITStatus                          0x08002873   Thumb Code    34  stm32f4xx_tim.o(.text)
    TIM_ClearITPendingBit                    0x08002895   Thumb Code     6  stm32f4xx_tim.o(.text)
    TIM_DMAConfig                            0x0800289b   Thumb Code    10  stm32f4xx_tim.o(.text)
    TIM_DMACmd                               0x080028a5   Thumb Code    18  stm32f4xx_tim.o(.text)
    TIM_SelectCCDMA                          0x080028b7   Thumb Code    24  stm32f4xx_tim.o(.text)
    TIM_InternalClockConfig                  0x080028cf   Thumb Code    12  stm32f4xx_tim.o(.text)
    TIM_SelectInputTrigger                   0x080028db   Thumb Code    18  stm32f4xx_tim.o(.text)
    TIM_ITRxExternalClockConfig              0x080028ed   Thumb Code    24  stm32f4xx_tim.o(.text)
    TIM_TIxExternalClockConfig               0x08002905   Thumb Code    62  stm32f4xx_tim.o(.text)
    TIM_ETRConfig                            0x08002943   Thumb Code    28  stm32f4xx_tim.o(.text)
    TIM_ETRClockMode1Config                  0x0800295f   Thumb Code    54  stm32f4xx_tim.o(.text)
    TIM_ETRClockMode2Config                  0x08002995   Thumb Code    32  stm32f4xx_tim.o(.text)
    TIM_SelectOutputTrigger                  0x080029b5   Thumb Code    18  stm32f4xx_tim.o(.text)
    TIM_SelectSlaveMode                      0x080029c7   Thumb Code    18  stm32f4xx_tim.o(.text)
    TIM_SelectMasterSlaveMode                0x080029d9   Thumb Code    18  stm32f4xx_tim.o(.text)
    TIM_EncoderInterfaceConfig               0x080029eb   Thumb Code    66  stm32f4xx_tim.o(.text)
    TIM_SelectHallSensor                     0x08002a2d   Thumb Code    24  stm32f4xx_tim.o(.text)
    TIM_RemapConfig                          0x08002a45   Thumb Code     6  stm32f4xx_tim.o(.text)
    USART_DeInit                             0x08002a4d   Thumb Code   206  stm32f4xx_usart.o(.text)
    USART_Init                               0x08002b1b   Thumb Code   204  stm32f4xx_usart.o(.text)
    USART_StructInit                         0x08002be7   Thumb Code    24  stm32f4xx_usart.o(.text)
    USART_ClockInit                          0x08002bff   Thumb Code    32  stm32f4xx_usart.o(.text)
    USART_ClockStructInit                    0x08002c1f   Thumb Code    12  stm32f4xx_usart.o(.text)
    USART_Cmd                                0x08002c2b   Thumb Code    24  stm32f4xx_usart.o(.text)
    USART_SetPrescaler                       0x08002c43   Thumb Code    16  stm32f4xx_usart.o(.text)
    USART_OverSampling8Cmd                   0x08002c53   Thumb Code    22  stm32f4xx_usart.o(.text)
    USART_OneBitMethodCmd                    0x08002c69   Thumb Code    24  stm32f4xx_usart.o(.text)
    USART_SendData                           0x08002c81   Thumb Code     8  stm32f4xx_usart.o(.text)
    USART_ReceiveData                        0x08002c89   Thumb Code    10  stm32f4xx_usart.o(.text)
    USART_SetAddress                         0x08002c93   Thumb Code    18  stm32f4xx_usart.o(.text)
    USART_ReceiverWakeUpCmd                  0x08002ca5   Thumb Code    24  stm32f4xx_usart.o(.text)
    USART_WakeUpConfig                       0x08002cbd   Thumb Code    18  stm32f4xx_usart.o(.text)
    USART_LINBreakDetectLengthConfig         0x08002ccf   Thumb Code    18  stm32f4xx_usart.o(.text)
    USART_LINCmd                             0x08002ce1   Thumb Code    24  stm32f4xx_usart.o(.text)
    USART_SendBreak                          0x08002cf9   Thumb Code    10  stm32f4xx_usart.o(.text)
    USART_HalfDuplexCmd                      0x08002d03   Thumb Code    24  stm32f4xx_usart.o(.text)
    USART_SetGuardTime                       0x08002d1b   Thumb Code    16  stm32f4xx_usart.o(.text)
    USART_SmartCardCmd                       0x08002d2b   Thumb Code    24  stm32f4xx_usart.o(.text)
    USART_SmartCardNACKCmd                   0x08002d43   Thumb Code    24  stm32f4xx_usart.o(.text)
    USART_IrDAConfig                         0x08002d5b   Thumb Code    18  stm32f4xx_usart.o(.text)
    USART_IrDACmd                            0x08002d6d   Thumb Code    24  stm32f4xx_usart.o(.text)
    USART_DMACmd                             0x08002d85   Thumb Code    18  stm32f4xx_usart.o(.text)
    USART_ITConfig                           0x08002d97   Thumb Code    74  stm32f4xx_usart.o(.text)
    USART_GetFlagStatus                      0x08002de1   Thumb Code    26  stm32f4xx_usart.o(.text)
    USART_ClearFlag                          0x08002dfb   Thumb Code    18  stm32f4xx_usart.o(.text)
    USART_GetITStatus                        0x08002e0d   Thumb Code   118  stm32f4xx_usart.o(.text)
    USART_ClearITPendingBit                  0x08002e83   Thumb Code    30  stm32f4xx_usart.o(.text)
    delay_init                               0x08002ea1   Thumb Code    52  delay.o(.text)
    delay_us                                 0x08002ed5   Thumb Code    72  delay.o(.text)
    delay_xms                                0x08002f1d   Thumb Code    72  delay.o(.text)
    delay_ms                                 0x08002f65   Thumb Code    56  delay.o(.text)
    _sys_exit                                0x08002fa5   Thumb Code     4  usart.o(.text)
    fputc                                    0x08002fa9   Thumb Code    22  usart.o(.text)
    uart_init                                0x08002fbf   Thumb Code   164  usart.o(.text)
    USART1_IRQHandler                        0x08003063   Thumb Code   122  usart.o(.text)
    BSP_Init                                 0x080030ed   Thumb Code    56  bsp.o(.text)
    CAN1_Configure                           0x08003129   Thumb Code   262  can1.o(.text)
    CAN1_TX_IRQHandler                       0x0800322f   Thumb Code    22  can1.o(.text)
    CAN1_RX0_IRQHandler                      0x08003245   Thumb Code    50  can1.o(.text)
    Set_ChassisMotor_Current                 0x08003277   Thumb Code    94  can1.o(.text)
    TIM6_Configure                           0x080032e1   Thumb Code    72  timer.o(.text)
    TIM6_Start                               0x08003329   Thumb Code    30  timer.o(.text)
    TIM6_DAC_IRQHandler                      0x08003347   Thumb Code   112  timer.o(.text)
    MPU_IIC_Stop                             0x080033c9   Thumb Code    62  mpu_iic.o(.text)
    MPU_IIC_Ack                              0x08003407   Thumb Code    66  mpu_iic.o(.text)
    MPU_IIC_NAck                             0x08003449   Thumb Code    66  mpu_iic.o(.text)
    MPU_IIC_Read_Byte                        0x0800348b   Thumb Code    94  mpu_iic.o(.text)
    MPU_IIC_Wait_Ack                         0x080034e9   Thumb Code    82  mpu_iic.o(.text)
    MPU_IIC_Send_Byte                        0x0800353b   Thumb Code    90  mpu_iic.o(.text)
    MPU_IIC_Start                            0x08003595   Thumb Code    68  mpu_iic.o(.text)
    MPU_Read_Len                             0x080035d9   Thumb Code   116  mpu_iic.o(.text)
    MPU_Write_Byte                           0x0800364d   Thumb Code    68  mpu_iic.o(.text)
    MPU_Read_Byte                            0x08003691   Thumb Code    58  mpu_iic.o(.text)
    MPU_IIC_Init                             0x080036cb   Thumb Code    60  mpu_iic.o(.text)
    All_Pid_Configuration                    0x080037a7   Thumb Code   348  rm_pid.o(.text)
    Calculate_Current_Value                  0x08003903   Thumb Code   452  rm_pid.o(.text)
    Look                                     0x08003ac7   Thumb Code    38  rm_pid.o(.text)
    getEncoderData                           0x08003b25   Thumb Code   218  encoder.o(.text)
    CanReceiveMsgProcess                     0x08003bff   Thumb Code    88  encoder.o(.text)
    Remote_uart2_init                        0x08003c7d   Thumb Code   268  remote.o(.text)
    DMA1_Stream5_IRQHandler                  0x08003d89   Thumb Code   244  remote.o(.text)
    angle_init                               0x08003e9d   Thumb Code   106  cloudmotor.o(.text)
    angle_set_update                         0x08003f07   Thumb Code   298  cloudmotor.o(.text)
    Set_CloudMotor_Current                   0x08004031   Thumb Code    84  cloudmotor.o(.text)
    angle_out_update                         0x08004085   Thumb Code   238  cloudmotor.o(.text)
    invSqrt                                  0x080041a1   Thumb Code    56  imu.o(.text)
    MPU6050_Calibration                      0x080041d9   Thumb Code  1168  imu.o(.text)
    IMU_Configure                            0x08004669   Thumb Code   150  imu.o(.text)
    IMU_INT_Configure                        0x080046ff   Thumb Code   124  imu.o(.text)
    MPU6050_DataSave                         0x0800477b   Thumb Code   494  imu.o(.text)
    MPU6050_getMotion6                       0x08004969   Thumb Code   396  imu.o(.text)
    MPU6050_getlastMotion6                   0x08004af5   Thumb Code    76  imu.o(.text)
    IMU_getValues                            0x08004b41   Thumb Code   192  imu.o(.text)
    IMU_AHRSupdate                           0x08004c01   Thumb Code  1812  imu.o(.text)
    IMU_getQ                                 0x08005315   Thumb Code    56  imu.o(.text)
    IMU_getYawPitchRoll                      0x0800534d   Thumb Code   544  imu.o(.text)
    GetTheFinal                              0x0800556d   Thumb Code   146  imu.o(.text)
    EXTI2_IRQHandler                         0x080055ff   Thumb Code    34  imu.o(.text)
    control_task                             0x0800567d   Thumb Code    28  control_task.o(.text)
    __use_no_semihosting                     0x080056a1   Thumb Code     2  use_no_semi_2.o(.text)
    __use_two_region_memory                  0x080056a3   Thumb Code     2  heapauxi.o(.text)
    __rt_heap_escrow$2region                 0x080056a5   Thumb Code     2  heapauxi.o(.text)
    __rt_heap_expand$2region                 0x080056a7   Thumb Code     2  heapauxi.o(.text)
    __I$use$semihosting                      0x080056a9   Thumb Code     0  use_no_semi.o(.text)
    __use_no_semihosting_swi                 0x080056a9   Thumb Code     2  use_no_semi.o(.text)
    __read_errno                             0x080056ab   Thumb Code    10  _rserrno.o(.text)
    __set_errno                              0x080056b5   Thumb Code    12  _rserrno.o(.text)
    __aeabi_errno_addr                       0x080056c1   Thumb Code     8  rt_errno_addr_intlibspace.o(.text)
    __errno$intlibspace                      0x080056c1   Thumb Code     0  rt_errno_addr_intlibspace.o(.text)
    __rt_errno_addr$intlibspace              0x080056c1   Thumb Code     0  rt_errno_addr_intlibspace.o(.text)
    __user_libspace                          0x080056c9   Thumb Code     8  libspace.o(.text)
    __user_perproc_libspace                  0x080056c9   Thumb Code     0  libspace.o(.text)
    __user_perthread_libspace                0x080056c9   Thumb Code     0  libspace.o(.text)
    __user_setup_stackheap                   0x080056d1   Thumb Code    74  sys_stackheap_outer.o(.text)
    exit                                     0x0800571b   Thumb Code    18  exit.o(.text)
    __ARM_fpclassify                         0x0800572d   Thumb Code    48  fpclassify.o(i.__ARM_fpclassify)
    __hardfp_asin                            0x08005761   Thumb Code   770  asin.o(i.__hardfp_asin)
    __hardfp_atan                            0x08005ac1   Thumb Code   622  atan.o(i.__hardfp_atan)
    __hardfp_atan2                           0x08005d99   Thumb Code   432  atan2.o(i.__hardfp_atan2)
    __kernel_poly                            0x08005f89   Thumb Code   248  poly.o(i.__kernel_poly)
    __mathlib_dbl_infnan                     0x08006081   Thumb Code    20  dunder.o(i.__mathlib_dbl_infnan)
    __mathlib_dbl_infnan2                    0x08006095   Thumb Code    20  dunder.o(i.__mathlib_dbl_infnan2)
    __mathlib_dbl_invalid                    0x080060a9   Thumb Code    24  dunder.o(i.__mathlib_dbl_invalid)
    __mathlib_dbl_underflow                  0x080060c9   Thumb Code    24  dunder.o(i.__mathlib_dbl_underflow)
    atan                                     0x080060e9   Thumb Code    16  atan.o(i.atan)
    fabs                                     0x080060f9   Thumb Code    24  fabs.o(i.fabs)
    sqrt                                     0x08006111   Thumb Code   110  sqrt.o(i.sqrt)
    __aeabi_dneg                             0x0800617f   Thumb Code     0  basic.o(x$fpl$basic)
    _dneg                                    0x0800617f   Thumb Code     6  basic.o(x$fpl$basic)
    __aeabi_fneg                             0x08006185   Thumb Code     0  basic.o(x$fpl$basic)
    _fneg                                    0x08006185   Thumb Code     6  basic.o(x$fpl$basic)
    _dabs                                    0x0800618b   Thumb Code     6  basic.o(x$fpl$basic)
    _fabs                                    0x08006191   Thumb Code     6  basic.o(x$fpl$basic)
    __aeabi_d2f                              0x08006199   Thumb Code     0  d2f.o(x$fpl$d2f)
    _d2f                                     0x08006199   Thumb Code    98  d2f.o(x$fpl$d2f)
    __aeabi_dadd                             0x080061fd   Thumb Code     0  daddsub_clz.o(x$fpl$dadd)
    _dadd                                    0x080061fd   Thumb Code   332  daddsub_clz.o(x$fpl$dadd)
    __aeabi_ddiv                             0x0800634d   Thumb Code     0  ddiv.o(x$fpl$ddiv)
    _ddiv                                    0x0800634d   Thumb Code   552  ddiv.o(x$fpl$ddiv)
    __aeabi_dmul                             0x080065fd   Thumb Code     0  dmul.o(x$fpl$dmul)
    _dmul                                    0x080065fd   Thumb Code   332  dmul.o(x$fpl$dmul)
    __fpl_dnaninf                            0x08006751   Thumb Code   156  dnaninf.o(x$fpl$dnaninf)
    __fpl_dretinf                            0x080067ed   Thumb Code    12  dretinf.o(x$fpl$dretinf)
    __aeabi_drsub                            0x080067f9   Thumb Code     0  daddsub_clz.o(x$fpl$drsb)
    _drsb                                    0x080067f9   Thumb Code    22  daddsub_clz.o(x$fpl$drsb)
    _dsqrt                                   0x08006811   Thumb Code   404  dsqrt_umaal.o(x$fpl$dsqrt)
    __aeabi_dsub                             0x080069a9   Thumb Code     0  daddsub_clz.o(x$fpl$dsub)
    _dsub                                    0x080069a9   Thumb Code   464  daddsub_clz.o(x$fpl$dsub)
    __aeabi_f2d                              0x08006b7d   Thumb Code     0  f2d.o(x$fpl$f2d)
    _f2d                                     0x08006b7d   Thumb Code    86  f2d.o(x$fpl$f2d)
    __fpl_fnaninf                            0x08006bd3   Thumb Code   140  fnaninf.o(x$fpl$fnaninf)
    _fp_init                                 0x08006c5f   Thumb Code    10  fpinit.o(x$fpl$fpinit)
    __fplib_config_fpu_vfp                   0x08006c67   Thumb Code     0  fpinit.o(x$fpl$fpinit)
    __fplib_config_pureend_doubles           0x08006c67   Thumb Code     0  fpinit.o(x$fpl$fpinit)
    __fpl_fretinf                            0x08006c69   Thumb Code    10  fretinf.o(x$fpl$fretinf)
    __I$use$fp                               0x08006c72   Number         0  usenofp.o(x$fpl$usenofp)
    __mathlib_zero                           0x08006d60   Data           8  qnan.o(.constdata)
    Region$$Table$$Base                      0x08006d68   Number         0  anon$$obj.o(Region$$Table)
    Region$$Table$$Limit                     0x08006d88   Number         0  anon$$obj.o(Region$$Table)
    SystemCoreClock                          0x20000000   Data           4  system_stm32f4xx.o(.data)
    AHBPrescTable                            0x20000004   Data          16  system_stm32f4xx.o(.data)
    __stdout                                 0x20000028   Data           4  usart.o(.data)
    USART_RX_STA                             0x2000002c   Data           2  usart.o(.data)
    sset                                     0x20000038   Data           4  rm_pid.o(.data)
    rreal                                    0x2000003c   Data           4  rm_pid.o(.data)
    oout                                     0x20000040   Data           4  rm_pid.o(.data)
    MagSavedCaliData                         0x20000048   Data          19  imu.o(.data)
    GyroSavedCaliData                        0x2000005b   Data           7  imu.o(.data)
    Gyro_z_err                               0x20000064   Data           4  imu.o(.data)
    Gyro_x_err                               0x20000068   Data           4  imu.o(.data)
    Gyro_y_err                               0x2000006c   Data           4  imu.o(.data)
    MPU6050_is_DRY                           0x20000070   Data           1  imu.o(.data)
    exInt                                    0x20000074   Data           4  imu.o(.data)
    eyInt                                    0x20000078   Data           4  imu.o(.data)
    ezInt                                    0x2000007c   Data           4  imu.o(.data)
    q0                                       0x20000080   Data           4  imu.o(.data)
    q1                                       0x20000084   Data           4  imu.o(.data)
    q2                                       0x20000088   Data           4  imu.o(.data)
    q3                                       0x2000008c   Data           4  imu.o(.data)
    lastUpdate                               0x200000a8   Data           4  imu.o(.data)
    now                                      0x200000ac   Data           4  imu.o(.data)
    yaw_temp                                 0x200000b0   Data           4  imu.o(.data)
    pitch_temp                               0x200000b4   Data           4  imu.o(.data)
    roll_temp                                0x200000b8   Data           4  imu.o(.data)
    last_yaw_temp                            0x200000bc   Data           4  imu.o(.data)
    last_pitch_temp                          0x200000c0   Data           4  imu.o(.data)
    last_roll_temp                           0x200000c4   Data           4  imu.o(.data)
    yaw_angle                                0x200000c8   Data           4  imu.o(.data)
    pitch_angle                              0x200000cc   Data           4  imu.o(.data)
    roll_angle                               0x200000d0   Data           4  imu.o(.data)
    Yaw_angle_sum_gx                         0x200000d4   Data           4  imu.o(.data)
    halfT                                    0x200000d8   Data           8  imu.o(.data)
    MPU6050_Lastax                           0x200000e0   Data           2  imu.o(.data)
    MPU6050_Lastay                           0x200000e2   Data           2  imu.o(.data)
    MPU6050_Lastaz                           0x200000e4   Data           2  imu.o(.data)
    MPU6050_Lastgx                           0x200000e6   Data           2  imu.o(.data)
    MPU6050_Lastgy                           0x200000e8   Data           2  imu.o(.data)
    MPU6050_Lastgz                           0x200000ea   Data           2  imu.o(.data)
    Kp                                       0x200000ec   Data           4  imu.o(.data)
    Ki                                       0x200000f0   Data           4  imu.o(.data)
    count_init                               0x200000f4   Data           4  imu.o(.data)
    z_err_p                                  0x200000f8   Data           4  imu.o(.data)
    time_1ms                                 0x20000100   Data           8  control_task.o(.data)
    USART_RX_BUF                             0x20000108   Data         200  usart.o(.bss)
    pid                                      0x200001d0   Data         608  rm_pid.o(.bss)
    CM1Encoder                               0x20000430   Data          76  encoder.o(.bss)
    CM2Encoder                               0x2000047c   Data          76  encoder.o(.bss)
    CM3Encoder                               0x200004c8   Data          76  encoder.o(.bss)
    CM4Encoder                               0x20000514   Data          76  encoder.o(.bss)
    GMYawEncoder                             0x20000560   Data          76  encoder.o(.bss)
    GMPitchEncoder                           0x200005ac   Data          76  encoder.o(.bss)
    RXBuff                                   0x200005f8   Data          18  remote.o(.bss)
    rc                                       0x2000060a   Data          20  remote.o(.bss)
    t_angle                                  0x20000620   Data          36  cloudmotor.o(.bss)
    out                                      0x20000644   Data          32  cloudmotor.o(.bss)
    real_angle                               0x20000664   Data          16  imu.o(.bss)
    MagMaxMinData                            0x20000674   Data          12  imu.o(.bss)
    AccSavedCaliData                         0x20000680   Data          19  imu.o(.bss)
    adjust                                   0x20000693   Data          24  imu.o(.bss)
    mpu_buf                                  0x200006ab   Data          15  imu.o(.bss)
    MPU6050_Raw_Data                         0x200006ba   Data          20  imu.o(.bss)
    MPU6050_Real_Data                        0x200006d0   Data          40  imu.o(.bss)
    ahrs                                     0x200006f8   Data          12  imu.o(.bss)
    MPU6050_FIFO                             0x20000704   Data         132  imu.o(.bss)
    mygetqval                                0x20000788   Data          24  imu.o(.bss)
    angle                                    0x200007b0   Data          12  imu.o(.bss)
    __libspace_start                         0x200007bc   Data          96  libspace.o(.bss)
    __temporary_stack_top$libspace           0x2000081c   Data           0  libspace.o(.bss)



==============================================================================

Memory Map of the image

  Image Entry point : 0x08000189

  Load Region LR_IROM1 (Base: 0x08000000, Size: 0x00006e90, Max: 0x00100000, ABSOLUTE)

    Execution Region ER_IROM1 (Base: 0x08000000, Size: 0x00006d88, Max: 0x00100000, ABSOLUTE)

    Base Addr    Size         Type   Attr      Idx    E Section Name        Object

    0x08000000   0x00000188   Data   RO          238    RESET               startup_stm32f40_41xxx.o
    0x08000188   0x00000008   Code   RO         1306  * !!!main             c_w.l(__main.o)
    0x08000190   0x00000034   Code   RO         1578    !!!scatter          c_w.l(__scatter.o)
    0x080001c4   0x0000001a   Code   RO         1580    !!handler_copy      c_w.l(__scatter_copy.o)
    0x080001de   0x00000002   PAD
    0x080001e0   0x0000001c   Code   RO         1582    !!handler_zi        c_w.l(__scatter_zi.o)
    0x080001fc   0x00000002   Code   RO         1453    .ARM.Collect$$libinit$$00000000  c_w.l(libinit.o)
    0x080001fe   0x00000004   Code   RO         1458    .ARM.Collect$$libinit$$00000001  c_w.l(libinit2.o)
    0x08000202   0x00000000   Code   RO         1461    .ARM.Collect$$libinit$$00000004  c_w.l(libinit2.o)
    0x08000202   0x00000000   Code   RO         1464    .ARM.Collect$$libinit$$0000000A  c_w.l(libinit2.o)
    0x08000202   0x00000000   Code   RO         1466    .ARM.Collect$$libinit$$0000000C  c_w.l(libinit2.o)
    0x08000202   0x00000000   Code   RO         1468    .ARM.Collect$$libinit$$0000000E  c_w.l(libinit2.o)
    0x08000202   0x00000000   Code   RO         1471    .ARM.Collect$$libinit$$00000011  c_w.l(libinit2.o)
    0x08000202   0x00000000   Code   RO         1473    .ARM.Collect$$libinit$$00000013  c_w.l(libinit2.o)
    0x08000202   0x00000000   Code   RO         1475    .ARM.Collect$$libinit$$00000015  c_w.l(libinit2.o)
    0x08000202   0x00000000   Code   RO         1477    .ARM.Collect$$libinit$$00000017  c_w.l(libinit2.o)
    0x08000202   0x00000000   Code   RO         1479    .ARM.Collect$$libinit$$00000019  c_w.l(libinit2.o)
    0x08000202   0x00000000   Code   RO         1481    .ARM.Collect$$libinit$$0000001B  c_w.l(libinit2.o)
    0x08000202   0x00000000   Code   RO         1483    .ARM.Collect$$libinit$$0000001D  c_w.l(libinit2.o)
    0x08000202   0x00000000   Code   RO         1485    .ARM.Collect$$libinit$$0000001F  c_w.l(libinit2.o)
    0x08000202   0x00000000   Code   RO         1487    .ARM.Collect$$libinit$$00000021  c_w.l(libinit2.o)
    0x08000202   0x00000000   Code   RO         1489    .ARM.Collect$$libinit$$00000023  c_w.l(libinit2.o)
    0x08000202   0x00000000   Code   RO         1491    .ARM.Collect$$libinit$$00000025  c_w.l(libinit2.o)
    0x08000202   0x00000000   Code   RO         1495    .ARM.Collect$$libinit$$0000002C  c_w.l(libinit2.o)
    0x08000202   0x00000000   Code   RO         1497    .ARM.Collect$$libinit$$0000002E  c_w.l(libinit2.o)
    0x08000202   0x00000000   Code   RO         1499    .ARM.Collect$$libinit$$00000030  c_w.l(libinit2.o)
    0x08000202   0x00000000   Code   RO         1501    .ARM.Collect$$libinit$$00000032  c_w.l(libinit2.o)
    0x08000202   0x00000002   Code   RO         1502    .ARM.Collect$$libinit$$00000033  c_w.l(libinit2.o)
    0x08000204   0x00000002   Code   RO         1520    .ARM.Collect$$libshutdown$$00000000  c_w.l(libshutdown.o)
    0x08000206   0x00000000   Code   RO         1530    .ARM.Collect$$libshutdown$$00000002  c_w.l(libshutdown2.o)
    0x08000206   0x00000000   Code   RO         1532    .ARM.Collect$$libshutdown$$00000004  c_w.l(libshutdown2.o)
    0x08000206   0x00000000   Code   RO         1535    .ARM.Collect$$libshutdown$$00000007  c_w.l(libshutdown2.o)
    0x08000206   0x00000000   Code   RO         1538    .ARM.Collect$$libshutdown$$0000000A  c_w.l(libshutdown2.o)
    0x08000206   0x00000000   Code   RO         1540    .ARM.Collect$$libshutdown$$0000000C  c_w.l(libshutdown2.o)
    0x08000206   0x00000000   Code   RO         1543    .ARM.Collect$$libshutdown$$0000000F  c_w.l(libshutdown2.o)
    0x08000206   0x00000002   Code   RO         1544    .ARM.Collect$$libshutdown$$00000010  c_w.l(libshutdown2.o)
    0x08000208   0x00000000   Code   RO         1354    .ARM.Collect$$rtentry$$00000000  c_w.l(__rtentry.o)
    0x08000208   0x00000000   Code   RO         1418    .ARM.Collect$$rtentry$$00000002  c_w.l(__rtentry2.o)
    0x08000208   0x00000006   Code   RO         1430    .ARM.Collect$$rtentry$$00000004  c_w.l(__rtentry4.o)
    0x0800020e   0x00000000   Code   RO         1420    .ARM.Collect$$rtentry$$00000009  c_w.l(__rtentry2.o)
    0x0800020e   0x00000004   Code   RO         1421    .ARM.Collect$$rtentry$$0000000A  c_w.l(__rtentry2.o)
    0x08000212   0x00000000   Code   RO         1423    .ARM.Collect$$rtentry$$0000000C  c_w.l(__rtentry2.o)
    0x08000212   0x00000008   Code   RO         1424    .ARM.Collect$$rtentry$$0000000D  c_w.l(__rtentry2.o)
    0x0800021a   0x00000002   Code   RO         1456    .ARM.Collect$$rtexit$$00000000  c_w.l(rtexit.o)
    0x0800021c   0x00000000   Code   RO         1504    .ARM.Collect$$rtexit$$00000002  c_w.l(rtexit2.o)
    0x0800021c   0x00000004   Code   RO         1505    .ARM.Collect$$rtexit$$00000003  c_w.l(rtexit2.o)
    0x08000220   0x00000006   Code   RO         1506    .ARM.Collect$$rtexit$$00000004  c_w.l(rtexit2.o)
    0x08000226   0x0000000a   Code   RO            3    .text               main.o
    0x08000230   0x0000001a   Code   RO          189    .text               stm32f4xx_it.o
    0x0800024a   0x00000002   PAD
    0x0800024c   0x00000210   Code   RO          212    .text               system_stm32f4xx.o
    0x0800045c   0x00000040   Code   RO          239    .text               startup_stm32f40_41xxx.o
    0x0800049c   0x000000e0   Code   RO          245    .text               misc.o
    0x0800057c   0x000009f0   Code   RO          311    .text               stm32f4xx_can.o
    0x08000f6c   0x000003a8   Code   RO          514    .text               stm32f4xx_dma.o
    0x08001314   0x00000110   Code   RO          534    .text               stm32f4xx_exti.o
    0x08001424   0x00000294   Code   RO          620    .text               stm32f4xx_gpio.o
    0x080016b8   0x0000065c   Code   RO          783    .text               stm32f4xx_rcc.o
    0x08001d14   0x00000094   Code   RO          908    .text               stm32f4xx_syscfg.o
    0x08001da8   0x00000ca2   Code   RO          928    .text               stm32f4xx_tim.o
    0x08002a4a   0x00000002   PAD
    0x08002a4c   0x00000454   Code   RO          948    .text               stm32f4xx_usart.o
    0x08002ea0   0x00000104   Code   RO          988    .text               delay.o
    0x08002fa4   0x00000148   Code   RO         1028    .text               usart.o
    0x080030ec   0x0000003c   Code   RO         1059    .text               bsp.o
    0x08003128   0x000001b8   Code   RO         1086    .text               can1.o
    0x080032e0   0x000000e8   Code   RO         1106    .text               timer.o
    0x080033c8   0x0000034c   Code   RO         1127    .text               mpu_iic.o
    0x08003714   0x00000410   Code   RO         1147    .text               rm_pid.o
    0x08003b24   0x00000158   Code   RO         1174    .text               encoder.o
    0x08003c7c   0x00000220   Code   RO         1200    .text               remote.o
    0x08003e9c   0x00000304   Code   RO         1226    .text               cloudmotor.o
    0x080041a0   0x000014dc   Code   RO         1252    .text               imu.o
    0x0800567c   0x00000024   Code   RO         1279    .text               control_task.o
    0x080056a0   0x00000002   Code   RO         1302    .text               c_w.l(use_no_semi_2.o)
    0x080056a2   0x00000006   Code   RO         1304    .text               c_w.l(heapauxi.o)
    0x080056a8   0x00000002   Code   RO         1352    .text               c_w.l(use_no_semi.o)
    0x080056aa   0x00000016   Code   RO         1355    .text               c_w.l(_rserrno.o)
    0x080056c0   0x00000008   Code   RO         1435    .text               c_w.l(rt_errno_addr_intlibspace.o)
    0x080056c8   0x00000008   Code   RO         1441    .text               c_w.l(libspace.o)
    0x080056d0   0x0000004a   Code   RO         1444    .text               c_w.l(sys_stackheap_outer.o)
    0x0800571a   0x00000012   Code   RO         1446    .text               c_w.l(exit.o)
    0x0800572c   0x00000030   Code   RO         1400    i.__ARM_fpclassify  m_wm.l(fpclassify.o)
    0x0800575c   0x00000004   PAD
    0x08005760   0x00000360   Code   RO         1326    i.__hardfp_asin     m_wm.l(asin.o)
    0x08005ac0   0x000002d8   Code   RO         1366    i.__hardfp_atan     m_wm.l(atan.o)
    0x08005d98   0x000001f0   Code   RO         1340    i.__hardfp_atan2    m_wm.l(atan2.o)
    0x08005f88   0x000000f8   Code   RO         1402    i.__kernel_poly     m_wm.l(poly.o)
    0x08006080   0x00000014   Code   RO         1381    i.__mathlib_dbl_infnan  m_wm.l(dunder.o)
    0x08006094   0x00000014   Code   RO         1382    i.__mathlib_dbl_infnan2  m_wm.l(dunder.o)
    0x080060a8   0x00000020   Code   RO         1383    i.__mathlib_dbl_invalid  m_wm.l(dunder.o)
    0x080060c8   0x00000020   Code   RO         1386    i.__mathlib_dbl_underflow  m_wm.l(dunder.o)
    0x080060e8   0x00000010   Code   RO         1368    i.atan              m_wm.l(atan.o)
    0x080060f8   0x00000018   Code   RO         1396    i.fabs              m_wm.l(fabs.o)
    0x08006110   0x0000006e   Code   RO         1407    i.sqrt              m_wm.l(sqrt.o)
    0x0800617e   0x00000018   Code   RO         1308    x$fpl$basic         fz_wm.l(basic.o)
    0x08006196   0x00000002   PAD
    0x08006198   0x00000062   Code   RO         1310    x$fpl$d2f           fz_wm.l(d2f.o)
    0x080061fa   0x00000002   PAD
    0x080061fc   0x00000150   Code   RO         1312    x$fpl$dadd          fz_wm.l(daddsub_clz.o)
    0x0800634c   0x000002b0   Code   RO         1319    x$fpl$ddiv          fz_wm.l(ddiv.o)
    0x080065fc   0x00000154   Code   RO         1322    x$fpl$dmul          fz_wm.l(dmul.o)
    0x08006750   0x0000009c   Code   RO         1357    x$fpl$dnaninf       fz_wm.l(dnaninf.o)
    0x080067ec   0x0000000c   Code   RO         1359    x$fpl$dretinf       fz_wm.l(dretinf.o)
    0x080067f8   0x00000016   Code   RO         1313    x$fpl$drsb          fz_wm.l(daddsub_clz.o)
    0x0800680e   0x00000002   PAD
    0x08006810   0x00000198   Code   RO         1439    x$fpl$dsqrt         fz_wm.l(dsqrt_umaal.o)
    0x080069a8   0x000001d4   Code   RO         1314    x$fpl$dsub          fz_wm.l(daddsub_clz.o)
    0x08006b7c   0x00000056   Code   RO         1324    x$fpl$f2d           fz_wm.l(f2d.o)
    0x08006bd2   0x0000008c   Code   RO         1361    x$fpl$fnaninf       fz_wm.l(fnaninf.o)
    0x08006c5e   0x0000000a   Code   RO         1512    x$fpl$fpinit        fz_wm.l(fpinit.o)
    0x08006c68   0x0000000a   Code   RO         1363    x$fpl$fretinf       fz_wm.l(fretinf.o)
    0x08006c72   0x00000000   Code   RO         1365    x$fpl$usenofp       fz_wm.l(usenofp.o)
    0x08006c72   0x00000006   PAD
    0x08006c78   0x00000050   Data   RO         1329    .constdata          m_wm.l(asin.o)
    0x08006cc8   0x00000098   Data   RO         1369    .constdata          m_wm.l(atan.o)
    0x08006d60   0x00000008   Data   RO         1404    .constdata          m_wm.l(qnan.o)
    0x08006d68   0x00000020   Data   RO         1576    Region$$Table       anon$$obj.o


    Execution Region RW_IRAM1 (Base: 0x20000000, Size: 0x00000e20, Max: 0x00020000, ABSOLUTE)

    Base Addr    Size         Type   Attr      Idx    E Section Name        Object

    0x20000000   0x00000014   Data   RW          213    .data               system_stm32f4xx.o
    0x20000014   0x00000010   Data   RW          784    .data               stm32f4xx_rcc.o
    0x20000024   0x00000004   Data   RW          989    .data               delay.o
    0x20000028   0x00000006   Data   RW         1030    .data               usart.o
    0x2000002e   0x00000002   PAD
    0x20000030   0x00000008   Data   RW         1107    .data               timer.o
    0x20000038   0x0000000c   Data   RW         1149    .data               rm_pid.o
    0x20000044   0x00000004   PAD
    0x20000048   0x000000b4   Data   RW         1254    .data               imu.o
    0x200000fc   0x00000004   PAD
    0x20000100   0x00000008   Data   RW         1280    .data               control_task.o
    0x20000108   0x000000c8   Zero   RW         1029    .bss                usart.o
    0x200001d0   0x00000260   Zero   RW         1148    .bss                rm_pid.o
    0x20000430   0x000001c8   Zero   RW         1175    .bss                encoder.o
    0x200005f8   0x00000026   Zero   RW         1201    .bss                remote.o
    0x2000061e   0x00000002   PAD
    0x20000620   0x00000044   Zero   RW         1227    .bss                cloudmotor.o
    0x20000664   0x00000158   Zero   RW         1253    .bss                imu.o
    0x200007bc   0x00000060   Zero   RW         1442    .bss                c_w.l(libspace.o)
    0x2000081c   0x00000004   PAD
    0x20000820   0x00000200   Zero   RW          237    HEAP                startup_stm32f40_41xxx.o
    0x20000a20   0x00000400   Zero   RW          236    STACK               startup_stm32f40_41xxx.o


==============================================================================

Image component sizes


      Code (inc. data)   RO Data    RW Data    ZI Data      Debug   Object Name

        60          4          0          0          0        487   bsp.o
       440         12          0          0          0       1505   can1.o
       772         46          0          0         68       2724   cloudmotor.o
        36          8          0          8          0        706   control_task.o
       260          8          0          4          0       1485   delay.o
       344         44          0          0        456       2208   encoder.o
      5340        350          0        180        344      10154   imu.o
        10          0          0          0          0      65439   main.o
       224         20          0          0          0     241541   misc.o
       844         14          0          0          0       3290   mpu_iic.o
       544         32          0          0         38       1940   remote.o
      1040         56          0         12        608       3343   rm_pid.o
        64         26        392          0       1536        836   startup_stm32f40_41xxx.o
      2544         38          0          0          0       8148   stm32f4xx_can.o
       936         32          0          0          0       6397   stm32f4xx_dma.o
       272         10          0          0          0       2287   stm32f4xx_exti.o
       660         44          0          0          0       4161   stm32f4xx_gpio.o
        26          0          0          0          0       1222   stm32f4xx_it.o
      1628         52          0         16          0      13040   stm32f4xx_rcc.o
       148         12          0          0          0       1845   stm32f4xx_syscfg.o
      3234         60          0          0          0      23016   stm32f4xx_tim.o
      1108         34          0          0          0       7884   stm32f4xx_usart.o
       528         46          0         20          0       1783   system_stm32f4xx.o
       232         18          0          8          0        844   timer.o
       328         16          0          6        200       3334   usart.o

    ----------------------------------------------------------------------
     21626        982        424        264       3252     409619   Object Totals
         0          0         32          0          0          0   (incl. Generated)
         4          0          0         10          2          0   (incl. Padding)

    ----------------------------------------------------------------------

      Code (inc. data)   RO Data    RW Data    ZI Data      Debug   Library Member Name

         8          0          0          0          0         68   __main.o
         0          0          0          0          0          0   __rtentry.o
        12          0          0          0          0          0   __rtentry2.o
         6          0          0          0          0          0   __rtentry4.o
        52          8          0          0          0          0   __scatter.o
        26          0          0          0          0          0   __scatter_copy.o
        28          0          0          0          0          0   __scatter_zi.o
        22          0          0          0          0        100   _rserrno.o
        18          0          0          0          0         80   exit.o
         6          0          0          0          0        152   heapauxi.o
         2          0          0          0          0          0   libinit.o
         6          0          0          0          0          0   libinit2.o
         2          0          0          0          0          0   libshutdown.o
         2          0          0          0          0          0   libshutdown2.o
         8          4          0          0         96         68   libspace.o
         8          4          0          0          0         68   rt_errno_addr_intlibspace.o
         2          0          0          0          0          0   rtexit.o
        10          0          0          0          0          0   rtexit2.o
        74          0          0          0          0         80   sys_stackheap_outer.o
         2          0          0          0          0         68   use_no_semi.o
         2          0          0          0          0         68   use_no_semi_2.o
        24          0          0          0          0        164   basic.o
        98          4          0          0          0        140   d2f.o
       826         16          0          0          0        492   daddsub_clz.o
       688        140          0          0          0        256   ddiv.o
       340         12          0          0          0        152   dmul.o
       156          4          0          0          0        140   dnaninf.o
        12          0          0          0          0        116   dretinf.o
       408         56          0          0          0        168   dsqrt_umaal.o
        86          4          0          0          0        132   f2d.o
       140          4          0          0          0        132   fnaninf.o
        10          0          0          0          0        116   fpinit.o
        10          0          0          0          0        116   fretinf.o
         0          0          0          0          0          0   usenofp.o
       864         94         80          0          0        280   asin.o
       744        106        152          0          0        352   atan.o
       496         64          0          0          0        192   atan2.o
       104         16          0          0          0        496   dunder.o
        24          0          0          0          0        124   fabs.o
        48          0          0          0          0        124   fpclassify.o
       248          0          0          0          0        152   poly.o
         0          0          8          0          0          0   qnan.o
       110          0          0          0          0        148   sqrt.o

    ----------------------------------------------------------------------
      5750        536        240          0        100       4744   Library Totals
        18          0          0          0          4          0   (incl. Padding)

    ----------------------------------------------------------------------

      Code (inc. data)   RO Data    RW Data    ZI Data      Debug   Library Name

       296         16          0          0         96        752   c_w.l
      2798        240          0          0          0       2124   fz_wm.l
      2638        280        240          0          0       1868   m_wm.l

    ----------------------------------------------------------------------
      5750        536        240          0        100       4744   Library Totals

    ----------------------------------------------------------------------

==============================================================================


      Code (inc. data)   RO Data    RW Data    ZI Data      Debug   

     27376       1518        664        264       3352     407203   Grand Totals
     27376       1518        664        264       3352     407203   ELF Image Totals
     27376       1518        664        264          0          0   ROM Totals

==============================================================================

    Total RO  Size (Code + RO Data)                28040 (  27.38kB)
    Total RW  Size (RW Data + ZI Data)              3616 (   3.53kB)
    Total ROM Size (Code + RO Data + RW Data)      28304 (  27.64kB)

==============================================================================

